******************************************************************************
             TMS320C2000 Linker PC v15.12.3                    
******************************************************************************
>> Linked Fri Sep 08 11:42:20 2017

OUTPUT FILE NAME:   <DSP_FreeModBus.out>
ENTRY POINT SYMBOL: "_c_int00"  address: 00009c44


MEMORY CONFIGURATION

         name            origin    length      used     unused   attr    fill
----------------------  --------  ---------  --------  --------  ----  --------
PAGE 0:
  BEGIN                 00000000   00000002  00000002  00000000  RWIX
  RAMM0                 00000050   000003b0  00000000  000003b0  RWIX
  RAML0                 00008000   00001000  00000071  00000f8f  RWIX
  RAML1                 00009000   00002000  00000fa1  0000105f  RWIX
  RAML2                 0000b000   00001000  00000000  00001000  RWIX
  RAML3                 0000c000   00001000  00000000  00001000  RWIX
  ZONE7A                00200000   0000fc00  00000000  0000fc00  RWIX
  CSM_RSVD              0033ff80   00000076  00000000  00000076  RWIX
  CSM_PWL               0033fff8   00000008  00000000  00000008  RWIX
  ADC_CAL               00380080   00000009  00000007  00000002  RWIX
  IQTABLES              003fe000   00000b50  00000000  00000b50  RWIX
  IQTABLES2             003feb50   0000008c  00000000  0000008c  RWIX
  FPUTABLES             003febdc   000006a0  00000000  000006a0  RWIX
  BOOTROM               003ff27c   00000d44  00000000  00000d44  RWIX
  RESET                 003fffc0   00000002  00000000  00000002  RWIX

PAGE 1:
  BOOT_RSVD             00000002   0000004e  00000000  0000004e  RWIX
  RAMM1                 00000400   00000400  00000300  00000100  RWIX
  DEV_EMU               00000880   00000180  000000d0  000000b0  RWIX
  FLASH_REGS            00000a80   00000060  00000008  00000058  RWIX
  CSM                   00000ae0   00000010  00000010  00000000  RWIX
  ADC_MIRROR            00000b00   00000010  00000010  00000000  RWIX
  XINTF                 00000b20   00000020  0000001e  00000002  RWIX
  CPU_TIMER0            00000c00   00000008  00000008  00000000  RWIX
  CPU_TIMER1            00000c08   00000008  00000008  00000000  RWIX
  CPU_TIMER2            00000c10   00000008  00000008  00000000  RWIX
  PIE_CTRL              00000ce0   00000020  0000001a  00000006  RWIX
  PIE_VECT              00000d00   00000100  00000100  00000000  RWIX
  DMA                   00001000   00000200  000000e0  00000120  RWIX
  MCBSPA                00005000   00000040  00000025  0000001b  RWIX
  MCBSPB                00005040   00000040  00000025  0000001b  RWIX
  ECANA                 00006000   00000040  00000034  0000000c  RWIX
  ECANA_LAM             00006040   00000040  00000040  00000000  RWIX
  ECANA_MOTS            00006080   00000040  00000040  00000000  RWIX
  ECANA_MOTO            000060c0   00000040  00000040  00000000  RWIX
  ECANA_MBOX            00006100   00000100  00000100  00000000  RWIX
  ECANB                 00006200   00000040  00000034  0000000c  RWIX
  ECANB_LAM             00006240   00000040  00000040  00000000  RWIX
  ECANB_MOTS            00006280   00000040  00000040  00000000  RWIX
  ECANB_MOTO            000062c0   00000040  00000040  00000000  RWIX
  ECANB_MBOX            00006300   00000100  00000100  00000000  RWIX
  EPWM1                 00006800   00000022  00000022  00000000  RWIX
  EPWM2                 00006840   00000022  00000022  00000000  RWIX
  EPWM3                 00006880   00000022  00000022  00000000  RWIX
  EPWM4                 000068c0   00000022  00000022  00000000  RWIX
  EPWM5                 00006900   00000022  00000022  00000000  RWIX
  EPWM6                 00006940   00000022  00000022  00000000  RWIX
  ECAP1                 00006a00   00000020  00000020  00000000  RWIX
  ECAP2                 00006a20   00000020  00000020  00000000  RWIX
  ECAP3                 00006a40   00000020  00000020  00000000  RWIX
  ECAP4                 00006a60   00000020  00000020  00000000  RWIX
  ECAP5                 00006a80   00000020  00000020  00000000  RWIX
  ECAP6                 00006aa0   00000020  00000020  00000000  RWIX
  EQEP1                 00006b00   00000040  00000040  00000000  RWIX
  EQEP2                 00006b40   00000040  00000040  00000000  RWIX
  GPIOCTRL              00006f80   00000040  0000002e  00000012  RWIX
  GPIODAT               00006fc0   00000020  00000020  00000000  RWIX
  GPIOINT               00006fe0   00000020  0000000a  00000016  RWIX
  SYSTEM                00007010   00000020  00000020  00000000  RWIX
  SPIA                  00007040   00000010  00000010  00000000  RWIX
  SCIA                  00007050   00000010  00000010  00000000  RWIX
  XINTRUPT              00007070   00000010  00000010  00000000  RWIX
  ADC                   00007100   00000020  0000001e  00000002  RWIX
  SCIB                  00007750   00000010  00000010  00000000  RWIX
  SCIC                  00007770   00000010  00000010  00000000  RWIX
  I2CA                  00007900   00000040  00000022  0000001e  RWIX
  RAML4                 0000c000   00001000  00000283  00000d7d  RWIX
  RAML5                 0000d000   00001000  00000100  00000f00  RWIX
  RAML6                 0000e000   00001000  00000000  00001000  RWIX
  RAML7                 0000f000   00001000  00000000  00001000  RWIX
  ZONE7B                0020fc00   00000400  00000000  00000400  RWIX
  CSM_PWL               0033fff8   00000008  00000008  00000000  RWIX
  PARTID                00380090   00000001  00000001  00000000  RWIX


SECTION ALLOCATION MAP

 output                                  attributes/
section   page    origin      length       input sections
--------  ----  ----------  ----------   ----------------
codestart 
*          0    00000000    00000002     
                  00000000    00000002     DSP2833x_CodeStartBranch.obj (codestart)

.cinit     0    00008000    0000006d     
                  00008000    0000002f     mb.obj (.cinit)
                  0000802f    0000001c     port.obj (.cinit)
                  0000804b    0000000e     rts2800_fpu32.lib : exit.obj (.cinit)
                  00008059    00000008     portserial.obj (.cinit)
                  00008061    00000005     rts2800_fpu32.lib : _lock.obj (.cinit:__lock)
                  00008066    00000005                       : _lock.obj (.cinit:__unlock)
                  0000806b    00000002     --HOLE-- [fill = 0]

ramfuncs   0    0000806d    00000004     
                  0000806d    00000004     DSP2833x_usDelay.obj (ramfuncs)

.text      0    00009000    00000fa1     
                  00009000    00000316     DSP2833x_DefaultIsr.obj (.text:retain)
                  00009316    00000175     mb.obj (.text)
                  0000948b    00000144     mbrtu.obj (.text)
                  000095cf    0000011d     port.obj (.text)
                  000096ec    0000010e     mbfuncholding.obj (.text)
                  000097fa    000000f6     DSP2833x_SysCtrl.obj (.text)
                  000098f0    000000c7     mbfunccoils.obj (.text)
                  000099b7    000000a9     portserial.obj (.text)
                  00009a60    0000007f     main.obj (.text)
                  00009adf    0000007e     portserial.obj (.text:retain)
                  00009b5d    00000074     mbutils.obj (.text)
                  00009bd1    00000073     DSP2833x_CpuTimers.obj (.text)
                  00009c44    00000056     rts2800_fpu32.lib : boot.obj (.text)
                  00009c9a    0000004e     mbfuncdisc.obj (.text)
                  00009ce8    0000004e     porttimer.obj (.text)
                  00009d36    0000004c     DSP2833x_Sci.obj (.text)
                  00009d82    00000048     mbfuncother.obj (.text)
                  00009dca    00000046     rts2800_fpu32.lib : cpy_tbl.obj (.text)
                  00009e10    00000045     mbfuncinput.obj (.text)
                  00009e55    00000035     porttimer.obj (.text:retain)
                  00009e8a    00000029     rts2800_fpu32.lib : exit.obj (.text)
                  00009eb3    00000028     DSP2833x_PieCtrl.obj (.text)
                  00009edb    00000023     mbcrc.obj (.text)
                  00009efe    00000020     DSP2833x_PieVect.obj (.text)
                  00009f1e    0000001e     portevent.obj (.text)
                  00009f3c    0000001e     rts2800_fpu32.lib : memcpy.obj (.text)
                  00009f5a    0000001a                       : cpy_utils.obj (.text)
                  00009f74    00000019                       : args_main.obj (.text)
                  00009f8d    00000009                       : _lock.obj (.text)
                  00009f96    00000008     DSP2833x_CodeStartBranch.obj (.text)
                  00009f9e    00000002     rts2800_fpu32.lib : pre_init.obj (.text)
                  00009fa0    00000001                       : startup.obj (.text)

.pinit     0    00008000    00000000     UNINITIALIZED

.adc_cal   0    00380080    00000007     NOLOAD SECTION
                  00380080    00000007     DSP2833x_ADC_cal.obj (.adc_cal)

.stack     1    00000400    00000300     UNINITIALIZED
                  00000400    00000300     --HOLE--

DevEmuRegsFile 
*          1    00000880    000000d0     UNINITIALIZED
                  00000880    000000d0     DSP2833x_GlobalVariableDefs.obj (DevEmuRegsFile)

FlashRegsFile 
*          1    00000a80    00000008     UNINITIALIZED
                  00000a80    00000008     DSP2833x_GlobalVariableDefs.obj (FlashRegsFile)

CsmRegsFile 
*          1    00000ae0    00000010     UNINITIALIZED
                  00000ae0    00000010     DSP2833x_GlobalVariableDefs.obj (CsmRegsFile)

AdcMirrorFile 
*          1    00000b00    00000010     UNINITIALIZED
                  00000b00    00000010     DSP2833x_GlobalVariableDefs.obj (AdcMirrorFile)

XintfRegsFile 
*          1    00000b20    0000001e     UNINITIALIZED
                  00000b20    0000001e     DSP2833x_GlobalVariableDefs.obj (XintfRegsFile)

CpuTimer0RegsFile 
*          1    00000c00    00000008     UNINITIALIZED
                  00000c00    00000008     DSP2833x_GlobalVariableDefs.obj (CpuTimer0RegsFile)

CpuTimer1RegsFile 
*          1    00000c08    00000008     UNINITIALIZED
                  00000c08    00000008     DSP2833x_GlobalVariableDefs.obj (CpuTimer1RegsFile)

CpuTimer2RegsFile 
*          1    00000c10    00000008     UNINITIALIZED
                  00000c10    00000008     DSP2833x_GlobalVariableDefs.obj (CpuTimer2RegsFile)

PieCtrlRegsFile 
*          1    00000ce0    0000001a     UNINITIALIZED
                  00000ce0    0000001a     DSP2833x_GlobalVariableDefs.obj (PieCtrlRegsFile)

PieVectTableFile 
*          1    00000d00    00000100     UNINITIALIZED
                  00000d00    00000100     DSP2833x_GlobalVariableDefs.obj (PieVectTableFile)

DmaRegsFile 
*          1    00001000    000000e0     UNINITIALIZED
                  00001000    000000e0     DSP2833x_GlobalVariableDefs.obj (DmaRegsFile)

McbspaRegsFile 
*          1    00005000    00000025     UNINITIALIZED
                  00005000    00000025     DSP2833x_GlobalVariableDefs.obj (McbspaRegsFile)

McbspbRegsFile 
*          1    00005040    00000025     UNINITIALIZED
                  00005040    00000025     DSP2833x_GlobalVariableDefs.obj (McbspbRegsFile)

ECanaRegsFile 
*          1    00006000    00000034     UNINITIALIZED
                  00006000    00000034     DSP2833x_GlobalVariableDefs.obj (ECanaRegsFile)

ECanaLAMRegsFile 
*          1    00006040    00000040     UNINITIALIZED
                  00006040    00000040     DSP2833x_GlobalVariableDefs.obj (ECanaLAMRegsFile)

ECanaMOTSRegsFile 
*          1    00006080    00000040     UNINITIALIZED
                  00006080    00000040     DSP2833x_GlobalVariableDefs.obj (ECanaMOTSRegsFile)

ECanaMOTORegsFile 
*          1    000060c0    00000040     UNINITIALIZED
                  000060c0    00000040     DSP2833x_GlobalVariableDefs.obj (ECanaMOTORegsFile)

ECanaMboxesFile 
*          1    00006100    00000100     UNINITIALIZED
                  00006100    00000100     DSP2833x_GlobalVariableDefs.obj (ECanaMboxesFile)

ECanbRegsFile 
*          1    00006200    00000034     UNINITIALIZED
                  00006200    00000034     DSP2833x_GlobalVariableDefs.obj (ECanbRegsFile)

ECanbLAMRegsFile 
*          1    00006240    00000040     UNINITIALIZED
                  00006240    00000040     DSP2833x_GlobalVariableDefs.obj (ECanbLAMRegsFile)

ECanbMOTSRegsFile 
*          1    00006280    00000040     UNINITIALIZED
                  00006280    00000040     DSP2833x_GlobalVariableDefs.obj (ECanbMOTSRegsFile)

ECanbMOTORegsFile 
*          1    000062c0    00000040     UNINITIALIZED
                  000062c0    00000040     DSP2833x_GlobalVariableDefs.obj (ECanbMOTORegsFile)

ECanbMboxesFile 
*          1    00006300    00000100     UNINITIALIZED
                  00006300    00000100     DSP2833x_GlobalVariableDefs.obj (ECanbMboxesFile)

EPwm1RegsFile 
*          1    00006800    00000022     UNINITIALIZED
                  00006800    00000022     DSP2833x_GlobalVariableDefs.obj (EPwm1RegsFile)

EPwm2RegsFile 
*          1    00006840    00000022     UNINITIALIZED
                  00006840    00000022     DSP2833x_GlobalVariableDefs.obj (EPwm2RegsFile)

EPwm3RegsFile 
*          1    00006880    00000022     UNINITIALIZED
                  00006880    00000022     DSP2833x_GlobalVariableDefs.obj (EPwm3RegsFile)

EPwm4RegsFile 
*          1    000068c0    00000022     UNINITIALIZED
                  000068c0    00000022     DSP2833x_GlobalVariableDefs.obj (EPwm4RegsFile)

EPwm5RegsFile 
*          1    00006900    00000022     UNINITIALIZED
                  00006900    00000022     DSP2833x_GlobalVariableDefs.obj (EPwm5RegsFile)

EPwm6RegsFile 
*          1    00006940    00000022     UNINITIALIZED
                  00006940    00000022     DSP2833x_GlobalVariableDefs.obj (EPwm6RegsFile)

ECap1RegsFile 
*          1    00006a00    00000020     UNINITIALIZED
                  00006a00    00000020     DSP2833x_GlobalVariableDefs.obj (ECap1RegsFile)

ECap2RegsFile 
*          1    00006a20    00000020     UNINITIALIZED
                  00006a20    00000020     DSP2833x_GlobalVariableDefs.obj (ECap2RegsFile)

ECap3RegsFile 
*          1    00006a40    00000020     UNINITIALIZED
                  00006a40    00000020     DSP2833x_GlobalVariableDefs.obj (ECap3RegsFile)

ECap4RegsFile 
*          1    00006a60    00000020     UNINITIALIZED
                  00006a60    00000020     DSP2833x_GlobalVariableDefs.obj (ECap4RegsFile)

ECap5RegsFile 
*          1    00006a80    00000020     UNINITIALIZED
                  00006a80    00000020     DSP2833x_GlobalVariableDefs.obj (ECap5RegsFile)

ECap6RegsFile 
*          1    00006aa0    00000020     UNINITIALIZED
                  00006aa0    00000020     DSP2833x_GlobalVariableDefs.obj (ECap6RegsFile)

EQep1RegsFile 
*          1    00006b00    00000040     UNINITIALIZED
                  00006b00    00000040     DSP2833x_GlobalVariableDefs.obj (EQep1RegsFile)

EQep2RegsFile 
*          1    00006b40    00000040     UNINITIALIZED
                  00006b40    00000040     DSP2833x_GlobalVariableDefs.obj (EQep2RegsFile)

GpioCtrlRegsFile 
*          1    00006f80    0000002e     UNINITIALIZED
                  00006f80    0000002e     DSP2833x_GlobalVariableDefs.obj (GpioCtrlRegsFile)

GpioDataRegsFile 
*          1    00006fc0    00000020     UNINITIALIZED
                  00006fc0    00000020     DSP2833x_GlobalVariableDefs.obj (GpioDataRegsFile)

GpioIntRegsFile 
*          1    00006fe0    0000000a     UNINITIALIZED
                  00006fe0    0000000a     DSP2833x_GlobalVariableDefs.obj (GpioIntRegsFile)

SysCtrlRegsFile 
*          1    00007010    00000020     UNINITIALIZED
                  00007010    00000020     DSP2833x_GlobalVariableDefs.obj (SysCtrlRegsFile)

SpiaRegsFile 
*          1    00007040    00000010     UNINITIALIZED
                  00007040    00000010     DSP2833x_GlobalVariableDefs.obj (SpiaRegsFile)

SciaRegsFile 
*          1    00007050    00000010     UNINITIALIZED
                  00007050    00000010     DSP2833x_GlobalVariableDefs.obj (SciaRegsFile)

XIntruptRegsFile 
*          1    00007070    00000010     UNINITIALIZED
                  00007070    00000010     DSP2833x_GlobalVariableDefs.obj (XIntruptRegsFile)

AdcRegsFile 
*          1    00007100    0000001e     UNINITIALIZED
                  00007100    0000001e     DSP2833x_GlobalVariableDefs.obj (AdcRegsFile)

ScibRegsFile 
*          1    00007750    00000010     UNINITIALIZED
                  00007750    00000010     DSP2833x_GlobalVariableDefs.obj (ScibRegsFile)

ScicRegsFile 
*          1    00007770    00000010     UNINITIALIZED
                  00007770    00000010     DSP2833x_GlobalVariableDefs.obj (ScicRegsFile)

I2caRegsFile 
*          1    00007900    00000022     UNINITIALIZED
                  00007900    00000022     DSP2833x_GlobalVariableDefs.obj (I2caRegsFile)

.ebss      1    0000c000    00000283     UNINITIALIZED
                  0000c000    00000140     mbrtu.obj (.ebss)
                  0000c140    00000080     mb.obj (.ebss)
                  0000c1c0    00000068     port.obj (.ebss)
                  0000c228    00000018     DSP2833x_CpuTimers.obj (.ebss)
                  0000c240    00000021     mbfuncother.obj (.ebss)
                  0000c261    00000014     portserial.obj (.ebss)
                  0000c275    00000001     main.obj (.ebss)
                  0000c276    00000006     rts2800_fpu32.lib : exit.obj (.ebss)
                  0000c27c    00000002                       : _lock.obj (.ebss:__lock)
                  0000c27e    00000002                       : _lock.obj (.ebss:__unlock)
                  0000c280    00000002     portevent.obj (.ebss)
                  0000c282    00000001     porttimer.obj (.ebss)

.econst    1    0000d000    00000100     
                  0000d000    00000100     DSP2833x_PieVect.obj (.econst:_PieVectTableInit)

.reset     0    003fffc0    00000002     DSECT
                  003fffc0    00000002     rts2800_fpu32.lib : boot.obj (.reset)

csm_rsvd   0    0033ff80    00000000     DSECT

csmpasswds 
*          0    0033fff8    00000000     DSECT

CsmPwlFile 
*          1    0033fff8    00000008     UNINITIALIZED
                  0033fff8    00000008     DSP2833x_GlobalVariableDefs.obj (CsmPwlFile)

PartIdRegsFile 
*          1    00380090    00000001     UNINITIALIZED
                  00380090    00000001     DSP2833x_GlobalVariableDefs.obj (PartIdRegsFile)

MODULE SUMMARY

       Module                            code   ro data   rw data
       ------                            ----   -------   -------
    .\FreeModbus\modbus\
       mb.obj                            373    0         175    
    +--+---------------------------------+------+---------+---------+
       Total:                            373    0         175    
                                                                 
    .\FreeModbus\modbus\functions\
       mbfuncholding.obj                 270    0         0      
       mbfunccoils.obj                   199    0         0      
       mbutils.obj                       116    0         0      
       mbfuncother.obj                   72     0         33     
       mbfuncdisc.obj                    78     0         0      
       mbfuncinput.obj                   69     0         0      
    +--+---------------------------------+------+---------+---------+
       Total:                            804    0         33     
                                                                 
    .\FreeModbus\modbus\rtu\
       mbrtu.obj                         324    0         320    
       mbcrc.obj                         35     0         0      
    +--+---------------------------------+------+---------+---------+
       Total:                            359    0         320    
                                                                 
    .\FreeModbus\port\src\
       port.obj                          285    0         132    
       portserial.obj                    295    0         28     
       porttimer.obj                     131    0         1      
       portevent.obj                     30     0         2      
    +--+---------------------------------+------+---------+---------+
       Total:                            741    0         163    
                                                                 
    .\user\src\
       main.obj                          127    0         1      
    +--+---------------------------------+------+---------+---------+
       Total:                            127    0         1      
                                                                 
    .\user_lib\asm\
       DSP2833x_CodeStartBranch.obj      10     0         0      
       DSP2833x_ADC_cal.obj              7      0         0      
       DSP2833x_usDelay.obj              4      0         0      
    +--+---------------------------------+------+---------+---------+
       Total:                            21     0         0      
                                                                 
    .\user_lib\src\
       DSP2833x_GlobalVariableDefs.obj   0      0         2679   
       DSP2833x_DefaultIsr.obj           790    0         0      
       DSP2833x_PieVect.obj              32     0         256    
       DSP2833x_SysCtrl.obj              246    0         0      
       DSP2833x_CpuTimers.obj            115    0         24     
       DSP2833x_Sci.obj                  76     0         0      
       DSP2833x_PieCtrl.obj              40     0         0      
    +--+---------------------------------+------+---------+---------+
       Total:                            1299   0         2959   
                                                                 
    C:\ti\ccsv6\tools\compiler\c2000_15.12.3.LTS\lib\rts2800_fpu32.lib
       boot.obj                          86     0         0      
       cpy_tbl.obj                       70     0         0      
       exit.obj                          41     0         20     
       memcpy.obj                        30     0         0      
       cpy_utils.obj                     26     0         0      
       args_main.obj                     25     0         0      
       _lock.obj                         9      0         14     
       pre_init.obj                      2      0         0      
       startup.obj                       1      0         0      
    +--+---------------------------------+------+---------+---------+
       Total:                            290    0         34     
                                                                 
       Stack:                            0      0         768    
    +--+---------------------------------+------+---------+---------+
       Grand Total:                      4014   0         4453   


GLOBAL DATA SYMBOLS: SORTED BY DATA PAGE

address     data page           name
--------    ----------------    ----
00000400      10 (00000400)     __stack

00000880      22 (00000880)     _DevEmuRegs

00000a80      2a (00000a80)     _FlashRegs

00000ae0      2b (00000ac0)     _CsmRegs

00000b00      2c (00000b00)     _AdcMirror
00000b20      2c (00000b00)     _XintfRegs

00000c00      30 (00000c00)     _CpuTimer0Regs
00000c08      30 (00000c00)     _CpuTimer1Regs
00000c10      30 (00000c00)     _CpuTimer2Regs

00000ce0      33 (00000cc0)     _PieCtrlRegs

00000d00      34 (00000d00)     _PieVectTable

00001000      40 (00001000)     _DmaRegs

00005000     140 (00005000)     _McbspaRegs

00005040     141 (00005040)     _McbspbRegs

00006000     180 (00006000)     _ECanaRegs

00006040     181 (00006040)     _ECanaLAMRegs

00006080     182 (00006080)     _ECanaMOTSRegs

000060c0     183 (000060c0)     _ECanaMOTORegs

00006100     184 (00006100)     _ECanaMboxes

00006200     188 (00006200)     _ECanbRegs

00006240     189 (00006240)     _ECanbLAMRegs

00006280     18a (00006280)     _ECanbMOTSRegs

000062c0     18b (000062c0)     _ECanbMOTORegs

00006300     18c (00006300)     _ECanbMboxes

00006800     1a0 (00006800)     _EPwm1Regs

00006840     1a1 (00006840)     _EPwm2Regs

00006880     1a2 (00006880)     _EPwm3Regs

000068c0     1a3 (000068c0)     _EPwm4Regs

00006900     1a4 (00006900)     _EPwm5Regs

00006940     1a5 (00006940)     _EPwm6Regs

00006a00     1a8 (00006a00)     _ECap1Regs
00006a20     1a8 (00006a00)     _ECap2Regs

00006a40     1a9 (00006a40)     _ECap3Regs
00006a60     1a9 (00006a40)     _ECap4Regs

00006a80     1aa (00006a80)     _ECap5Regs
00006aa0     1aa (00006a80)     _ECap6Regs

00006b00     1ac (00006b00)     _EQep1Regs

00006b40     1ad (00006b40)     _EQep2Regs

00006f80     1be (00006f80)     _GpioCtrlRegs

00006fc0     1bf (00006fc0)     _GpioDataRegs
00006fe0     1bf (00006fc0)     _GpioIntRegs

00007010     1c0 (00007000)     _SysCtrlRegs

00007040     1c1 (00007040)     _SpiaRegs
00007050     1c1 (00007040)     _SciaRegs
00007070     1c1 (00007040)     _XIntruptRegs

00007100     1c4 (00007100)     _AdcRegs

00007750     1dd (00007740)     _ScibRegs
00007770     1dd (00007740)     _ScicRegs

00007900     1e4 (00007900)     _I2caRegs

0000c040     301 (0000c040)     _ucRTUBuf

0000c141     305 (0000c140)     _eMBState
0000c148     305 (0000c140)     _pxMBFrameCBReceiveFSMCur
0000c14a     305 (0000c140)     _pxMBPortCBTimerExpired
0000c156     305 (0000c140)     _pxMBFrameCBTransmitterEmpty
0000c158     305 (0000c140)     _pxMBFrameCBTransmitFSMCur
0000c15c     305 (0000c140)     _pxMBFrameCBByteReceived

0000c1c0     307 (0000c1c0)     _usRegHoldingStart
0000c1c1     307 (0000c1c0)     _usRegInputStart
0000c1c2     307 (0000c1c0)     _CoilsReg_Start
0000c1c3     307 (0000c1c0)     _Discrete_Start
0000c1c4     307 (0000c1c0)     _CoilsReg_Buf
0000c1c7     307 (0000c1c0)     _DiscreteReg_Buf
0000c1cb     307 (0000c1c0)     _usRegHoldingBuf

0000c200     308 (0000c200)     _usRegInputBuf
0000c228     308 (0000c200)     _CpuTimer1
0000c230     308 (0000c200)     _CpuTimer2
0000c238     308 (0000c200)     _CpuTimer0

0000c261     309 (0000c240)     _test_cnt
0000c262     309 (0000c240)     _tx_cnt
0000c263     309 (0000c240)     _test
0000c26b     309 (0000c240)     _tx_temp
0000c275     309 (0000c240)     _Code
0000c276     309 (0000c240)     ___TI_enable_exit_profile_output
0000c278     309 (0000c240)     ___TI_cleanup_ptr
0000c27a     309 (0000c240)     ___TI_dtors_ptr
0000c27c     309 (0000c240)     __lock
0000c27e     309 (0000c240)     __unlock

0000c282     30a (0000c280)     _temp

0000d000     340 (0000d000)     _PieVectTableInit

0033fff8    cfff (0033ffc0)     _CsmPwl

00380090    e002 (00380080)     _PartIdRegs


GLOBAL SYMBOLS: SORTED ALPHABETICALLY BY Name 

page  address   name                                    
----  -------   ----                                    
0     00009000  .text                                   
0     00009e8a  C$$EXIT                                 
0     000090e6  _ADCINT_ISR                             
0     00380080  _ADC_cal                                
1     00000b00  _AdcMirror                              
1     00007100  _AdcRegs                                
1     0000c275  _Code                                   
1     0000c1c4  _CoilsReg_Buf                           
1     0000c1c2  _CoilsReg_Start                         
0     00009c0a  _ConfigCpuTimer                         
1     0000c238  _CpuTimer0                              
1     00000c00  _CpuTimer0Regs                          
1     0000c228  _CpuTimer1                              
1     00000c08  _CpuTimer1Regs                          
1     0000c230  _CpuTimer2                              
1     00000c10  _CpuTimer2Regs                          
1     0033fff8  _CsmPwl                                 
1     00000ae0  _CsmRegs                                
0     000098bf  _CsmUnlock                              
0     00009014  _DATALOG_ISR                            
0     00009208  _DINTCH1_ISR                            
0     00009212  _DINTCH2_ISR                            
0     0000921c  _DINTCH3_ISR                            
0     00009226  _DINTCH4_ISR                            
0     00009230  _DINTCH5_ISR                            
0     0000923a  _DINTCH6_ISR                            
0     0000806d  _DSP28x_usDelay                         
1     00000880  _DevEmuRegs                             
0     0000980d  _DisableDog                             
1     0000c1c7  _DiscreteReg_Buf                        
1     0000c1c3  _Discrete_Start                         
1     00001000  _DmaRegs                                
0     00009294  _ECAN0INTA_ISR                          
0     000092a8  _ECAN0INTB_ISR                          
0     0000929e  _ECAN1INTA_ISR                          
0     000092b2  _ECAN1INTB_ISR                          
0     0000917c  _ECAP1_INT_ISR                          
0     00009186  _ECAP2_INT_ISR                          
0     00009190  _ECAP3_INT_ISR                          
0     0000919a  _ECAP4_INT_ISR                          
0     000091a4  _ECAP5_INT_ISR                          
0     000091ae  _ECAP6_INT_ISR                          
1     00006040  _ECanaLAMRegs                           
1     000060c0  _ECanaMOTORegs                          
1     00006080  _ECanaMOTSRegs                          
1     00006100  _ECanaMboxes                            
1     00006000  _ECanaRegs                              
1     00006240  _ECanbLAMRegs                           
1     000062c0  _ECanbMOTORegs                          
1     00006280  _ECanbMOTSRegs                          
1     00006300  _ECanbMboxes                            
1     00006200  _ECanbRegs                              
1     00006a00  _ECap1Regs                              
1     00006a20  _ECap2Regs                              
1     00006a40  _ECap3Regs                              
1     00006a60  _ECap4Regs                              
1     00006a80  _ECap5Regs                              
1     00006aa0  _ECap6Regs                              
0     00009028  _EMUINT_ISR                             
0     00009140  _EPWM1_INT_ISR                          
0     00009104  _EPWM1_TZINT_ISR                        
0     0000914a  _EPWM2_INT_ISR                          
0     0000910e  _EPWM2_TZINT_ISR                        
0     00009154  _EPWM3_INT_ISR                          
0     00009118  _EPWM3_TZINT_ISR                        
0     0000915e  _EPWM4_INT_ISR                          
0     00009122  _EPWM4_TZINT_ISR                        
0     00009168  _EPWM5_INT_ISR                          
0     0000912c  _EPWM5_TZINT_ISR                        
0     00009172  _EPWM6_INT_ISR                          
0     00009136  _EPWM6_TZINT_ISR                        
1     00006800  _EPwm1Regs                              
1     00006840  _EPwm2Regs                              
1     00006880  _EPwm3Regs                              
1     000068c0  _EPwm4Regs                              
1     00006900  _EPwm5Regs                              
1     00006940  _EPwm6Regs                              
0     000091b8  _EQEP1_INT_ISR                          
0     000091c2  _EQEP2_INT_ISR                          
1     00006b00  _EQep1Regs                              
1     00006b40  _EQep2Regs                              
0     00009ed2  _EnableInterrupts                       
0     000095d5  _EnterCriticalSection                   
0     000095d9  _ExitCriticalSection                    
1     00000a80  _FlashRegs                              
1     00006f80  _GpioCtrlRegs                           
1     00006fc0  _GpioDataRegs                           
1     00006fe0  _GpioIntRegs                            
0     00009244  _I2CINT1A_ISR                           
0     0000924e  _I2CINT2A_ISR                           
1     00007900  _I2caRegs                               
0     0000903c  _ILLEGAL_ISR                            
0     00009000  _INT13_ISR                              
0     0000900a  _INT14_ISR                              
0     000095dd  _INTX_DISABLE                           
0     000095e1  _INTX_ENABLE                            
0     00009bd1  _InitCpuTimers                          
0     00009866  _InitPeripheralClocks                   
0     00009eb3  _InitPieCtrl                            
0     00009efe  _InitPieVectTable                       
0     00009815  _InitPll                                
0     00009d36  _InitSci                                
0     00009d37  _InitSciGpio                            
0     00009d3e  _InitSciaGpio                           
0     00009d54  _InitScibGpio                           
0     00009d68  _InitScicGpio                           
0     000097fa  _InitSysCtrl                            
0     000092f8  _LUF_ISR                                
0     000092ee  _LVF_ISR                                
0     000091f4  _MRINTA_ISR                             
0     000091e0  _MRINTB_ISR                             
0     000091fe  _MXINTA_ISR                             
0     000091ea  _MXINTB_ISR                             
1     00005000  _McbspaRegs                             
1     00005040  _McbspbRegs                             
0     00009a9d  _Modbus_Data_Init                       
0     00009032  _NMI_ISR                                
0     00009302  _PIE_RESERVED                           
1     00380090  _PartIdRegs                             
1     00000ce0  _PieCtrlRegs                            
1     00000d00  _PieVectTable                           
1     0000d000  _PieVectTableInit                       
0     0000901e  _RTOSINT_ISR                            
0     0000926c  _SCIRXINTA_ISR                          
0     00009280  _SCIRXINTB_ISR                          
0     00009258  _SCIRXINTC_ISR                          
0     00009276  _SCITXINTA_ISR                          
0     0000928a  _SCITXINTB_ISR                          
0     00009262  _SCITXINTC_ISR                          
0     000090be  _SEQ1INT_ISR                            
0     000090c8  _SEQ2INT_ISR                            
0     000091cc  _SPIRXINTA_ISR                          
0     000091d6  _SPITXINTA_ISR                          
1     00007050  _SciaRegs                               
1     00007750  _ScibRegs                               
1     00007770  _ScicRegs                               
0     00009803  _ServiceDog                             
1     00007040  _SpiaRegs                               
1     00007010  _SysCtrlRegs                            
0     000090f0  _TINT0_ISR                              
0     000090a0  _USER10_ISR                             
0     000090aa  _USER11_ISR                             
0     000090b4  _USER12_ISR                             
0     00009046  _USER1_ISR                              
0     00009050  _USER2_ISR                              
0     0000905a  _USER3_ISR                              
0     00009064  _USER4_ISR                              
0     0000906e  _USER5_ISR                              
0     00009078  _USER6_ISR                              
0     00009082  _USER7_ISR                              
0     0000908c  _USER8_ISR                              
0     00009096  _USER9_ISR                              
0     000090fa  _WAKEINT_ISR                            
0     000090d2  _XINT1_ISR                              
0     000090dc  _XINT2_ISR                              
0     000092bc  _XINT3_ISR                              
0     000092c6  _XINT4_ISR                              
0     000092d0  _XINT5_ISR                              
0     000092da  _XINT6_ISR                              
0     000092e4  _XINT7_ISR                              
1     00007070  _XIntruptRegs                           
1     00000b20  _XintfRegs                              
1     00000700  __STACK_END                             
abs   00000300  __STACK_SIZE                            
1     0000c278  ___TI_cleanup_ptr                       
1     0000c27a  ___TI_dtors_ptr                         
1     0000c276  ___TI_enable_exit_profile_output        
abs   ffffffff  ___TI_pprof_out_hndl                    
abs   ffffffff  ___TI_prof_data_size                    
abs   ffffffff  ___TI_prof_data_start                   
0     000095cf  ___assert                               
abs   ffffffff  ___binit__                              
abs   ffffffff  ___c_args__                             
0     00008000  ___cinit__                              
0     00009fa1  ___etext__                              
abs   ffffffff  ___pinit__                              
0     00009000  ___text__                               
0     00009f74  __args_main                             
1     0000c27c  __lock                                  
0     00009f95  __nop                                   
0     00009f91  __register_lock                         
0     00009f8d  __register_unlock                       
1     00000400  __stack                                 
0     00009fa0  __system_post_cinit                     
0     00009f9e  __system_pre_init                       
1     0000c27e  __unlock                                
0     00009e8a  _abort                                  
0     00009c44  _c_int00                                
0     00009dca  _copy_in                                
0     00009e55  _cpu_timer2_isr                         
0     00009f5a  _ddcopy                                 
0     00009f5a  _dpcopy                                 
0     000093ca  _eMBClose                               
0     000093ed  _eMBDisable                             
0     000093db  _eMBEnable                              
0     000098f0  _eMBFuncReadCoils                       
0     00009c9a  _eMBFuncReadDiscreteInputs              
0     00009748  _eMBFuncReadHoldingRegister             
0     00009e10  _eMBFuncReadInputRegister               
0     0000978d  _eMBFuncReadWriteMultipleHoldingRegister
0     00009db4  _eMBFuncReportSlaveID                   
0     0000993f  _eMBFuncWriteCoil                       
0     000096ec  _eMBFuncWriteHoldingRegister            
0     00009973  _eMBFuncWriteMultipleCoils              
0     0000970e  _eMBFuncWriteMultipleHoldingRegister    
0     00009316  _eMBInit                                
0     00009403  _eMBPoll                                
0     0000948b  _eMBRTUInit                             
0     000094d6  _eMBRTUReceive                          
0     00009502  _eMBRTUSend                             
0     000094bd  _eMBRTUStart                            
0     000094cb  _eMBRTUStop                             
0     00009675  _eMBRegCoilsCB                          
0     000096be  _eMBRegDiscreteCB                       
0     0000961b  _eMBRegHoldingCB                        
0     000095e5  _eMBRegInputCB                          
0     00009360  _eMBRegisterCB                          
0     00009d82  _eMBSetSlaveID                          
1     0000c141  _eMBState                               
0     00009e8c  _exit                                   
0     00009a60  _main                                   
0     00009f3c  _memcpy                                 
0     00009f5a  _pdcopy                                 
0     00009f5a  _ppcopy                                 
0     00009bb9  _prveMBError2Exception                  
0     00009d31  _prvvTIMERExpiredISR                    
1     0000c15c  _pxMBFrameCBByteReceived                
1     0000c148  _pxMBFrameCBReceiveFSMCur               
1     0000c158  _pxMBFrameCBTransmitFSMCur              
1     0000c156  _pxMBFrameCBTransmitterEmpty            
1     0000c14a  _pxMBPortCBTimerExpired                 
0     0000930c  _rsvd_ISR                               
0     00009adf  _serial_Rx_isr                          
0     00009b1f  _serial_Tx_isr                          
1     0000c282  _temp                                   
1     0000c263  _test                                   
1     0000c261  _test_cnt                               
1     0000c262  _tx_cnt                                 
1     0000c26b  _tx_temp                                
1     0000c040  _ucRTUBuf                               
0     00009edb  _usMBCRC16                              
1     0000c1cb  _usRegHoldingBuf                        
1     0000c1c0  _usRegHoldingStart                      
1     0000c200  _usRegInputBuf                          
1     0000c1c1  _usRegInputStart                        
0     000099b7  _vMBPortSerialEnable                    
0     00009d26  _vMBPortTimersDisable                   
0     00009d15  _vMBPortTimersEnable                    
0     00009f2d  _xMBPortEventGet                        
0     00009f1e  _xMBPortEventInit                       
0     00009f23  _xMBPortEventPost                       
0     00009a57  _xMBPortSerialGetByte                   
0     000099ea  _xMBPortSerialInit                      
0     00009a4e  _xMBPortSerialPutByte                   
0     00009ce8  _xMBPortTimersInit                      
0     0000953e  _xMBRTUReceiveFSM                       
0     000095a8  _xMBRTUTimerT35Expired                  
0     0000957b  _xMBRTUTransmitFSM                      
0     00009b96  _xMBUtilGetBits                         
0     00009b5d  _xMBUtilSetBits                         
abs   ffffffff  binit                                   
0     00008000  cinit                                   
0     00000000  code_start                              
0     00009fa1  etext                                   
abs   ffffffff  pinit                                   


GLOBAL SYMBOLS: SORTED BY Symbol Address 

page  address   name                                    
----  -------   ----                                    
0     00000000  code_start                              
0     00008000  ___cinit__                              
0     00008000  cinit                                   
0     0000806d  _DSP28x_usDelay                         
0     00009000  .text                                   
0     00009000  _INT13_ISR                              
0     00009000  ___text__                               
0     0000900a  _INT14_ISR                              
0     00009014  _DATALOG_ISR                            
0     0000901e  _RTOSINT_ISR                            
0     00009028  _EMUINT_ISR                             
0     00009032  _NMI_ISR                                
0     0000903c  _ILLEGAL_ISR                            
0     00009046  _USER1_ISR                              
0     00009050  _USER2_ISR                              
0     0000905a  _USER3_ISR                              
0     00009064  _USER4_ISR                              
0     0000906e  _USER5_ISR                              
0     00009078  _USER6_ISR                              
0     00009082  _USER7_ISR                              
0     0000908c  _USER8_ISR                              
0     00009096  _USER9_ISR                              
0     000090a0  _USER10_ISR                             
0     000090aa  _USER11_ISR                             
0     000090b4  _USER12_ISR                             
0     000090be  _SEQ1INT_ISR                            
0     000090c8  _SEQ2INT_ISR                            
0     000090d2  _XINT1_ISR                              
0     000090dc  _XINT2_ISR                              
0     000090e6  _ADCINT_ISR                             
0     000090f0  _TINT0_ISR                              
0     000090fa  _WAKEINT_ISR                            
0     00009104  _EPWM1_TZINT_ISR                        
0     0000910e  _EPWM2_TZINT_ISR                        
0     00009118  _EPWM3_TZINT_ISR                        
0     00009122  _EPWM4_TZINT_ISR                        
0     0000912c  _EPWM5_TZINT_ISR                        
0     00009136  _EPWM6_TZINT_ISR                        
0     00009140  _EPWM1_INT_ISR                          
0     0000914a  _EPWM2_INT_ISR                          
0     00009154  _EPWM3_INT_ISR                          
0     0000915e  _EPWM4_INT_ISR                          
0     00009168  _EPWM5_INT_ISR                          
0     00009172  _EPWM6_INT_ISR                          
0     0000917c  _ECAP1_INT_ISR                          
0     00009186  _ECAP2_INT_ISR                          
0     00009190  _ECAP3_INT_ISR                          
0     0000919a  _ECAP4_INT_ISR                          
0     000091a4  _ECAP5_INT_ISR                          
0     000091ae  _ECAP6_INT_ISR                          
0     000091b8  _EQEP1_INT_ISR                          
0     000091c2  _EQEP2_INT_ISR                          
0     000091cc  _SPIRXINTA_ISR                          
0     000091d6  _SPITXINTA_ISR                          
0     000091e0  _MRINTB_ISR                             
0     000091ea  _MXINTB_ISR                             
0     000091f4  _MRINTA_ISR                             
0     000091fe  _MXINTA_ISR                             
0     00009208  _DINTCH1_ISR                            
0     00009212  _DINTCH2_ISR                            
0     0000921c  _DINTCH3_ISR                            
0     00009226  _DINTCH4_ISR                            
0     00009230  _DINTCH5_ISR                            
0     0000923a  _DINTCH6_ISR                            
0     00009244  _I2CINT1A_ISR                           
0     0000924e  _I2CINT2A_ISR                           
0     00009258  _SCIRXINTC_ISR                          
0     00009262  _SCITXINTC_ISR                          
0     0000926c  _SCIRXINTA_ISR                          
0     00009276  _SCITXINTA_ISR                          
0     00009280  _SCIRXINTB_ISR                          
0     0000928a  _SCITXINTB_ISR                          
0     00009294  _ECAN0INTA_ISR                          
0     0000929e  _ECAN1INTA_ISR                          
0     000092a8  _ECAN0INTB_ISR                          
0     000092b2  _ECAN1INTB_ISR                          
0     000092bc  _XINT3_ISR                              
0     000092c6  _XINT4_ISR                              
0     000092d0  _XINT5_ISR                              
0     000092da  _XINT6_ISR                              
0     000092e4  _XINT7_ISR                              
0     000092ee  _LVF_ISR                                
0     000092f8  _LUF_ISR                                
0     00009302  _PIE_RESERVED                           
0     0000930c  _rsvd_ISR                               
0     00009316  _eMBInit                                
0     00009360  _eMBRegisterCB                          
0     000093ca  _eMBClose                               
0     000093db  _eMBEnable                              
0     000093ed  _eMBDisable                             
0     00009403  _eMBPoll                                
0     0000948b  _eMBRTUInit                             
0     000094bd  _eMBRTUStart                            
0     000094cb  _eMBRTUStop                             
0     000094d6  _eMBRTUReceive                          
0     00009502  _eMBRTUSend                             
0     0000953e  _xMBRTUReceiveFSM                       
0     0000957b  _xMBRTUTransmitFSM                      
0     000095a8  _xMBRTUTimerT35Expired                  
0     000095cf  ___assert                               
0     000095d5  _EnterCriticalSection                   
0     000095d9  _ExitCriticalSection                    
0     000095dd  _INTX_DISABLE                           
0     000095e1  _INTX_ENABLE                            
0     000095e5  _eMBRegInputCB                          
0     0000961b  _eMBRegHoldingCB                        
0     00009675  _eMBRegCoilsCB                          
0     000096be  _eMBRegDiscreteCB                       
0     000096ec  _eMBFuncWriteHoldingRegister            
0     0000970e  _eMBFuncWriteMultipleHoldingRegister    
0     00009748  _eMBFuncReadHoldingRegister             
0     0000978d  _eMBFuncReadWriteMultipleHoldingRegister
0     000097fa  _InitSysCtrl                            
0     00009803  _ServiceDog                             
0     0000980d  _DisableDog                             
0     00009815  _InitPll                                
0     00009866  _InitPeripheralClocks                   
0     000098bf  _CsmUnlock                              
0     000098f0  _eMBFuncReadCoils                       
0     0000993f  _eMBFuncWriteCoil                       
0     00009973  _eMBFuncWriteMultipleCoils              
0     000099b7  _vMBPortSerialEnable                    
0     000099ea  _xMBPortSerialInit                      
0     00009a4e  _xMBPortSerialPutByte                   
0     00009a57  _xMBPortSerialGetByte                   
0     00009a60  _main                                   
0     00009a9d  _Modbus_Data_Init                       
0     00009adf  _serial_Rx_isr                          
0     00009b1f  _serial_Tx_isr                          
0     00009b5d  _xMBUtilSetBits                         
0     00009b96  _xMBUtilGetBits                         
0     00009bb9  _prveMBError2Exception                  
0     00009bd1  _InitCpuTimers                          
0     00009c0a  _ConfigCpuTimer                         
0     00009c44  _c_int00                                
0     00009c9a  _eMBFuncReadDiscreteInputs              
0     00009ce8  _xMBPortTimersInit                      
0     00009d15  _vMBPortTimersEnable                    
0     00009d26  _vMBPortTimersDisable                   
0     00009d31  _prvvTIMERExpiredISR                    
0     00009d36  _InitSci                                
0     00009d37  _InitSciGpio                            
0     00009d3e  _InitSciaGpio                           
0     00009d54  _InitScibGpio                           
0     00009d68  _InitScicGpio                           
0     00009d82  _eMBSetSlaveID                          
0     00009db4  _eMBFuncReportSlaveID                   
0     00009dca  _copy_in                                
0     00009e10  _eMBFuncReadInputRegister               
0     00009e55  _cpu_timer2_isr                         
0     00009e8a  C$$EXIT                                 
0     00009e8a  _abort                                  
0     00009e8c  _exit                                   
0     00009eb3  _InitPieCtrl                            
0     00009ed2  _EnableInterrupts                       
0     00009edb  _usMBCRC16                              
0     00009efe  _InitPieVectTable                       
0     00009f1e  _xMBPortEventInit                       
0     00009f23  _xMBPortEventPost                       
0     00009f2d  _xMBPortEventGet                        
0     00009f3c  _memcpy                                 
0     00009f5a  _ddcopy                                 
0     00009f5a  _dpcopy                                 
0     00009f5a  _pdcopy                                 
0     00009f5a  _ppcopy                                 
0     00009f74  __args_main                             
0     00009f8d  __register_unlock                       
0     00009f91  __register_lock                         
0     00009f95  __nop                                   
0     00009f9e  __system_pre_init                       
0     00009fa0  __system_post_cinit                     
0     00009fa1  ___etext__                              
0     00009fa1  etext                                   
0     00380080  _ADC_cal                                
1     00000400  __stack                                 
1     00000700  __STACK_END                             
1     00000880  _DevEmuRegs                             
1     00000a80  _FlashRegs                              
1     00000ae0  _CsmRegs                                
1     00000b00  _AdcMirror                              
1     00000b20  _XintfRegs                              
1     00000c00  _CpuTimer0Regs                          
1     00000c08  _CpuTimer1Regs                          
1     00000c10  _CpuTimer2Regs                          
1     00000ce0  _PieCtrlRegs                            
1     00000d00  _PieVectTable                           
1     00001000  _DmaRegs                                
1     00005000  _McbspaRegs                             
1     00005040  _McbspbRegs                             
1     00006000  _ECanaRegs                              
1     00006040  _ECanaLAMRegs                           
1     00006080  _ECanaMOTSRegs                          
1     000060c0  _ECanaMOTORegs                          
1     00006100  _ECanaMboxes                            
1     00006200  _ECanbRegs                              
1     00006240  _ECanbLAMRegs                           
1     00006280  _ECanbMOTSRegs                          
1     000062c0  _ECanbMOTORegs                          
1     00006300  _ECanbMboxes                            
1     00006800  _EPwm1Regs                              
1     00006840  _EPwm2Regs                              
1     00006880  _EPwm3Regs                              
1     000068c0  _EPwm4Regs                              
1     00006900  _EPwm5Regs                              
1     00006940  _EPwm6Regs                              
1     00006a00  _ECap1Regs                              
1     00006a20  _ECap2Regs                              
1     00006a40  _ECap3Regs                              
1     00006a60  _ECap4Regs                              
1     00006a80  _ECap5Regs                              
1     00006aa0  _ECap6Regs                              
1     00006b00  _EQep1Regs                              
1     00006b40  _EQep2Regs                              
1     00006f80  _GpioCtrlRegs                           
1     00006fc0  _GpioDataRegs                           
1     00006fe0  _GpioIntRegs                            
1     00007010  _SysCtrlRegs                            
1     00007040  _SpiaRegs                               
1     00007050  _SciaRegs                               
1     00007070  _XIntruptRegs                           
1     00007100  _AdcRegs                                
1     00007750  _ScibRegs                               
1     00007770  _ScicRegs                               
1     00007900  _I2caRegs                               
1     0000c040  _ucRTUBuf                               
1     0000c141  _eMBState                               
1     0000c148  _pxMBFrameCBReceiveFSMCur               
1     0000c14a  _pxMBPortCBTimerExpired                 
1     0000c156  _pxMBFrameCBTransmitterEmpty            
1     0000c158  _pxMBFrameCBTransmitFSMCur              
1     0000c15c  _pxMBFrameCBByteReceived                
1     0000c1c0  _usRegHoldingStart                      
1     0000c1c1  _usRegInputStart                        
1     0000c1c2  _CoilsReg_Start                         
1     0000c1c3  _Discrete_Start                         
1     0000c1c4  _CoilsReg_Buf                           
1     0000c1c7  _DiscreteReg_Buf                        
1     0000c1cb  _usRegHoldingBuf                        
1     0000c200  _usRegInputBuf                          
1     0000c228  _CpuTimer1                              
1     0000c230  _CpuTimer2                              
1     0000c238  _CpuTimer0                              
1     0000c261  _test_cnt                               
1     0000c262  _tx_cnt                                 
1     0000c263  _test                                   
1     0000c26b  _tx_temp                                
1     0000c275  _Code                                   
1     0000c276  ___TI_enable_exit_profile_output        
1     0000c278  ___TI_cleanup_ptr                       
1     0000c27a  ___TI_dtors_ptr                         
1     0000c27c  __lock                                  
1     0000c27e  __unlock                                
1     0000c282  _temp                                   
1     0000d000  _PieVectTableInit                       
1     0033fff8  _CsmPwl                                 
1     00380090  _PartIdRegs                             
abs   00000300  __STACK_SIZE                            
abs   ffffffff  ___TI_pprof_out_hndl                    
abs   ffffffff  ___TI_prof_data_size                    
abs   ffffffff  ___TI_prof_data_start                   
abs   ffffffff  ___binit__                              
abs   ffffffff  ___c_args__                             
abs   ffffffff  ___pinit__                              
abs   ffffffff  binit                                   
abs   ffffffff  pinit                                   

[265 symbols]
