******************************************************************************
             TMS320C2000 Linker PC v18.1.2                     
******************************************************************************
>> Linked Thu Aug 30 13:46:47 2018

OUTPUT FILE NAME:   <FreeModBus_Master_Slaver.out>
ENTRY POINT SYMBOL: "_c_int00"  address: 0000a62c


MEMORY CONFIGURATION

         name            origin    length      used     unused   attr    fill
----------------------  --------  ---------  --------  --------  ----  --------
PAGE 0:
  BEGIN                 00000000   00000002  00000002  00000000  RWIX
  RAMM0                 00000050   000003b0  00000000  000003b0  RWIX
  RAML0                 00008000   00001000  000000c0  00000f40  RWIX
  RAML1                 00009000   00002000  00001a13  000005ed  RWIX
  RAML2                 0000b000   00001000  00000000  00001000  RWIX
  RAML3                 0000c000   00001000  00000000  00001000  RWIX
  ZONE7A                00200000   0000fc00  00000000  0000fc00  RWIX
  CSM_RSVD              0033ff80   00000076  00000000  00000076  RWIX
  CSM_PWL               0033fff8   00000008  00000000  00000008  RWIX
  ADC_CAL               00380080   00000009  00000007  00000002  RWIX
  IQTABLES              003fe000   00000b50  00000000  00000b50  RWIX
  IQTABLES2             003feb50   0000008c  00000000  0000008c  RWIX
  FPUTABLES             003febdc   000006a0  00000000  000006a0  RWIX
  BOOTROM               003ff27c   00000d44  00000000  00000d44  RWIX
  RESET                 003fffc0   00000002  00000000  00000002  RWIX

PAGE 1:
  BOOT_RSVD             00000002   0000004e  00000000  0000004e  RWIX
  RAMM1                 00000400   00000400  00000300  00000100  RWIX
  DEV_EMU               00000880   00000180  000000d0  000000b0  RWIX
  FLASH_REGS            00000a80   00000060  00000008  00000058  RWIX
  CSM                   00000ae0   00000010  00000010  00000000  RWIX
  ADC_MIRROR            00000b00   00000010  00000010  00000000  RWIX
  XINTF                 00000b20   00000020  0000001e  00000002  RWIX
  CPU_TIMER0            00000c00   00000008  00000008  00000000  RWIX
  CPU_TIMER1            00000c08   00000008  00000008  00000000  RWIX
  CPU_TIMER2            00000c10   00000008  00000008  00000000  RWIX
  PIE_CTRL              00000ce0   00000020  0000001a  00000006  RWIX
  PIE_VECT              00000d00   00000100  00000100  00000000  RWIX
  DMA                   00001000   00000200  000000e0  00000120  RWIX
  MCBSPA                00005000   00000040  00000025  0000001b  RWIX
  MCBSPB                00005040   00000040  00000025  0000001b  RWIX
  ECANA                 00006000   00000040  00000034  0000000c  RWIX
  ECANA_LAM             00006040   00000040  00000040  00000000  RWIX
  ECANA_MOTS            00006080   00000040  00000040  00000000  RWIX
  ECANA_MOTO            000060c0   00000040  00000040  00000000  RWIX
  ECANA_MBOX            00006100   00000100  00000100  00000000  RWIX
  ECANB                 00006200   00000040  00000034  0000000c  RWIX
  ECANB_LAM             00006240   00000040  00000040  00000000  RWIX
  ECANB_MOTS            00006280   00000040  00000040  00000000  RWIX
  ECANB_MOTO            000062c0   00000040  00000040  00000000  RWIX
  ECANB_MBOX            00006300   00000100  00000100  00000000  RWIX
  EPWM1                 00006800   00000022  00000022  00000000  RWIX
  EPWM2                 00006840   00000022  00000022  00000000  RWIX
  EPWM3                 00006880   00000022  00000022  00000000  RWIX
  EPWM4                 000068c0   00000022  00000022  00000000  RWIX
  EPWM5                 00006900   00000022  00000022  00000000  RWIX
  EPWM6                 00006940   00000022  00000022  00000000  RWIX
  ECAP1                 00006a00   00000020  00000020  00000000  RWIX
  ECAP2                 00006a20   00000020  00000020  00000000  RWIX
  ECAP3                 00006a40   00000020  00000020  00000000  RWIX
  ECAP4                 00006a60   00000020  00000020  00000000  RWIX
  ECAP5                 00006a80   00000020  00000020  00000000  RWIX
  ECAP6                 00006aa0   00000020  00000020  00000000  RWIX
  EQEP1                 00006b00   00000040  00000040  00000000  RWIX
  EQEP2                 00006b40   00000040  00000040  00000000  RWIX
  GPIOCTRL              00006f80   00000040  0000002e  00000012  RWIX
  GPIODAT               00006fc0   00000020  00000020  00000000  RWIX
  GPIOINT               00006fe0   00000020  0000000a  00000016  RWIX
  SYSTEM                00007010   00000020  00000020  00000000  RWIX
  SPIA                  00007040   00000010  00000010  00000000  RWIX
  SCIA                  00007050   00000010  00000010  00000000  RWIX
  XINTRUPT              00007070   00000010  00000010  00000000  RWIX
  ADC                   00007100   00000020  0000001e  00000002  RWIX
  SCIB                  00007750   00000010  00000010  00000000  RWIX
  SCIC                  00007770   00000010  00000010  00000000  RWIX
  I2CA                  00007900   00000040  00000022  0000001e  RWIX
  RAML4                 0000c000   00001000  0000099e  00000662  RWIX
  RAML5                 0000d000   00001000  00000300  00000d00  RWIX
  RAML6                 0000e000   00001000  00000000  00001000  RWIX
  RAML7                 0000f000   00001000  00000000  00001000  RWIX
  ZONE7B                0020fc00   00000400  00000000  00000400  RWIX
  CSM_PWL               0033fff8   00000008  00000008  00000000  RWIX
  PARTID                00380090   00000001  00000001  00000000  RWIX


SECTION ALLOCATION MAP

 output                                  attributes/
section   page    origin      length       input sections
--------  ----  ----------  ----------   ----------------
codestart 
*          0    00000000    00000002     
                  00000000    00000002     DSP2833x_CodeStartBranch.obj (codestart)

.cinit     0    00008000    000000bc     
                  00008000    00000034     port.obj (.cinit)
                  00008034    00000033     mb_m.obj (.cinit)
                  00008067    0000002f     mb.obj (.cinit)
                  00008096    0000000e     rts2800_fpu32.lib : exit.c.obj (.cinit)
                  000080a4    00000008     portserial.obj (.cinit)
                  000080ac    00000005     rts2800_fpu32.lib : _lock.c.obj (.cinit:__lock)
                  000080b1    00000005                       : _lock.c.obj (.cinit:__unlock)
                  000080b6    00000004     mbrtu_m.obj (.cinit)
                  000080ba    00000002     --HOLE-- [fill = 0]

ramfuncs   0    000080bc    00000004     
                  000080bc    00000004     DSP2833x_usDelay.obj (ramfuncs)

.text      0    00009000    00001a13     
                  00009000    00000316     DSP2833x_DefaultIsr.obj (.text:retain)
                  00009316    000002de     port.obj (.text)
                  000095f4    0000021f     mbfuncholding_m.obj (.text)
                  00009813    000001b1     mbrtu_m.obj (.text)
                  000099c4    00000196     mbfunccoils_m.obj (.text)
                  00009b5a    00000175     mb.obj (.text)
                  00009ccf    00000153     mb_m.obj (.text)
                  00009e22    00000144     mbrtu.obj (.text)
                  00009f66    0000010e     mbfuncholding.obj (.text)
                  0000a074    000000f6     DSP2833x_SysCtrl.obj (.text)
                  0000a16a    000000c8     mbfunccoils.obj (.text)
                  0000a232    000000a9     portserial.obj (.text)
                  0000a2db    0000007e     portserial.obj (.text:retain)
                  0000a359    0000007e     portserial_m.obj (.text:retain)
                  0000a3d7    0000007d     main.obj (.text)
                  0000a454    0000007c     mbfuncdisc_m.obj (.text)
                  0000a4d0    00000075     mbfuncinput_m.obj (.text)
                  0000a545    00000074     mbutils.obj (.text)
                  0000a5b9    00000073     DSP2833x_CpuTimers.obj (.text)
                  0000a62c    00000056     rts2800_fpu32.lib : boot28.asm.obj (.text)
                  0000a682    00000052     DSP2833x_Sci.obj (.text)
                  0000a6d4    0000004f     mbfuncdisc.obj (.text)
                  0000a723    0000004e     porttimer.obj (.text)
                  0000a771    0000004c     portserial_m.obj (.text)
                  0000a7bd    0000004a     porttimer_m.obj (.text)
                  0000a807    00000048     mbfuncother.obj (.text)
                  0000a84f    00000045     mbfuncinput.obj (.text)
                  0000a894    00000036     porttimer.obj (.text:retain)
                  0000a8ca    00000029     rts2800_fpu32.lib : exit.c.obj (.text)
                  0000a8f3    00000028     DSP2833x_PieCtrl.obj (.text)
                  0000a91b    00000026     mbcrc.obj (.text)
                  0000a941    00000024     portevent_m.obj (.text)
                  0000a965    00000024     rts2800_fpu32.lib : cpy_tbl.c.obj (.text)
                  0000a989    00000020     DSP2833x_PieVect.obj (.text)
                  0000a9a9    0000001f     portevent.obj (.text)
                  0000a9c8    0000001e     rts2800_fpu32.lib : memcpy.c.obj (.text)
                  0000a9e6    00000019                       : args_main.c.obj (.text)
                  0000a9ff    00000009                       : _lock.c.obj (.text)
                  0000aa08    00000008     DSP2833x_CodeStartBranch.obj (.text)
                  0000aa10    00000002     rts2800_fpu32.lib : pre_init.c.obj (.text)
                  0000aa12    00000001                       : startup.c.obj (.text)

.pinit     0    00008000    00000000     UNINITIALIZED

.stack     1    00000400    00000300     UNINITIALIZED
                  00000400    00000300     --HOLE--

DevEmuRegsFile 
*          1    00000880    000000d0     UNINITIALIZED
                  00000880    000000d0     DSP2833x_GlobalVariableDefs.obj (DevEmuRegsFile)

FlashRegsFile 
*          1    00000a80    00000008     UNINITIALIZED
                  00000a80    00000008     DSP2833x_GlobalVariableDefs.obj (FlashRegsFile)

CsmRegsFile 
*          1    00000ae0    00000010     UNINITIALIZED
                  00000ae0    00000010     DSP2833x_GlobalVariableDefs.obj (CsmRegsFile)

AdcMirrorFile 
*          1    00000b00    00000010     UNINITIALIZED
                  00000b00    00000010     DSP2833x_GlobalVariableDefs.obj (AdcMirrorFile)

XintfRegsFile 
*          1    00000b20    0000001e     UNINITIALIZED
                  00000b20    0000001e     DSP2833x_GlobalVariableDefs.obj (XintfRegsFile)

CpuTimer0RegsFile 
*          1    00000c00    00000008     UNINITIALIZED
                  00000c00    00000008     DSP2833x_GlobalVariableDefs.obj (CpuTimer0RegsFile)

CpuTimer1RegsFile 
*          1    00000c08    00000008     UNINITIALIZED
                  00000c08    00000008     DSP2833x_GlobalVariableDefs.obj (CpuTimer1RegsFile)

CpuTimer2RegsFile 
*          1    00000c10    00000008     UNINITIALIZED
                  00000c10    00000008     DSP2833x_GlobalVariableDefs.obj (CpuTimer2RegsFile)

PieCtrlRegsFile 
*          1    00000ce0    0000001a     UNINITIALIZED
                  00000ce0    0000001a     DSP2833x_GlobalVariableDefs.obj (PieCtrlRegsFile)

ECanaMOTSRegsFile 
*          1    00006080    00000040     UNINITIALIZED
                  00006080    00000040     DSP2833x_GlobalVariableDefs.obj (ECanaMOTSRegsFile)

ECanaMOTORegsFile 
*          1    000060c0    00000040     UNINITIALIZED
                  000060c0    00000040     DSP2833x_GlobalVariableDefs.obj (ECanaMOTORegsFile)

ECanbMOTSRegsFile 
*          1    00006280    00000040     UNINITIALIZED
                  00006280    00000040     DSP2833x_GlobalVariableDefs.obj (ECanbMOTSRegsFile)

ECanbMOTORegsFile 
*          1    000062c0    00000040     UNINITIALIZED
                  000062c0    00000040     DSP2833x_GlobalVariableDefs.obj (ECanbMOTORegsFile)

.ebss      1    0000c000    0000099e     UNINITIALIZED
                  0000c000    000004c0     port.obj (.ebss)
                  0000c4c0    00000240     mbrtu_m.obj (.ebss)
                  0000c700    00000140     mbrtu.obj (.ebss)
                  0000c840    00000080     mb.obj (.ebss)
                  0000c8c0    00000080     mb_m.obj (.ebss)
                  0000c940    00000021     mbfuncother.obj (.ebss)
                  0000c961    00000001     main.obj (.ebss)
                  0000c962    00000018     DSP2833x_CpuTimers.obj (.ebss)
                  0000c97a    00000006     rts2800_fpu32.lib : exit.c.obj (.ebss)
                  0000c980    00000014     portserial.obj (.ebss)
                  0000c994    00000002     rts2800_fpu32.lib : _lock.c.obj (.ebss:__lock)
                  0000c996    00000002                       : _lock.c.obj (.ebss:__unlock)
                  0000c998    00000002     portevent.obj (.ebss)
                  0000c99a    00000002     portevent_m.obj (.ebss)
                  0000c99c    00000001     porttimer.obj (.ebss)
                  0000c99d    00000001     porttimer_m.obj (.ebss)

.econst    1    0000d000    00000300     
                  0000d000    00000100     mbcrc.obj (.econst:.string:_aucCRCHi)
                  0000d100    00000100     mbcrc.obj (.econst:.string:_aucCRCLo)
                  0000d200    00000100     DSP2833x_PieVect.obj (.econst:_PieVectTableInit)

.reset     0    003fffc0    00000002     DSECT
                  003fffc0    00000002     rts2800_fpu32.lib : boot28.asm.obj (.reset)

csm_rsvd   0    0033ff80    00000000     DSECT

csmpasswds 
*          0    0033fff8    00000000     DSECT

.adc_cal   0    00380080    00000007     NOLOAD SECTION
                  00380080    00000007     DSP2833x_ADC_cal.obj (.adc_cal)

PieVectTableFile 
*          1    00000d00    00000100     UNINITIALIZED
                  00000d00    00000100     DSP2833x_GlobalVariableDefs.obj (PieVectTableFile)

DmaRegsFile 
*          1    00001000    000000e0     UNINITIALIZED
                  00001000    000000e0     DSP2833x_GlobalVariableDefs.obj (DmaRegsFile)

McbspaRegsFile 
*          1    00005000    00000025     UNINITIALIZED
                  00005000    00000025     DSP2833x_GlobalVariableDefs.obj (McbspaRegsFile)

McbspbRegsFile 
*          1    00005040    00000025     UNINITIALIZED
                  00005040    00000025     DSP2833x_GlobalVariableDefs.obj (McbspbRegsFile)

ECanaRegsFile 
*          1    00006000    00000034     UNINITIALIZED
                  00006000    00000034     DSP2833x_GlobalVariableDefs.obj (ECanaRegsFile)

ECanaLAMRegsFile 
*          1    00006040    00000040     UNINITIALIZED
                  00006040    00000040     DSP2833x_GlobalVariableDefs.obj (ECanaLAMRegsFile)

ECanaMboxesFile 
*          1    00006100    00000100     UNINITIALIZED
                  00006100    00000100     DSP2833x_GlobalVariableDefs.obj (ECanaMboxesFile)

ECanbRegsFile 
*          1    00006200    00000034     UNINITIALIZED
                  00006200    00000034     DSP2833x_GlobalVariableDefs.obj (ECanbRegsFile)

ECanbLAMRegsFile 
*          1    00006240    00000040     UNINITIALIZED
                  00006240    00000040     DSP2833x_GlobalVariableDefs.obj (ECanbLAMRegsFile)

ECanbMboxesFile 
*          1    00006300    00000100     UNINITIALIZED
                  00006300    00000100     DSP2833x_GlobalVariableDefs.obj (ECanbMboxesFile)

EPwm1RegsFile 
*          1    00006800    00000022     UNINITIALIZED
                  00006800    00000022     DSP2833x_GlobalVariableDefs.obj (EPwm1RegsFile)

EPwm2RegsFile 
*          1    00006840    00000022     UNINITIALIZED
                  00006840    00000022     DSP2833x_GlobalVariableDefs.obj (EPwm2RegsFile)

EPwm3RegsFile 
*          1    00006880    00000022     UNINITIALIZED
                  00006880    00000022     DSP2833x_GlobalVariableDefs.obj (EPwm3RegsFile)

EPwm4RegsFile 
*          1    000068c0    00000022     UNINITIALIZED
                  000068c0    00000022     DSP2833x_GlobalVariableDefs.obj (EPwm4RegsFile)

EPwm5RegsFile 
*          1    00006900    00000022     UNINITIALIZED
                  00006900    00000022     DSP2833x_GlobalVariableDefs.obj (EPwm5RegsFile)

EPwm6RegsFile 
*          1    00006940    00000022     UNINITIALIZED
                  00006940    00000022     DSP2833x_GlobalVariableDefs.obj (EPwm6RegsFile)

ECap1RegsFile 
*          1    00006a00    00000020     UNINITIALIZED
                  00006a00    00000020     DSP2833x_GlobalVariableDefs.obj (ECap1RegsFile)

ECap2RegsFile 
*          1    00006a20    00000020     UNINITIALIZED
                  00006a20    00000020     DSP2833x_GlobalVariableDefs.obj (ECap2RegsFile)

ECap3RegsFile 
*          1    00006a40    00000020     UNINITIALIZED
                  00006a40    00000020     DSP2833x_GlobalVariableDefs.obj (ECap3RegsFile)

ECap4RegsFile 
*          1    00006a60    00000020     UNINITIALIZED
                  00006a60    00000020     DSP2833x_GlobalVariableDefs.obj (ECap4RegsFile)

ECap5RegsFile 
*          1    00006a80    00000020     UNINITIALIZED
                  00006a80    00000020     DSP2833x_GlobalVariableDefs.obj (ECap5RegsFile)

ECap6RegsFile 
*          1    00006aa0    00000020     UNINITIALIZED
                  00006aa0    00000020     DSP2833x_GlobalVariableDefs.obj (ECap6RegsFile)

EQep1RegsFile 
*          1    00006b00    00000040     UNINITIALIZED
                  00006b00    00000040     DSP2833x_GlobalVariableDefs.obj (EQep1RegsFile)

EQep2RegsFile 
*          1    00006b40    00000040     UNINITIALIZED
                  00006b40    00000040     DSP2833x_GlobalVariableDefs.obj (EQep2RegsFile)

GpioCtrlRegsFile 
*          1    00006f80    0000002e     UNINITIALIZED
                  00006f80    0000002e     DSP2833x_GlobalVariableDefs.obj (GpioCtrlRegsFile)

GpioDataRegsFile 
*          1    00006fc0    00000020     UNINITIALIZED
                  00006fc0    00000020     DSP2833x_GlobalVariableDefs.obj (GpioDataRegsFile)

GpioIntRegsFile 
*          1    00006fe0    0000000a     UNINITIALIZED
                  00006fe0    0000000a     DSP2833x_GlobalVariableDefs.obj (GpioIntRegsFile)

SysCtrlRegsFile 
*          1    00007010    00000020     UNINITIALIZED
                  00007010    00000020     DSP2833x_GlobalVariableDefs.obj (SysCtrlRegsFile)

SpiaRegsFile 
*          1    00007040    00000010     UNINITIALIZED
                  00007040    00000010     DSP2833x_GlobalVariableDefs.obj (SpiaRegsFile)

SciaRegsFile 
*          1    00007050    00000010     UNINITIALIZED
                  00007050    00000010     DSP2833x_GlobalVariableDefs.obj (SciaRegsFile)

XIntruptRegsFile 
*          1    00007070    00000010     UNINITIALIZED
                  00007070    00000010     DSP2833x_GlobalVariableDefs.obj (XIntruptRegsFile)

AdcRegsFile 
*          1    00007100    0000001e     UNINITIALIZED
                  00007100    0000001e     DSP2833x_GlobalVariableDefs.obj (AdcRegsFile)

ScibRegsFile 
*          1    00007750    00000010     UNINITIALIZED
                  00007750    00000010     DSP2833x_GlobalVariableDefs.obj (ScibRegsFile)

ScicRegsFile 
*          1    00007770    00000010     UNINITIALIZED
                  00007770    00000010     DSP2833x_GlobalVariableDefs.obj (ScicRegsFile)

I2caRegsFile 
*          1    00007900    00000022     UNINITIALIZED
                  00007900    00000022     DSP2833x_GlobalVariableDefs.obj (I2caRegsFile)

CsmPwlFile 
*          1    0033fff8    00000008     UNINITIALIZED
                  0033fff8    00000008     DSP2833x_GlobalVariableDefs.obj (CsmPwlFile)

PartIdRegsFile 
*          1    00380090    00000001     UNINITIALIZED
                  00380090    00000001     DSP2833x_GlobalVariableDefs.obj (PartIdRegsFile)

MODULE SUMMARY

       Module                            code   initialized data   uninitialized data
       ------                            ----   ----------------   ------------------
    .\FreeModbus\modbus\
       mb.obj                            373    47                 128               
       mb_m.obj                          339    51                 128               
    +--+---------------------------------+------+------------------+--------------------+
       Total:                            712    98                 256               
                                                                                     
    .\FreeModbus\modbus\functions\
       mbfuncholding_m.obj               543    0                  0                 
       mbfunccoils_m.obj                 406    0                  0                 
       mbfuncholding.obj                 270    0                  0                 
       mbfunccoils.obj                   200    0                  0                 
       mbfuncdisc_m.obj                  124    0                  0                 
       mbfuncinput_m.obj                 117    0                  0                 
       mbutils.obj                       116    0                  0                 
       mbfuncother.obj                   72     0                  33                
       mbfuncdisc.obj                    79     0                  0                 
       mbfuncinput.obj                   69     0                  0                 
    +--+---------------------------------+------+------------------+--------------------+
       Total:                            1996   0                  33                
                                                                                     
    .\FreeModbus\modbus\rtu\
       mbrtu_m.obj                       433    4                  576               
       mbrtu.obj                         324    0                  320               
       mbcrc.obj                         38     512                0                 
    +--+---------------------------------+------+------------------+--------------------+
       Total:                            795    516                896               
                                                                                     
    .\FreeModbus\port\src\
       port.obj                          734    52                 1216              
       portserial.obj                    295    8                  20                
       portserial_m.obj                  202    0                  0                 
       porttimer.obj                     132    0                  1                 
       porttimer_m.obj                   74     0                  1                 
       portevent_m.obj                   36     0                  2                 
       portevent.obj                     31     0                  2                 
    +--+---------------------------------+------+------------------+--------------------+
       Total:                            1504   60                 1242              
                                                                                     
    .\user\src\
       main.obj                          125    0                  1                 
    +--+---------------------------------+------+------------------+--------------------+
       Total:                            125    0                  1                 
                                                                                     
    .\user_lib\asm\
       DSP2833x_CodeStartBranch.obj      10     0                  0                 
       DSP2833x_ADC_cal.obj              7      0                  0                 
       DSP2833x_usDelay.obj              4      0                  0                 
    +--+---------------------------------+------+------------------+--------------------+
       Total:                            21     0                  0                 
                                                                                     
    .\user_lib\src\
       DSP2833x_GlobalVariableDefs.obj   0      0                  2679              
       DSP2833x_DefaultIsr.obj           790    0                  0                 
       DSP2833x_PieVect.obj              32     256                0                 
       DSP2833x_SysCtrl.obj              246    0                  0                 
       DSP2833x_CpuTimers.obj            115    0                  24                
       DSP2833x_Sci.obj                  82     0                  0                 
       DSP2833x_PieCtrl.obj              40     0                  0                 
    +--+---------------------------------+------+------------------+--------------------+
       Total:                            1305   256                2703              
                                                                                     
    D:\ti\ccsv8\tools\compiler\ti-cgt-c2000_18.1.2.LTS\lib\rts2800_fpu32.lib
       boot28.asm.obj                    86     0                  0                 
       exit.c.obj                        41     14                 6                 
       cpy_tbl.c.obj                     36     0                  0                 
       memcpy.c.obj                      30     0                  0                 
       args_main.c.obj                   25     0                  0                 
       _lock.c.obj                       9      10                 4                 
       pre_init.c.obj                    2      0                  0                 
       startup.c.obj                     1      0                  0                 
    +--+---------------------------------+------+------------------+--------------------+
       Total:                            230    24                 10                
                                                                                     
       Stack:                            0      0                  768               
    +--+---------------------------------+------+------------------+--------------------+
       Grand Total:                      6688   954                5909              


GLOBAL DATA SYMBOLS: SORTED BY DATA PAGE

address     data page           name
--------    ----------------    ----
00000400      10 (00000400)     __stack

00000880      22 (00000880)     _DevEmuRegs

00000a80      2a (00000a80)     _FlashRegs

00000ae0      2b (00000ac0)     _CsmRegs

00000b00      2c (00000b00)     _AdcMirror
00000b20      2c (00000b00)     _XintfRegs

00000c00      30 (00000c00)     _CpuTimer0Regs
00000c08      30 (00000c00)     _CpuTimer1Regs
00000c10      30 (00000c00)     _CpuTimer2Regs

00000ce0      33 (00000cc0)     _PieCtrlRegs

00000d00      34 (00000d00)     _PieVectTable

00001000      40 (00001000)     _DmaRegs

00005000     140 (00005000)     _McbspaRegs

00005040     141 (00005040)     _McbspbRegs

00006000     180 (00006000)     _ECanaRegs

00006040     181 (00006040)     _ECanaLAMRegs

00006080     182 (00006080)     _ECanaMOTSRegs

000060c0     183 (000060c0)     _ECanaMOTORegs

00006100     184 (00006100)     _ECanaMboxes

00006200     188 (00006200)     _ECanbRegs

00006240     189 (00006240)     _ECanbLAMRegs

00006280     18a (00006280)     _ECanbMOTSRegs

000062c0     18b (000062c0)     _ECanbMOTORegs

00006300     18c (00006300)     _ECanbMboxes

00006800     1a0 (00006800)     _EPwm1Regs

00006840     1a1 (00006840)     _EPwm2Regs

00006880     1a2 (00006880)     _EPwm3Regs

000068c0     1a3 (000068c0)     _EPwm4Regs

00006900     1a4 (00006900)     _EPwm5Regs

00006940     1a5 (00006940)     _EPwm6Regs

00006a00     1a8 (00006a00)     _ECap1Regs
00006a20     1a8 (00006a00)     _ECap2Regs

00006a40     1a9 (00006a40)     _ECap3Regs
00006a60     1a9 (00006a40)     _ECap4Regs

00006a80     1aa (00006a80)     _ECap5Regs
00006aa0     1aa (00006a80)     _ECap6Regs

00006b00     1ac (00006b00)     _EQep1Regs

00006b40     1ad (00006b40)     _EQep2Regs

00006f80     1be (00006f80)     _GpioCtrlRegs

00006fc0     1bf (00006fc0)     _GpioDataRegs
00006fe0     1bf (00006fc0)     _GpioIntRegs

00007010     1c0 (00007000)     _SysCtrlRegs

00007040     1c1 (00007040)     _SpiaRegs
00007050     1c1 (00007040)     _SciaRegs
00007070     1c1 (00007040)     _XIntruptRegs

00007100     1c4 (00007100)     _AdcRegs

00007750     1dd (00007740)     _ScibRegs
00007770     1dd (00007740)     _ScicRegs

00007900     1e4 (00007900)     _I2caRegs

0000c000     300 (0000c000)     _M_Discrete_Start
0000c001     300 (0000c000)     _m_usRegInputStart
0000c002     300 (0000c000)     _m_usRegHoldingStart
0000c003     300 (0000c000)     _M_CoilsReg_Start
0000c004     300 (0000c000)     _usRegHoldingStart
0000c005     300 (0000c000)     _Discrete_Start
0000c006     300 (0000c000)     _CoilsReg_Start
0000c007     300 (0000c000)     _usRegInputStart
0000c008     300 (0000c000)     _CoilsReg_Buf
0000c00b     300 (0000c000)     _DiscreteReg_Buf
0000c00f     300 (0000c000)     _usRegHoldingBuf

0000c040     301 (0000c040)     _usRegInputBuf

0000c080     302 (0000c080)     _M_CoilsReg_Buf

0000c0c0     303 (0000c0c0)     _M_DiscreteReg_Buf

0000c100     304 (0000c100)     _m_usRegHoldingBuf

0000c240     309 (0000c240)     _m_usRegInputBuf

0000c740     31d (0000c740)     _ucRTUBuf

0000c846     321 (0000c840)     _eMBState
0000c84a     321 (0000c840)     _pxMBPortCBTimerExpired
0000c84c     321 (0000c840)     _pxMBFrameCBTransmitterEmpty
0000c84e     321 (0000c840)     _pxMBFrameCBReceiveFSMCur
0000c852     321 (0000c840)     _pxMBFrameCBTransmitFSMCur
0000c85c     321 (0000c840)     _pxMBFrameCBByteReceived

0000c8ca     323 (0000c8c0)     _pxMBMasterPortCBTimerExpired
0000c8cc     323 (0000c8c0)     _pxMBMasterFrameCBTransmitterEmpty
0000c8ce     323 (0000c8c0)     _pxMBMasterFrameCBTransmitFSMCur
0000c8d0     323 (0000c8c0)     _pxMBMasterFrameCBReceiveFSMCur
0000c8dc     323 (0000c8c0)     _pxMBMasterFrameCBByteReceived

0000c961     325 (0000c940)     _Code
0000c962     325 (0000c940)     _CpuTimer1
0000c96a     325 (0000c940)     _CpuTimer2
0000c972     325 (0000c940)     _CpuTimer0
0000c97a     325 (0000c940)     ___TI_enable_exit_profile_output
0000c97c     325 (0000c940)     ___TI_cleanup_ptr
0000c97e     325 (0000c940)     ___TI_dtors_ptr

0000c980     326 (0000c980)     _test_cnt
0000c981     326 (0000c980)     _tx_cnt
0000c982     326 (0000c980)     _test
0000c98a     326 (0000c980)     _tx_temp
0000c994     326 (0000c980)     __lock
0000c996     326 (0000c980)     __unlock
0000c99c     326 (0000c980)     _temp
0000c99d     326 (0000c980)     _temp1

0000d200     348 (0000d200)     _PieVectTableInit

0033fff8    cfff (0033ffc0)     _CsmPwl

00380090    e002 (00380080)     _PartIdRegs


GLOBAL SYMBOLS: SORTED ALPHABETICALLY BY Name 

page  address   name                                          
----  -------   ----                                          
0     00009000  .text                                         
0     0000a8ca  C$$EXIT                                       
0     000090e6  _ADCINT_ISR                                   
0     00380080  _ADC_cal                                      
1     00000b00  _AdcMirror                                    
1     00007100  _AdcRegs                                      
1     0000c961  _Code                                         
1     0000c008  _CoilsReg_Buf                                 
1     0000c006  _CoilsReg_Start                               
0     0000a5f2  _ConfigCpuTimer                               
1     0000c972  _CpuTimer0                                    
1     00000c00  _CpuTimer0Regs                                
1     0000c962  _CpuTimer1                                    
1     00000c08  _CpuTimer1Regs                                
1     0000c96a  _CpuTimer2                                    
1     00000c10  _CpuTimer2Regs                                
1     0033fff8  _CsmPwl                                       
1     00000ae0  _CsmRegs                                      
0     0000a139  _CsmUnlock                                    
0     00009014  _DATALOG_ISR                                  
0     00009208  _DINTCH1_ISR                                  
0     00009212  _DINTCH2_ISR                                  
0     0000921c  _DINTCH3_ISR                                  
0     00009226  _DINTCH4_ISR                                  
0     00009230  _DINTCH5_ISR                                  
0     0000923a  _DINTCH6_ISR                                  
0     000080bc  _DSP28x_usDelay                               
1     00000880  _DevEmuRegs                                   
0     0000a087  _DisableDog                                   
1     0000c00b  _DiscreteReg_Buf                              
1     0000c005  _Discrete_Start                               
1     00001000  _DmaRegs                                      
0     00009294  _ECAN0INTA_ISR                                
0     000092a8  _ECAN0INTB_ISR                                
0     0000929e  _ECAN1INTA_ISR                                
0     000092b2  _ECAN1INTB_ISR                                
0     0000917c  _ECAP1_INT_ISR                                
0     00009186  _ECAP2_INT_ISR                                
0     00009190  _ECAP3_INT_ISR                                
0     0000919a  _ECAP4_INT_ISR                                
0     000091a4  _ECAP5_INT_ISR                                
0     000091ae  _ECAP6_INT_ISR                                
1     00006040  _ECanaLAMRegs                                 
1     000060c0  _ECanaMOTORegs                                
1     00006080  _ECanaMOTSRegs                                
1     00006100  _ECanaMboxes                                  
1     00006000  _ECanaRegs                                    
1     00006240  _ECanbLAMRegs                                 
1     000062c0  _ECanbMOTORegs                                
1     00006280  _ECanbMOTSRegs                                
1     00006300  _ECanbMboxes                                  
1     00006200  _ECanbRegs                                    
1     00006a00  _ECap1Regs                                    
1     00006a20  _ECap2Regs                                    
1     00006a40  _ECap3Regs                                    
1     00006a60  _ECap4Regs                                    
1     00006a80  _ECap5Regs                                    
1     00006aa0  _ECap6Regs                                    
0     00009028  _EMUINT_ISR                                   
0     00009140  _EPWM1_INT_ISR                                
0     00009104  _EPWM1_TZINT_ISR                              
0     0000914a  _EPWM2_INT_ISR                                
0     0000910e  _EPWM2_TZINT_ISR                              
0     00009154  _EPWM3_INT_ISR                                
0     00009118  _EPWM3_TZINT_ISR                              
0     0000915e  _EPWM4_INT_ISR                                
0     00009122  _EPWM4_TZINT_ISR                              
0     00009168  _EPWM5_INT_ISR                                
0     0000912c  _EPWM5_TZINT_ISR                              
0     00009172  _EPWM6_INT_ISR                                
0     00009136  _EPWM6_TZINT_ISR                              
1     00006800  _EPwm1Regs                                    
1     00006840  _EPwm2Regs                                    
1     00006880  _EPwm3Regs                                    
1     000068c0  _EPwm4Regs                                    
1     00006900  _EPwm5Regs                                    
1     00006940  _EPwm6Regs                                    
0     000091b8  _EQEP1_INT_ISR                                
0     000091c2  _EQEP2_INT_ISR                                
1     00006b00  _EQep1Regs                                    
1     00006b40  _EQep2Regs                                    
0     0000a912  _EnableInterrupts                             
0     0000931c  _EnterCriticalSection                         
0     00009320  _ExitCriticalSection                          
1     00000a80  _FlashRegs                                    
1     00006f80  _GpioCtrlRegs                                 
1     00006fc0  _GpioDataRegs                                 
1     00006fe0  _GpioIntRegs                                  
0     00009244  _I2CINT1A_ISR                                 
0     0000924e  _I2CINT2A_ISR                                 
1     00007900  _I2caRegs                                     
0     0000903c  _ILLEGAL_ISR                                  
0     00009000  _INT13_ISR                                    
0     0000900a  _INT14_ISR                                    
0     00009324  _INTX_DISABLE                                 
0     00009328  _INTX_ENABLE                                  
0     0000a5b9  _InitCpuTimers                                
0     0000932c  _InitEnableModbus_Master_Slaver               
0     0000a0e0  _InitPeripheralClocks                         
0     0000a8f3  _InitPieCtrl                                  
0     0000a989  _InitPieVectTable                             
0     0000a08f  _InitPll                                      
0     0000a682  _InitSci                                      
0     0000a683  _InitSciGpio                                  
0     0000a68a  _InitSciaGpio                                 
0     0000a6a0  _InitScibGpio                                 
0     0000a6ba  _InitScicGpio                                 
0     0000a074  _InitSysCtrl                                  
0     000092f8  _LUF_ISR                                      
0     000092ee  _LVF_ISR                                      
0     000091f4  _MRINTA_ISR                                   
0     000091e0  _MRINTB_ISR                                   
0     000091fe  _MXINTA_ISR                                   
0     000091ea  _MXINTB_ISR                                   
1     0000c080  _M_CoilsReg_Buf                               
1     0000c003  _M_CoilsReg_Start                             
1     0000c0c0  _M_DiscreteReg_Buf                            
1     0000c000  _M_Discrete_Start                             
0     0000a359  _Master_serial_Rx_isr                         
0     0000a399  _Master_serial_Tx_isr                         
1     00005000  _McbspaRegs                                   
1     00005040  _McbspbRegs                                   
0     0000a412  _Modbus_Data_Init                             
0     00009032  _NMI_ISR                                      
0     00009302  _PIE_RESERVED                                 
1     00380090  _PartIdRegs                                   
1     00000ce0  _PieCtrlRegs                                  
1     00000d00  _PieVectTable                                 
1     0000d200  _PieVectTableInit                             
0     0000901e  _RTOSINT_ISR                                  
0     0000926c  _SCIRXINTA_ISR                                
0     00009280  _SCIRXINTB_ISR                                
0     00009258  _SCIRXINTC_ISR                                
0     00009276  _SCITXINTA_ISR                                
0     0000928a  _SCITXINTB_ISR                                
0     00009262  _SCITXINTC_ISR                                
0     000090be  _SEQ1INT_ISR                                  
0     000090c8  _SEQ2INT_ISR                                  
0     000091cc  _SPIRXINTA_ISR                                
0     000091d6  _SPITXINTA_ISR                                
1     00007050  _SciaRegs                                     
1     00007750  _ScibRegs                                     
1     00007770  _ScicRegs                                     
0     0000a07d  _ServiceDog                                   
1     00007040  _SpiaRegs                                     
1     00007010  _SysCtrlRegs                                  
0     000090f0  _TINT0_ISR                                    
0     000090a0  _USER10_ISR                                   
0     000090aa  _USER11_ISR                                   
0     000090b4  _USER12_ISR                                   
0     00009046  _USER1_ISR                                    
0     00009050  _USER2_ISR                                    
0     0000905a  _USER3_ISR                                    
0     00009064  _USER4_ISR                                    
0     0000906e  _USER5_ISR                                    
0     00009078  _USER6_ISR                                    
0     00009082  _USER7_ISR                                    
0     0000908c  _USER8_ISR                                    
0     00009096  _USER9_ISR                                    
0     000090fa  _WAKEINT_ISR                                  
0     000090d2  _XINT1_ISR                                    
0     000090dc  _XINT2_ISR                                    
0     000092bc  _XINT3_ISR                                    
0     000092c6  _XINT4_ISR                                    
0     000092d0  _XINT5_ISR                                    
0     000092da  _XINT6_ISR                                    
0     000092e4  _XINT7_ISR                                    
1     00007070  _XIntruptRegs                                 
1     00000b20  _XintfRegs                                    
1     00000700  __STACK_END                                   
abs   00000300  __STACK_SIZE                                  
1     0000c97c  ___TI_cleanup_ptr                             
1     0000c97e  ___TI_dtors_ptr                               
1     0000c97a  ___TI_enable_exit_profile_output              
abs   ffffffff  ___TI_pprof_out_hndl                          
abs   ffffffff  ___TI_prof_data_size                          
abs   ffffffff  ___TI_prof_data_start                         
0     00009316  ___assert                                     
abs   ffffffff  ___binit__                                    
abs   ffffffff  ___c_args__                                   
0     00008000  ___cinit__                                    
0     0000aa13  ___etext__                                    
abs   ffffffff  ___pinit__                                    
0     00009000  ___text__                                     
0     0000a9e6  __args_main                                   
1     0000c994  __lock                                        
0     0000aa07  __nop                                         
0     0000aa03  __register_lock                               
0     0000a9ff  __register_unlock                             
1     00000400  __stack                                       
0     0000aa12  __system_post_cinit                           
0     0000aa10  __system_pre_init                             
1     0000c996  __unlock                                      
0     0000a8ca  _abort                                        
0     0000a62c  _c_int00                                      
0     0000a965  _copy_in                                      
0     0000a894  _cpu_timer0_isr                               
0     00009c0e  _eMBClose                                     
0     00009c31  _eMBDisable                                   
0     00009c1f  _eMBEnable                                    
0     0000a16a  _eMBFuncReadCoils                             
0     0000a6d4  _eMBFuncReadDiscreteInputs                    
0     00009fc2  _eMBFuncReadHoldingRegister                   
0     0000a84f  _eMBFuncReadInputRegister                     
0     0000a007  _eMBFuncReadWriteMultipleHoldingRegister      
0     0000a839  _eMBFuncReportSlaveID                         
0     0000a1ba  _eMBFuncWriteCoil                             
0     00009f66  _eMBFuncWriteHoldingRegister                  
0     0000a1ee  _eMBFuncWriteMultipleCoils                    
0     00009f88  _eMBFuncWriteMultipleHoldingRegister          
0     00009b5a  _eMBInit                                      
0     00009d0b  _eMBMasterClose                               
0     00009d2e  _eMBMasterDisable                             
0     00009d1c  _eMBMasterEnable                              
0     000099f9  _eMBMasterFuncReadCoils                       
0     0000a489  _eMBMasterFuncReadDiscreteInputs              
0     00009714  _eMBMasterFuncReadHoldingRegister             
0     0000a505  _eMBMasterFuncReadInputRegister               
0     000097be  _eMBMasterFuncReadWriteMultipleHoldingRegister
0     00009a81  _eMBMasterFuncWriteCoil                       
0     00009629  _eMBMasterFuncWriteHoldingRegister            
0     00009b12  _eMBMasterFuncWriteMultipleCoils              
0     000096a3  _eMBMasterFuncWriteMultipleHoldingRegister    
0     00009e17  _eMBMasterGetErrorType                        
0     00009ccf  _eMBMasterInit                                
0     00009d44  _eMBMasterPoll                                
0     00009813  _eMBMasterRTUInit                             
0     0000985e  _eMBMasterRTUReceive                          
0     0000988a  _eMBMasterRTUSend                             
0     00009845  _eMBMasterRTUStart                            
0     00009853  _eMBMasterRTUStop                             
0     0000956b  _eMBMasterRegCoilsCB                          
0     00009518  _eMBMasterRegDiscreteCB                       
0     000094b7  _eMBMasterRegHoldingCB                        
0     0000947c  _eMBMasterRegInputCB                          
0     000099c4  _eMBMasterReqReadCoils                        
0     0000a454  _eMBMasterReqReadDiscreteInputs               
0     000096df  _eMBMasterReqReadHoldingRegister              
0     0000a4d0  _eMBMasterReqReadInputRegister                
0     00009755  _eMBMasterReqReadWriteMultipleHoldingRegister 
0     00009a41  _eMBMasterReqWriteCoil                        
0     000095f4  _eMBMasterReqWriteHoldingRegister             
0     00009ab6  _eMBMasterReqWriteMultipleCoils               
0     0000964c  _eMBMasterReqWriteMultipleHoldingRegister     
0     00009345  _eMBModbus_Master_Slaver_poll                 
0     00009c47  _eMBPoll                                      
0     00009e22  _eMBRTUInit                                   
0     00009e6d  _eMBRTUReceive                                
0     00009e99  _eMBRTUSend                                   
0     00009e54  _eMBRTUStart                                  
0     00009e62  _eMBRTUStop                                   
0     00009405  _eMBRegCoilsCB                                
0     0000944e  _eMBRegDiscreteCB                             
0     000093ab  _eMBRegHoldingCB                              
0     00009375  _eMBRegInputCB                                
0     00009ba4  _eMBRegisterCB                                
0     0000a807  _eMBSetSlaveID                                
1     0000c846  _eMBState                                     
0     0000a8cc  _exit                                         
1     0000c100  _m_usRegHoldingBuf                            
1     0000c002  _m_usRegHoldingStart                          
1     0000c240  _m_usRegInputBuf                              
1     0000c001  _m_usRegInputStart                            
0     0000a3d7  _main                                         
0     0000a9c8  _memcpy                                       
0     0000a5a1  _prveMBError2Exception                        
0     0000a7de  _prvvMasterTIMERExpiredISR                    
0     0000a76c  _prvvTIMERExpiredISR                          
1     0000c85c  _pxMBFrameCBByteReceived                      
1     0000c84e  _pxMBFrameCBReceiveFSMCur                     
1     0000c852  _pxMBFrameCBTransmitFSMCur                    
1     0000c84c  _pxMBFrameCBTransmitterEmpty                  
1     0000c8dc  _pxMBMasterFrameCBByteReceived                
1     0000c8d0  _pxMBMasterFrameCBReceiveFSMCur               
1     0000c8ce  _pxMBMasterFrameCBTransmitFSMCur              
1     0000c8cc  _pxMBMasterFrameCBTransmitterEmpty            
1     0000c8ca  _pxMBMasterPortCBTimerExpired                 
1     0000c84a  _pxMBPortCBTimerExpired                       
0     0000930c  _rsvd_ISR                                     
0     0000a2db  _serial_Rx_isr                                
0     0000a31b  _serial_Tx_isr                                
1     0000c99c  _temp                                         
1     0000c99d  _temp1                                        
1     0000c982  _test                                         
1     0000c980  _test_cnt                                     
1     0000c981  _tx_cnt                                       
1     0000c98a  _tx_temp                                      
0     00009e0c  _ucMBMasterGetDestAddress                     
1     0000c740  _ucRTUBuf                                     
0     0000a91b  _usMBCRC16                                    
0     000099b5  _usMBMasterGetPDUSndLength                    
1     0000c00f  _usRegHoldingBuf                              
1     0000c004  _usRegHoldingStart                            
1     0000c040  _usRegInputBuf                                
1     0000c007  _usRegInputStart                              
0     000099a6  _vMBMasterGetPDUSndBuf                        
0     0000999e  _vMBMasterGetRTUSndBuf                        
0     0000a778  _vMBMasterPortSerialEnable                    
0     0000a7e3  _vMBMasterPortTimersConvertDelayEnable        
0     0000a7d3  _vMBMasterPortTimersDisable                   
0     0000a7c2  _vMBMasterPortTimersEnable                    
0     0000a7f5  _vMBMasterPortTimersRespondTimeoutEnable      
0     00009e05  _vMBMasterSetCBRunInMasterMode                
0     000099b9  _vMBMasterSetCurTimerMode                     
0     00009e10  _vMBMasterSetDestAddress                      
0     00009e1b  _vMBMasterSetErrorType                        
0     000099ae  _vMBMasterSetPDUSndLength                     
0     0000a232  _vMBPortSerialEnable                          
0     0000a761  _vMBPortTimersDisable                         
0     0000a750  _vMBPortTimersEnable                          
0     00009e01  _xMBMasterGetCBRunInMasterMode                
0     0000a950  _xMBMasterPortEventGet                        
0     0000a941  _xMBMasterPortEventInit                       
0     0000a946  _xMBMasterPortEventPost                       
0     0000a7b4  _xMBMasterPortSerialGetByte                   
0     0000a771  _xMBMasterPortSerialInit                      
0     0000a7ab  _xMBMasterPortSerialPutByte                   
0     0000a7bd  _xMBMasterPortTimersInit                      
0     000098ca  _xMBMasterRTUReceiveFSM                       
0     0000994a  _xMBMasterRTUTimerExpired                     
0     0000990e  _xMBMasterRTUTransmitFSM                      
0     000099c0  _xMBMasterRequestIsBroadcast                  
0     0000a960  _xMBMasterRunResTake                          
0     0000a9b8  _xMBPortEventGet                              
0     0000a9a9  _xMBPortEventInit                             
0     0000a9ae  _xMBPortEventPost                             
0     0000a2d2  _xMBPortSerialGetByte                         
0     0000a265  _xMBPortSerialInit                            
0     0000a2c9  _xMBPortSerialPutByte                         
0     0000a723  _xMBPortTimersInit                            
0     00009ed5  _xMBRTUReceiveFSM                             
0     00009f3f  _xMBRTUTimerT35Expired                        
0     00009f12  _xMBRTUTransmitFSM                            
0     0000a57e  _xMBUtilGetBits                               
0     0000a545  _xMBUtilSetBits                               
abs   ffffffff  binit                                         
0     00008000  cinit                                         
0     00000000  code_start                                    
0     0000aa13  etext                                         
abs   ffffffff  pinit                                         


GLOBAL SYMBOLS: SORTED BY Symbol Address 

page  address   name                                          
----  -------   ----                                          
0     00000000  code_start                                    
0     00008000  ___cinit__                                    
0     00008000  cinit                                         
0     000080bc  _DSP28x_usDelay                               
0     00009000  .text                                         
0     00009000  _INT13_ISR                                    
0     00009000  ___text__                                     
0     0000900a  _INT14_ISR                                    
0     00009014  _DATALOG_ISR                                  
0     0000901e  _RTOSINT_ISR                                  
0     00009028  _EMUINT_ISR                                   
0     00009032  _NMI_ISR                                      
0     0000903c  _ILLEGAL_ISR                                  
0     00009046  _USER1_ISR                                    
0     00009050  _USER2_ISR                                    
0     0000905a  _USER3_ISR                                    
0     00009064  _USER4_ISR                                    
0     0000906e  _USER5_ISR                                    
0     00009078  _USER6_ISR                                    
0     00009082  _USER7_ISR                                    
0     0000908c  _USER8_ISR                                    
0     00009096  _USER9_ISR                                    
0     000090a0  _USER10_ISR                                   
0     000090aa  _USER11_ISR                                   
0     000090b4  _USER12_ISR                                   
0     000090be  _SEQ1INT_ISR                                  
0     000090c8  _SEQ2INT_ISR                                  
0     000090d2  _XINT1_ISR                                    
0     000090dc  _XINT2_ISR                                    
0     000090e6  _ADCINT_ISR                                   
0     000090f0  _TINT0_ISR                                    
0     000090fa  _WAKEINT_ISR                                  
0     00009104  _EPWM1_TZINT_ISR                              
0     0000910e  _EPWM2_TZINT_ISR                              
0     00009118  _EPWM3_TZINT_ISR                              
0     00009122  _EPWM4_TZINT_ISR                              
0     0000912c  _EPWM5_TZINT_ISR                              
0     00009136  _EPWM6_TZINT_ISR                              
0     00009140  _EPWM1_INT_ISR                                
0     0000914a  _EPWM2_INT_ISR                                
0     00009154  _EPWM3_INT_ISR                                
0     0000915e  _EPWM4_INT_ISR                                
0     00009168  _EPWM5_INT_ISR                                
0     00009172  _EPWM6_INT_ISR                                
0     0000917c  _ECAP1_INT_ISR                                
0     00009186  _ECAP2_INT_ISR                                
0     00009190  _ECAP3_INT_ISR                                
0     0000919a  _ECAP4_INT_ISR                                
0     000091a4  _ECAP5_INT_ISR                                
0     000091ae  _ECAP6_INT_ISR                                
0     000091b8  _EQEP1_INT_ISR                                
0     000091c2  _EQEP2_INT_ISR                                
0     000091cc  _SPIRXINTA_ISR                                
0     000091d6  _SPITXINTA_ISR                                
0     000091e0  _MRINTB_ISR                                   
0     000091ea  _MXINTB_ISR                                   
0     000091f4  _MRINTA_ISR                                   
0     000091fe  _MXINTA_ISR                                   
0     00009208  _DINTCH1_ISR                                  
0     00009212  _DINTCH2_ISR                                  
0     0000921c  _DINTCH3_ISR                                  
0     00009226  _DINTCH4_ISR                                  
0     00009230  _DINTCH5_ISR                                  
0     0000923a  _DINTCH6_ISR                                  
0     00009244  _I2CINT1A_ISR                                 
0     0000924e  _I2CINT2A_ISR                                 
0     00009258  _SCIRXINTC_ISR                                
0     00009262  _SCITXINTC_ISR                                
0     0000926c  _SCIRXINTA_ISR                                
0     00009276  _SCITXINTA_ISR                                
0     00009280  _SCIRXINTB_ISR                                
0     0000928a  _SCITXINTB_ISR                                
0     00009294  _ECAN0INTA_ISR                                
0     0000929e  _ECAN1INTA_ISR                                
0     000092a8  _ECAN0INTB_ISR                                
0     000092b2  _ECAN1INTB_ISR                                
0     000092bc  _XINT3_ISR                                    
0     000092c6  _XINT4_ISR                                    
0     000092d0  _XINT5_ISR                                    
0     000092da  _XINT6_ISR                                    
0     000092e4  _XINT7_ISR                                    
0     000092ee  _LVF_ISR                                      
0     000092f8  _LUF_ISR                                      
0     00009302  _PIE_RESERVED                                 
0     0000930c  _rsvd_ISR                                     
0     00009316  ___assert                                     
0     0000931c  _EnterCriticalSection                         
0     00009320  _ExitCriticalSection                          
0     00009324  _INTX_DISABLE                                 
0     00009328  _INTX_ENABLE                                  
0     0000932c  _InitEnableModbus_Master_Slaver               
0     00009345  _eMBModbus_Master_Slaver_poll                 
0     00009375  _eMBRegInputCB                                
0     000093ab  _eMBRegHoldingCB                              
0     00009405  _eMBRegCoilsCB                                
0     0000944e  _eMBRegDiscreteCB                             
0     0000947c  _eMBMasterRegInputCB                          
0     000094b7  _eMBMasterRegHoldingCB                        
0     00009518  _eMBMasterRegDiscreteCB                       
0     0000956b  _eMBMasterRegCoilsCB                          
0     000095f4  _eMBMasterReqWriteHoldingRegister             
0     00009629  _eMBMasterFuncWriteHoldingRegister            
0     0000964c  _eMBMasterReqWriteMultipleHoldingRegister     
0     000096a3  _eMBMasterFuncWriteMultipleHoldingRegister    
0     000096df  _eMBMasterReqReadHoldingRegister              
0     00009714  _eMBMasterFuncReadHoldingRegister             
0     00009755  _eMBMasterReqReadWriteMultipleHoldingRegister 
0     000097be  _eMBMasterFuncReadWriteMultipleHoldingRegister
0     00009813  _eMBMasterRTUInit                             
0     00009845  _eMBMasterRTUStart                            
0     00009853  _eMBMasterRTUStop                             
0     0000985e  _eMBMasterRTUReceive                          
0     0000988a  _eMBMasterRTUSend                             
0     000098ca  _xMBMasterRTUReceiveFSM                       
0     0000990e  _xMBMasterRTUTransmitFSM                      
0     0000994a  _xMBMasterRTUTimerExpired                     
0     0000999e  _vMBMasterGetRTUSndBuf                        
0     000099a6  _vMBMasterGetPDUSndBuf                        
0     000099ae  _vMBMasterSetPDUSndLength                     
0     000099b5  _usMBMasterGetPDUSndLength                    
0     000099b9  _vMBMasterSetCurTimerMode                     
0     000099c0  _xMBMasterRequestIsBroadcast                  
0     000099c4  _eMBMasterReqReadCoils                        
0     000099f9  _eMBMasterFuncReadCoils                       
0     00009a41  _eMBMasterReqWriteCoil                        
0     00009a81  _eMBMasterFuncWriteCoil                       
0     00009ab6  _eMBMasterReqWriteMultipleCoils               
0     00009b12  _eMBMasterFuncWriteMultipleCoils              
0     00009b5a  _eMBInit                                      
0     00009ba4  _eMBRegisterCB                                
0     00009c0e  _eMBClose                                     
0     00009c1f  _eMBEnable                                    
0     00009c31  _eMBDisable                                   
0     00009c47  _eMBPoll                                      
0     00009ccf  _eMBMasterInit                                
0     00009d0b  _eMBMasterClose                               
0     00009d1c  _eMBMasterEnable                              
0     00009d2e  _eMBMasterDisable                             
0     00009d44  _eMBMasterPoll                                
0     00009e01  _xMBMasterGetCBRunInMasterMode                
0     00009e05  _vMBMasterSetCBRunInMasterMode                
0     00009e0c  _ucMBMasterGetDestAddress                     
0     00009e10  _vMBMasterSetDestAddress                      
0     00009e17  _eMBMasterGetErrorType                        
0     00009e1b  _vMBMasterSetErrorType                        
0     00009e22  _eMBRTUInit                                   
0     00009e54  _eMBRTUStart                                  
0     00009e62  _eMBRTUStop                                   
0     00009e6d  _eMBRTUReceive                                
0     00009e99  _eMBRTUSend                                   
0     00009ed5  _xMBRTUReceiveFSM                             
0     00009f12  _xMBRTUTransmitFSM                            
0     00009f3f  _xMBRTUTimerT35Expired                        
0     00009f66  _eMBFuncWriteHoldingRegister                  
0     00009f88  _eMBFuncWriteMultipleHoldingRegister          
0     00009fc2  _eMBFuncReadHoldingRegister                   
0     0000a007  _eMBFuncReadWriteMultipleHoldingRegister      
0     0000a074  _InitSysCtrl                                  
0     0000a07d  _ServiceDog                                   
0     0000a087  _DisableDog                                   
0     0000a08f  _InitPll                                      
0     0000a0e0  _InitPeripheralClocks                         
0     0000a139  _CsmUnlock                                    
0     0000a16a  _eMBFuncReadCoils                             
0     0000a1ba  _eMBFuncWriteCoil                             
0     0000a1ee  _eMBFuncWriteMultipleCoils                    
0     0000a232  _vMBPortSerialEnable                          
0     0000a265  _xMBPortSerialInit                            
0     0000a2c9  _xMBPortSerialPutByte                         
0     0000a2d2  _xMBPortSerialGetByte                         
0     0000a2db  _serial_Rx_isr                                
0     0000a31b  _serial_Tx_isr                                
0     0000a359  _Master_serial_Rx_isr                         
0     0000a399  _Master_serial_Tx_isr                         
0     0000a3d7  _main                                         
0     0000a412  _Modbus_Data_Init                             
0     0000a454  _eMBMasterReqReadDiscreteInputs               
0     0000a489  _eMBMasterFuncReadDiscreteInputs              
0     0000a4d0  _eMBMasterReqReadInputRegister                
0     0000a505  _eMBMasterFuncReadInputRegister               
0     0000a545  _xMBUtilSetBits                               
0     0000a57e  _xMBUtilGetBits                               
0     0000a5a1  _prveMBError2Exception                        
0     0000a5b9  _InitCpuTimers                                
0     0000a5f2  _ConfigCpuTimer                               
0     0000a62c  _c_int00                                      
0     0000a682  _InitSci                                      
0     0000a683  _InitSciGpio                                  
0     0000a68a  _InitSciaGpio                                 
0     0000a6a0  _InitScibGpio                                 
0     0000a6ba  _InitScicGpio                                 
0     0000a6d4  _eMBFuncReadDiscreteInputs                    
0     0000a723  _xMBPortTimersInit                            
0     0000a750  _vMBPortTimersEnable                          
0     0000a761  _vMBPortTimersDisable                         
0     0000a76c  _prvvTIMERExpiredISR                          
0     0000a771  _xMBMasterPortSerialInit                      
0     0000a778  _vMBMasterPortSerialEnable                    
0     0000a7ab  _xMBMasterPortSerialPutByte                   
0     0000a7b4  _xMBMasterPortSerialGetByte                   
0     0000a7bd  _xMBMasterPortTimersInit                      
0     0000a7c2  _vMBMasterPortTimersEnable                    
0     0000a7d3  _vMBMasterPortTimersDisable                   
0     0000a7de  _prvvMasterTIMERExpiredISR                    
0     0000a7e3  _vMBMasterPortTimersConvertDelayEnable        
0     0000a7f5  _vMBMasterPortTimersRespondTimeoutEnable      
0     0000a807  _eMBSetSlaveID                                
0     0000a839  _eMBFuncReportSlaveID                         
0     0000a84f  _eMBFuncReadInputRegister                     
0     0000a894  _cpu_timer0_isr                               
0     0000a8ca  C$$EXIT                                       
0     0000a8ca  _abort                                        
0     0000a8cc  _exit                                         
0     0000a8f3  _InitPieCtrl                                  
0     0000a912  _EnableInterrupts                             
0     0000a91b  _usMBCRC16                                    
0     0000a941  _xMBMasterPortEventInit                       
0     0000a946  _xMBMasterPortEventPost                       
0     0000a950  _xMBMasterPortEventGet                        
0     0000a960  _xMBMasterRunResTake                          
0     0000a965  _copy_in                                      
0     0000a989  _InitPieVectTable                             
0     0000a9a9  _xMBPortEventInit                             
0     0000a9ae  _xMBPortEventPost                             
0     0000a9b8  _xMBPortEventGet                              
0     0000a9c8  _memcpy                                       
0     0000a9e6  __args_main                                   
0     0000a9ff  __register_unlock                             
0     0000aa03  __register_lock                               
0     0000aa07  __nop                                         
0     0000aa10  __system_pre_init                             
0     0000aa12  __system_post_cinit                           
0     0000aa13  ___etext__                                    
0     0000aa13  etext                                         
0     00380080  _ADC_cal                                      
1     00000400  __stack                                       
1     00000700  __STACK_END                                   
1     00000880  _DevEmuRegs                                   
1     00000a80  _FlashRegs                                    
1     00000ae0  _CsmRegs                                      
1     00000b00  _AdcMirror                                    
1     00000b20  _XintfRegs                                    
1     00000c00  _CpuTimer0Regs                                
1     00000c08  _CpuTimer1Regs                                
1     00000c10  _CpuTimer2Regs                                
1     00000ce0  _PieCtrlRegs                                  
1     00000d00  _PieVectTable                                 
1     00001000  _DmaRegs                                      
1     00005000  _McbspaRegs                                   
1     00005040  _McbspbRegs                                   
1     00006000  _ECanaRegs                                    
1     00006040  _ECanaLAMRegs                                 
1     00006080  _ECanaMOTSRegs                                
1     000060c0  _ECanaMOTORegs                                
1     00006100  _ECanaMboxes                                  
1     00006200  _ECanbRegs                                    
1     00006240  _ECanbLAMRegs                                 
1     00006280  _ECanbMOTSRegs                                
1     000062c0  _ECanbMOTORegs                                
1     00006300  _ECanbMboxes                                  
1     00006800  _EPwm1Regs                                    
1     00006840  _EPwm2Regs                                    
1     00006880  _EPwm3Regs                                    
1     000068c0  _EPwm4Regs                                    
1     00006900  _EPwm5Regs                                    
1     00006940  _EPwm6Regs                                    
1     00006a00  _ECap1Regs                                    
1     00006a20  _ECap2Regs                                    
1     00006a40  _ECap3Regs                                    
1     00006a60  _ECap4Regs                                    
1     00006a80  _ECap5Regs                                    
1     00006aa0  _ECap6Regs                                    
1     00006b00  _EQep1Regs                                    
1     00006b40  _EQep2Regs                                    
1     00006f80  _GpioCtrlRegs                                 
1     00006fc0  _GpioDataRegs                                 
1     00006fe0  _GpioIntRegs                                  
1     00007010  _SysCtrlRegs                                  
1     00007040  _SpiaRegs                                     
1     00007050  _SciaRegs                                     
1     00007070  _XIntruptRegs                                 
1     00007100  _AdcRegs                                      
1     00007750  _ScibRegs                                     
1     00007770  _ScicRegs                                     
1     00007900  _I2caRegs                                     
1     0000c000  _M_Discrete_Start                             
1     0000c001  _m_usRegInputStart                            
1     0000c002  _m_usRegHoldingStart                          
1     0000c003  _M_CoilsReg_Start                             
1     0000c004  _usRegHoldingStart                            
1     0000c005  _Discrete_Start                               
1     0000c006  _CoilsReg_Start                               
1     0000c007  _usRegInputStart                              
1     0000c008  _CoilsReg_Buf                                 
1     0000c00b  _DiscreteReg_Buf                              
1     0000c00f  _usRegHoldingBuf                              
1     0000c040  _usRegInputBuf                                
1     0000c080  _M_CoilsReg_Buf                               
1     0000c0c0  _M_DiscreteReg_Buf                            
1     0000c100  _m_usRegHoldingBuf                            
1     0000c240  _m_usRegInputBuf                              
1     0000c740  _ucRTUBuf                                     
1     0000c846  _eMBState                                     
1     0000c84a  _pxMBPortCBTimerExpired                       
1     0000c84c  _pxMBFrameCBTransmitterEmpty                  
1     0000c84e  _pxMBFrameCBReceiveFSMCur                     
1     0000c852  _pxMBFrameCBTransmitFSMCur                    
1     0000c85c  _pxMBFrameCBByteReceived                      
1     0000c8ca  _pxMBMasterPortCBTimerExpired                 
1     0000c8cc  _pxMBMasterFrameCBTransmitterEmpty            
1     0000c8ce  _pxMBMasterFrameCBTransmitFSMCur              
1     0000c8d0  _pxMBMasterFrameCBReceiveFSMCur               
1     0000c8dc  _pxMBMasterFrameCBByteReceived                
1     0000c961  _Code                                         
1     0000c962  _CpuTimer1                                    
1     0000c96a  _CpuTimer2                                    
1     0000c972  _CpuTimer0                                    
1     0000c97a  ___TI_enable_exit_profile_output              
1     0000c97c  ___TI_cleanup_ptr                             
1     0000c97e  ___TI_dtors_ptr                               
1     0000c980  _test_cnt                                     
1     0000c981  _tx_cnt                                       
1     0000c982  _test                                         
1     0000c98a  _tx_temp                                      
1     0000c994  __lock                                        
1     0000c996  __unlock                                      
1     0000c99c  _temp                                         
1     0000c99d  _temp1                                        
1     0000d200  _PieVectTableInit                             
1     0033fff8  _CsmPwl                                       
1     00380090  _PartIdRegs                                   
abs   00000300  __STACK_SIZE                                  
abs   ffffffff  ___TI_pprof_out_hndl                          
abs   ffffffff  ___TI_prof_data_size                          
abs   ffffffff  ___TI_prof_data_start                         
abs   ffffffff  ___binit__                                    
abs   ffffffff  ___c_args__                                   
abs   ffffffff  ___pinit__                                    
abs   ffffffff  binit                                         
abs   ffffffff  pinit                                         

[340 symbols]
