<?xml version="1.0"?>
<link_info>
   <banner>TMS320C2000 Linker PC v15.12.3.LTS</banner>
   <copyright>Copyright (c) 1996-2015 Texas Instruments Incorporated</copyright>
   <link_time>0x5a5334dd</link_time>
   <link_errors>0x0</link_errors>
   <output_file>FreeModBus_Master_Slaver.out</output_file>
   <entry_point>
      <name>_c_int00</name>
      <address>0xa62b</address>
   </entry_point>
   <input_file_list>
      <input_file id="fl-2">
         <path>.\FreeModbus\modbus\ascii\</path>
         <kind>object</kind>
         <file>mbascii.obj</file>
         <name>mbascii.obj</name>
      </input_file>
      <input_file id="fl-3">
         <path>.\FreeModbus\modbus\functions\</path>
         <kind>object</kind>
         <file>mbfunccoils.obj</file>
         <name>mbfunccoils.obj</name>
      </input_file>
      <input_file id="fl-4">
         <path>.\FreeModbus\modbus\functions\</path>
         <kind>object</kind>
         <file>mbfunccoils_m.obj</file>
         <name>mbfunccoils_m.obj</name>
      </input_file>
      <input_file id="fl-5">
         <path>.\FreeModbus\modbus\functions\</path>
         <kind>object</kind>
         <file>mbfuncdiag.obj</file>
         <name>mbfuncdiag.obj</name>
      </input_file>
      <input_file id="fl-6">
         <path>.\FreeModbus\modbus\functions\</path>
         <kind>object</kind>
         <file>mbfuncdisc.obj</file>
         <name>mbfuncdisc.obj</name>
      </input_file>
      <input_file id="fl-7">
         <path>.\FreeModbus\modbus\functions\</path>
         <kind>object</kind>
         <file>mbfuncdisc_m.obj</file>
         <name>mbfuncdisc_m.obj</name>
      </input_file>
      <input_file id="fl-8">
         <path>.\FreeModbus\modbus\functions\</path>
         <kind>object</kind>
         <file>mbfuncholding.obj</file>
         <name>mbfuncholding.obj</name>
      </input_file>
      <input_file id="fl-9">
         <path>.\FreeModbus\modbus\functions\</path>
         <kind>object</kind>
         <file>mbfuncholding_m.obj</file>
         <name>mbfuncholding_m.obj</name>
      </input_file>
      <input_file id="fl-a">
         <path>.\FreeModbus\modbus\functions\</path>
         <kind>object</kind>
         <file>mbfuncinput.obj</file>
         <name>mbfuncinput.obj</name>
      </input_file>
      <input_file id="fl-b">
         <path>.\FreeModbus\modbus\functions\</path>
         <kind>object</kind>
         <file>mbfuncinput_m.obj</file>
         <name>mbfuncinput_m.obj</name>
      </input_file>
      <input_file id="fl-c">
         <path>.\FreeModbus\modbus\functions\</path>
         <kind>object</kind>
         <file>mbfuncother.obj</file>
         <name>mbfuncother.obj</name>
      </input_file>
      <input_file id="fl-d">
         <path>.\FreeModbus\modbus\functions\</path>
         <kind>object</kind>
         <file>mbutils.obj</file>
         <name>mbutils.obj</name>
      </input_file>
      <input_file id="fl-e">
         <path>.\FreeModbus\modbus\</path>
         <kind>object</kind>
         <file>mb.obj</file>
         <name>mb.obj</name>
      </input_file>
      <input_file id="fl-f">
         <path>.\FreeModbus\modbus\</path>
         <kind>object</kind>
         <file>mb_m.obj</file>
         <name>mb_m.obj</name>
      </input_file>
      <input_file id="fl-10">
         <path>.\FreeModbus\modbus\rtu\</path>
         <kind>object</kind>
         <file>mbcrc.obj</file>
         <name>mbcrc.obj</name>
      </input_file>
      <input_file id="fl-11">
         <path>.\FreeModbus\modbus\rtu\</path>
         <kind>object</kind>
         <file>mbrtu.obj</file>
         <name>mbrtu.obj</name>
      </input_file>
      <input_file id="fl-12">
         <path>.\FreeModbus\modbus\rtu\</path>
         <kind>object</kind>
         <file>mbrtu_m.obj</file>
         <name>mbrtu_m.obj</name>
      </input_file>
      <input_file id="fl-13">
         <path>.\FreeModbus\port\src\</path>
         <kind>object</kind>
         <file>port.obj</file>
         <name>port.obj</name>
      </input_file>
      <input_file id="fl-14">
         <path>.\FreeModbus\port\src\</path>
         <kind>object</kind>
         <file>portevent.obj</file>
         <name>portevent.obj</name>
      </input_file>
      <input_file id="fl-15">
         <path>.\FreeModbus\port\src\</path>
         <kind>object</kind>
         <file>portevent_m.obj</file>
         <name>portevent_m.obj</name>
      </input_file>
      <input_file id="fl-16">
         <path>.\FreeModbus\port\src\</path>
         <kind>object</kind>
         <file>portserial.obj</file>
         <name>portserial.obj</name>
      </input_file>
      <input_file id="fl-17">
         <path>.\FreeModbus\port\src\</path>
         <kind>object</kind>
         <file>portserial_m.obj</file>
         <name>portserial_m.obj</name>
      </input_file>
      <input_file id="fl-18">
         <path>.\FreeModbus\port\src\</path>
         <kind>object</kind>
         <file>porttimer.obj</file>
         <name>porttimer.obj</name>
      </input_file>
      <input_file id="fl-19">
         <path>.\FreeModbus\port\src\</path>
         <kind>object</kind>
         <file>porttimer_m.obj</file>
         <name>porttimer_m.obj</name>
      </input_file>
      <input_file id="fl-1a">
         <path>.\user\src\</path>
         <kind>object</kind>
         <file>main.obj</file>
         <name>main.obj</name>
      </input_file>
      <input_file id="fl-1b">
         <path>.\user_lib\asm\</path>
         <kind>object</kind>
         <file>DSP2833x_ADC_cal.obj</file>
         <name>DSP2833x_ADC_cal.obj</name>
      </input_file>
      <input_file id="fl-1c">
         <path>.\user_lib\asm\</path>
         <kind>object</kind>
         <file>DSP2833x_CodeStartBranch.obj</file>
         <name>DSP2833x_CodeStartBranch.obj</name>
      </input_file>
      <input_file id="fl-1d">
         <path>.\user_lib\asm\</path>
         <kind>object</kind>
         <file>DSP2833x_usDelay.obj</file>
         <name>DSP2833x_usDelay.obj</name>
      </input_file>
      <input_file id="fl-1e">
         <path>.\user_lib\src\</path>
         <kind>object</kind>
         <file>DSP2833x_Adc.obj</file>
         <name>DSP2833x_Adc.obj</name>
      </input_file>
      <input_file id="fl-1f">
         <path>.\user_lib\src\</path>
         <kind>object</kind>
         <file>DSP2833x_CpuTimers.obj</file>
         <name>DSP2833x_CpuTimers.obj</name>
      </input_file>
      <input_file id="fl-20">
         <path>.\user_lib\src\</path>
         <kind>object</kind>
         <file>DSP2833x_DefaultIsr.obj</file>
         <name>DSP2833x_DefaultIsr.obj</name>
      </input_file>
      <input_file id="fl-21">
         <path>.\user_lib\src\</path>
         <kind>object</kind>
         <file>DSP2833x_ECan.obj</file>
         <name>DSP2833x_ECan.obj</name>
      </input_file>
      <input_file id="fl-22">
         <path>.\user_lib\src\</path>
         <kind>object</kind>
         <file>DSP2833x_GlobalVariableDefs.obj</file>
         <name>DSP2833x_GlobalVariableDefs.obj</name>
      </input_file>
      <input_file id="fl-23">
         <path>.\user_lib\src\</path>
         <kind>object</kind>
         <file>DSP2833x_Gpio.obj</file>
         <name>DSP2833x_Gpio.obj</name>
      </input_file>
      <input_file id="fl-24">
         <path>.\user_lib\src\</path>
         <kind>object</kind>
         <file>DSP2833x_MemCopy.obj</file>
         <name>DSP2833x_MemCopy.obj</name>
      </input_file>
      <input_file id="fl-25">
         <path>.\user_lib\src\</path>
         <kind>object</kind>
         <file>DSP2833x_PieCtrl.obj</file>
         <name>DSP2833x_PieCtrl.obj</name>
      </input_file>
      <input_file id="fl-26">
         <path>.\user_lib\src\</path>
         <kind>object</kind>
         <file>DSP2833x_PieVect.obj</file>
         <name>DSP2833x_PieVect.obj</name>
      </input_file>
      <input_file id="fl-27">
         <path>.\user_lib\src\</path>
         <kind>object</kind>
         <file>DSP2833x_Sci.obj</file>
         <name>DSP2833x_Sci.obj</name>
      </input_file>
      <input_file id="fl-28">
         <path>.\user_lib\src\</path>
         <kind>object</kind>
         <file>DSP2833x_SysCtrl.obj</file>
         <name>DSP2833x_SysCtrl.obj</name>
      </input_file>
      <input_file id="fl-29">
         <path>.\user_lib\src\</path>
         <kind>object</kind>
         <file>delay.obj</file>
         <name>delay.obj</name>
      </input_file>
      <input_file id="fl-34">
         <path>C:\ti\ccsv6\tools\compiler\c2000_15.12.3.LTS\lib\</path>
         <kind>archive</kind>
         <file>rts2800_fpu32.lib</file>
         <name>boot.obj</name>
      </input_file>
      <input_file id="fl-35">
         <path>C:\ti\ccsv6\tools\compiler\c2000_15.12.3.LTS\lib\</path>
         <kind>archive</kind>
         <file>rts2800_fpu32.lib</file>
         <name>cpy_tbl.obj</name>
      </input_file>
      <input_file id="fl-36">
         <path>C:\ti\ccsv6\tools\compiler\c2000_15.12.3.LTS\lib\</path>
         <kind>archive</kind>
         <file>rts2800_fpu32.lib</file>
         <name>cpy_utils.obj</name>
      </input_file>
      <input_file id="fl-37">
         <path>C:\ti\ccsv6\tools\compiler\c2000_15.12.3.LTS\lib\</path>
         <kind>archive</kind>
         <file>rts2800_fpu32.lib</file>
         <name>exit.obj</name>
      </input_file>
      <input_file id="fl-38">
         <path>C:\ti\ccsv6\tools\compiler\c2000_15.12.3.LTS\lib\</path>
         <kind>archive</kind>
         <file>rts2800_fpu32.lib</file>
         <name>memcpy.obj</name>
      </input_file>
      <input_file id="fl-39">
         <path>C:\ti\ccsv6\tools\compiler\c2000_15.12.3.LTS\lib\</path>
         <kind>archive</kind>
         <file>rts2800_fpu32.lib</file>
         <name>pre_init.obj</name>
      </input_file>
      <input_file id="fl-3a">
         <path>C:\ti\ccsv6\tools\compiler\c2000_15.12.3.LTS\lib\</path>
         <kind>archive</kind>
         <file>rts2800_fpu32.lib</file>
         <name>startup.obj</name>
      </input_file>
      <input_file id="fl-3b">
         <path>C:\ti\ccsv6\tools\compiler\c2000_15.12.3.LTS\lib\</path>
         <kind>archive</kind>
         <file>rts2800_fpu32.lib</file>
         <name>_lock.obj</name>
      </input_file>
      <input_file id="fl-3c">
         <path>C:\ti\ccsv6\tools\compiler\c2000_15.12.3.LTS\lib\</path>
         <kind>archive</kind>
         <file>rts2800_fpu32.lib</file>
         <name>args_main.obj</name>
      </input_file>
   </input_file_list>
   <object_component_list>
      <object_component id="oc-df">
         <name>codestart</name>
         <load_address>0x0</load_address>
         <run_address>0x0</run_address>
         <size>0x2</size>
         <input_file_ref idref="fl-1c"/>
      </object_component>
      <object_component id="oc-e4">
         <name>ramfuncs</name>
         <load_address>0x80bc</load_address>
         <run_address>0x80bc</run_address>
         <size>0x4</size>
         <input_file_ref idref="fl-1d"/>
      </object_component>
      <object_component id="oc-f5">
         <name>.text:retain</name>
         <load_address>0x9000</load_address>
         <run_address>0x9000</run_address>
         <size>0x316</size>
         <input_file_ref idref="fl-20"/>
      </object_component>
      <object_component id="oc-199">
         <name>.text</name>
         <load_address>0x9316</load_address>
         <run_address>0x9316</run_address>
         <size>0x2de</size>
         <input_file_ref idref="fl-13"/>
      </object_component>
      <object_component id="oc-191">
         <name>.text</name>
         <load_address>0x95f4</load_address>
         <run_address>0x95f4</run_address>
         <size>0x21f</size>
         <input_file_ref idref="fl-9"/>
      </object_component>
      <object_component id="oc-19c">
         <name>.text</name>
         <load_address>0x9813</load_address>
         <run_address>0x9813</run_address>
         <size>0x1b1</size>
         <input_file_ref idref="fl-12"/>
      </object_component>
      <object_component id="oc-192">
         <name>.text</name>
         <load_address>0x99c4</load_address>
         <run_address>0x99c4</run_address>
         <size>0x196</size>
         <input_file_ref idref="fl-4"/>
      </object_component>
      <object_component id="oc-1a3">
         <name>.text</name>
         <load_address>0x9b5a</load_address>
         <run_address>0x9b5a</run_address>
         <size>0x175</size>
         <input_file_ref idref="fl-e"/>
      </object_component>
      <object_component id="oc-19d">
         <name>.text</name>
         <load_address>0x9ccf</load_address>
         <run_address>0x9ccf</run_address>
         <size>0x153</size>
         <input_file_ref idref="fl-f"/>
      </object_component>
      <object_component id="oc-1a8">
         <name>.text</name>
         <load_address>0x9e22</load_address>
         <run_address>0x9e22</run_address>
         <size>0x144</size>
         <input_file_ref idref="fl-11"/>
      </object_component>
      <object_component id="oc-18d">
         <name>.text</name>
         <load_address>0x9f66</load_address>
         <run_address>0x9f66</run_address>
         <size>0x10e</size>
         <input_file_ref idref="fl-8"/>
      </object_component>
      <object_component id="oc-19e">
         <name>.text</name>
         <load_address>0xa074</load_address>
         <run_address>0xa074</run_address>
         <size>0xf6</size>
         <input_file_ref idref="fl-28"/>
      </object_component>
      <object_component id="oc-18e">
         <name>.text</name>
         <load_address>0xa16a</load_address>
         <run_address>0xa16a</run_address>
         <size>0xc7</size>
         <input_file_ref idref="fl-3"/>
      </object_component>
      <object_component id="oc-1ac">
         <name>.text</name>
         <load_address>0xa231</load_address>
         <run_address>0xa231</run_address>
         <size>0xa9</size>
         <input_file_ref idref="fl-16"/>
      </object_component>
      <object_component id="oc-bb">
         <name>.text:retain</name>
         <load_address>0xa2da</load_address>
         <run_address>0xa2da</run_address>
         <size>0x7e</size>
         <input_file_ref idref="fl-16"/>
      </object_component>
      <object_component id="oc-c1">
         <name>.text:retain</name>
         <load_address>0xa358</load_address>
         <run_address>0xa358</run_address>
         <size>0x7e</size>
         <input_file_ref idref="fl-17"/>
      </object_component>
      <object_component id="oc-195">
         <name>.text</name>
         <load_address>0xa3d6</load_address>
         <run_address>0xa3d6</run_address>
         <size>0x7d</size>
         <input_file_ref idref="fl-1a"/>
      </object_component>
      <object_component id="oc-193">
         <name>.text</name>
         <load_address>0xa453</load_address>
         <run_address>0xa453</run_address>
         <size>0x7c</size>
         <input_file_ref idref="fl-7"/>
      </object_component>
      <object_component id="oc-190">
         <name>.text</name>
         <load_address>0xa4cf</load_address>
         <run_address>0xa4cf</run_address>
         <size>0x75</size>
         <input_file_ref idref="fl-b"/>
      </object_component>
      <object_component id="oc-19a">
         <name>.text</name>
         <load_address>0xa544</load_address>
         <run_address>0xa544</run_address>
         <size>0x74</size>
         <input_file_ref idref="fl-d"/>
      </object_component>
      <object_component id="oc-1af">
         <name>.text</name>
         <load_address>0xa5b8</load_address>
         <run_address>0xa5b8</run_address>
         <size>0x73</size>
         <input_file_ref idref="fl-1f"/>
      </object_component>
      <object_component id="oc-4d">
         <name>.text</name>
         <load_address>0xa62b</load_address>
         <run_address>0xa62b</run_address>
         <size>0x56</size>
         <input_file_ref idref="fl-34"/>
      </object_component>
      <object_component id="oc-1ae">
         <name>.text</name>
         <load_address>0xa681</load_address>
         <run_address>0xa681</run_address>
         <size>0x52</size>
         <input_file_ref idref="fl-27"/>
      </object_component>
      <object_component id="oc-18f">
         <name>.text</name>
         <load_address>0xa6d3</load_address>
         <run_address>0xa6d3</run_address>
         <size>0x4e</size>
         <input_file_ref idref="fl-6"/>
      </object_component>
      <object_component id="oc-1ad">
         <name>.text</name>
         <load_address>0xa721</load_address>
         <run_address>0xa721</run_address>
         <size>0x4e</size>
         <input_file_ref idref="fl-18"/>
      </object_component>
      <object_component id="oc-1a4">
         <name>.text</name>
         <load_address>0xa76f</load_address>
         <run_address>0xa76f</run_address>
         <size>0x4c</size>
         <input_file_ref idref="fl-17"/>
      </object_component>
      <object_component id="oc-194">
         <name>.text</name>
         <load_address>0xa7bb</load_address>
         <run_address>0xa7bb</run_address>
         <size>0x4a</size>
         <input_file_ref idref="fl-19"/>
      </object_component>
      <object_component id="oc-18b">
         <name>.text</name>
         <load_address>0xa805</load_address>
         <run_address>0xa805</run_address>
         <size>0x48</size>
         <input_file_ref idref="fl-c"/>
      </object_component>
      <object_component id="oc-187">
         <name>.text</name>
         <load_address>0xa84d</load_address>
         <run_address>0xa84d</run_address>
         <size>0x46</size>
         <input_file_ref idref="fl-35"/>
      </object_component>
      <object_component id="oc-18c">
         <name>.text</name>
         <load_address>0xa893</load_address>
         <run_address>0xa893</run_address>
         <size>0x45</size>
         <input_file_ref idref="fl-a"/>
      </object_component>
      <object_component id="oc-c8">
         <name>.text:retain</name>
         <load_address>0xa8d8</load_address>
         <run_address>0xa8d8</run_address>
         <size>0x36</size>
         <input_file_ref idref="fl-18"/>
      </object_component>
      <object_component id="oc-18a">
         <name>.text</name>
         <load_address>0xa90e</load_address>
         <run_address>0xa90e</run_address>
         <size>0x29</size>
         <input_file_ref idref="fl-37"/>
      </object_component>
      <object_component id="oc-19f">
         <name>.text</name>
         <load_address>0xa937</load_address>
         <run_address>0xa937</run_address>
         <size>0x28</size>
         <input_file_ref idref="fl-25"/>
      </object_component>
      <object_component id="oc-1a5">
         <name>.text</name>
         <load_address>0xa95f</load_address>
         <run_address>0xa95f</run_address>
         <size>0x26</size>
         <input_file_ref idref="fl-10"/>
      </object_component>
      <object_component id="oc-19b">
         <name>.text</name>
         <load_address>0xa985</load_address>
         <run_address>0xa985</run_address>
         <size>0x23</size>
         <input_file_ref idref="fl-15"/>
      </object_component>
      <object_component id="oc-1a0">
         <name>.text</name>
         <load_address>0xa9a8</load_address>
         <run_address>0xa9a8</run_address>
         <size>0x20</size>
         <input_file_ref idref="fl-26"/>
      </object_component>
      <object_component id="oc-1a9">
         <name>.text</name>
         <load_address>0xa9c8</load_address>
         <run_address>0xa9c8</run_address>
         <size>0x1e</size>
         <input_file_ref idref="fl-14"/>
      </object_component>
      <object_component id="oc-198">
         <name>.text</name>
         <load_address>0xa9e6</load_address>
         <run_address>0xa9e6</run_address>
         <size>0x1e</size>
         <input_file_ref idref="fl-38"/>
      </object_component>
      <object_component id="oc-161">
         <name>.text</name>
         <load_address>0xaa04</load_address>
         <run_address>0xaa04</run_address>
         <size>0x1a</size>
         <input_file_ref idref="fl-36"/>
      </object_component>
      <object_component id="oc-189">
         <name>.text</name>
         <load_address>0xaa1e</load_address>
         <run_address>0xaa1e</run_address>
         <size>0x19</size>
         <input_file_ref idref="fl-3c"/>
      </object_component>
      <object_component id="oc-1a1">
         <name>.text</name>
         <load_address>0xaa37</load_address>
         <run_address>0xaa37</run_address>
         <size>0x9</size>
         <input_file_ref idref="fl-3b"/>
      </object_component>
      <object_component id="oc-de">
         <name>.text</name>
         <load_address>0xaa40</load_address>
         <run_address>0xaa40</run_address>
         <size>0x8</size>
         <input_file_ref idref="fl-1c"/>
      </object_component>
      <object_component id="oc-186">
         <name>.text</name>
         <load_address>0xaa48</load_address>
         <run_address>0xaa48</run_address>
         <size>0x2</size>
         <input_file_ref idref="fl-39"/>
      </object_component>
      <object_component id="oc-188">
         <name>.text</name>
         <load_address>0xaa4a</load_address>
         <run_address>0xaa4a</run_address>
         <size>0x1</size>
         <input_file_ref idref="fl-3a"/>
      </object_component>
      <object_component id="oc-a6">
         <name>.cinit</name>
         <load_address>0x8000</load_address>
         <run_address>0x8000</run_address>
         <size>0x34</size>
         <input_file_ref idref="fl-13"/>
      </object_component>
      <object_component id="oc-8d">
         <name>.cinit</name>
         <load_address>0x8034</load_address>
         <run_address>0x8034</run_address>
         <size>0x33</size>
         <input_file_ref idref="fl-f"/>
      </object_component>
      <object_component id="oc-86">
         <name>.cinit</name>
         <load_address>0x8067</load_address>
         <run_address>0x8067</run_address>
         <size>0x2f</size>
         <input_file_ref idref="fl-e"/>
      </object_component>
      <object_component id="oc-167">
         <name>.cinit</name>
         <load_address>0x8096</load_address>
         <run_address>0x8096</run_address>
         <size>0xe</size>
         <input_file_ref idref="fl-37"/>
      </object_component>
      <object_component id="oc-b9">
         <name>.cinit</name>
         <load_address>0x80a4</load_address>
         <run_address>0x80a4</run_address>
         <size>0x8</size>
         <input_file_ref idref="fl-16"/>
      </object_component>
      <object_component id="oc-197">
         <name>.cinit:__lock</name>
         <load_address>0x80ac</load_address>
         <run_address>0x80ac</run_address>
         <size>0x5</size>
         <input_file_ref idref="fl-3b"/>
      </object_component>
      <object_component id="oc-1a2">
         <name>.cinit:__unlock</name>
         <load_address>0x80b1</load_address>
         <run_address>0x80b1</run_address>
         <size>0x5</size>
         <input_file_ref idref="fl-3b"/>
      </object_component>
      <object_component id="oc-9f">
         <name>.cinit</name>
         <load_address>0x80b6</load_address>
         <run_address>0x80b6</run_address>
         <size>0x4</size>
         <input_file_ref idref="fl-12"/>
      </object_component>
      <object_component id="oc-156">
         <name>.stack</name>
         <uninitialized>true</uninitialized>
         <run_address>0x400</run_address>
         <size>0x0</size>
         <input_file_ref idref="fl-34"/>
      </object_component>
      <object_component id="oc-207">
         <name>.stack</name>
         <uninitialized>true</uninitialized>
         <run_address>0x400</run_address>
         <size>0x0</size>
      </object_component>
      <object_component id="oc-7b">
         <name>.ebss</name>
         <uninitialized>true</uninitialized>
         <run_address>0xc940</run_address>
         <size>0x21</size>
         <input_file_ref idref="fl-c"/>
      </object_component>
      <object_component id="oc-87">
         <name>.ebss</name>
         <uninitialized>true</uninitialized>
         <run_address>0xc840</run_address>
         <size>0x80</size>
         <input_file_ref idref="fl-e"/>
      </object_component>
      <object_component id="oc-8e">
         <name>.ebss</name>
         <uninitialized>true</uninitialized>
         <run_address>0xc8c0</run_address>
         <size>0x80</size>
         <input_file_ref idref="fl-f"/>
      </object_component>
      <object_component id="oc-99">
         <name>.ebss</name>
         <uninitialized>true</uninitialized>
         <run_address>0xc700</run_address>
         <size>0x140</size>
         <input_file_ref idref="fl-11"/>
      </object_component>
      <object_component id="oc-a0">
         <name>.ebss</name>
         <uninitialized>true</uninitialized>
         <run_address>0xc4c0</run_address>
         <size>0x240</size>
         <input_file_ref idref="fl-12"/>
      </object_component>
      <object_component id="oc-a7">
         <name>.ebss</name>
         <uninitialized>true</uninitialized>
         <run_address>0xc000</run_address>
         <size>0x4c0</size>
         <input_file_ref idref="fl-13"/>
      </object_component>
      <object_component id="oc-ad">
         <name>.ebss</name>
         <uninitialized>true</uninitialized>
         <run_address>0xc998</run_address>
         <size>0x2</size>
         <input_file_ref idref="fl-14"/>
      </object_component>
      <object_component id="oc-b3">
         <name>.ebss</name>
         <uninitialized>true</uninitialized>
         <run_address>0xc99a</run_address>
         <size>0x2</size>
         <input_file_ref idref="fl-15"/>
      </object_component>
      <object_component id="oc-ba">
         <name>.ebss</name>
         <uninitialized>true</uninitialized>
         <run_address>0xc980</run_address>
         <size>0x14</size>
         <input_file_ref idref="fl-16"/>
      </object_component>
      <object_component id="oc-c7">
         <name>.ebss</name>
         <uninitialized>true</uninitialized>
         <run_address>0xc99c</run_address>
         <size>0x1</size>
         <input_file_ref idref="fl-18"/>
      </object_component>
      <object_component id="oc-ce">
         <name>.ebss</name>
         <uninitialized>true</uninitialized>
         <run_address>0xc99d</run_address>
         <size>0x1</size>
         <input_file_ref idref="fl-19"/>
      </object_component>
      <object_component id="oc-d4">
         <name>.ebss</name>
         <uninitialized>true</uninitialized>
         <run_address>0xc961</run_address>
         <size>0x1</size>
         <input_file_ref idref="fl-1a"/>
      </object_component>
      <object_component id="oc-ef">
         <name>.ebss</name>
         <uninitialized>true</uninitialized>
         <run_address>0xc962</run_address>
         <size>0x18</size>
         <input_file_ref idref="fl-1f"/>
      </object_component>
      <object_component id="oc-168">
         <name>.ebss</name>
         <uninitialized>true</uninitialized>
         <run_address>0xc97a</run_address>
         <size>0x6</size>
         <input_file_ref idref="fl-37"/>
      </object_component>
      <object_component id="oc-1a7">
         <name>.ebss:__unlock</name>
         <uninitialized>true</uninitialized>
         <run_address>0xc996</run_address>
         <size>0x2</size>
         <input_file_ref idref="fl-3b"/>
      </object_component>
      <object_component id="oc-196">
         <name>.ebss:__lock</name>
         <uninitialized>true</uninitialized>
         <run_address>0xc994</run_address>
         <size>0x2</size>
         <input_file_ref idref="fl-3b"/>
      </object_component>
      <object_component id="oc-1aa">
         <name>.econst:.string:_aucCRCHi</name>
         <load_address>0xd000</load_address>
         <run_address>0xd000</run_address>
         <size>0x100</size>
         <input_file_ref idref="fl-10"/>
      </object_component>
      <object_component id="oc-1ab">
         <name>.econst:.string:_aucCRCLo</name>
         <load_address>0xd100</load_address>
         <run_address>0xd100</run_address>
         <size>0x100</size>
         <input_file_ref idref="fl-10"/>
      </object_component>
      <object_component id="oc-1a6">
         <name>.econst:_PieVectTableInit</name>
         <load_address>0xd200</load_address>
         <run_address>0xd200</run_address>
         <size>0x100</size>
         <input_file_ref idref="fl-26"/>
      </object_component>
      <object_component id="oc-157">
         <name>.reset</name>
         <load_address>0x3fffc0</load_address>
         <run_address>0x3fffc0</run_address>
         <size>0x2</size>
         <input_file_ref idref="fl-34"/>
      </object_component>
      <object_component id="oc-d9">
         <name>.adc_cal</name>
         <load_address>0x380080</load_address>
         <run_address>0x380080</run_address>
         <size>0x7</size>
         <input_file_ref idref="fl-1b"/>
      </object_component>
      <object_component id="oc-131">
         <name>PieVectTableFile</name>
         <uninitialized>true</uninitialized>
         <run_address>0xd00</run_address>
         <size>0x100</size>
         <input_file_ref idref="fl-22"/>
      </object_component>
      <object_component id="oc-12d">
         <name>DevEmuRegsFile</name>
         <uninitialized>true</uninitialized>
         <run_address>0x880</run_address>
         <size>0xd0</size>
         <input_file_ref idref="fl-22"/>
      </object_component>
      <object_component id="oc-103">
         <name>FlashRegsFile</name>
         <uninitialized>true</uninitialized>
         <run_address>0xa80</run_address>
         <size>0x8</size>
         <input_file_ref idref="fl-22"/>
      </object_component>
      <object_component id="oc-10b">
         <name>CsmRegsFile</name>
         <uninitialized>true</uninitialized>
         <run_address>0xae0</run_address>
         <size>0x10</size>
         <input_file_ref idref="fl-22"/>
      </object_component>
      <object_component id="oc-10c">
         <name>AdcMirrorFile</name>
         <uninitialized>true</uninitialized>
         <run_address>0xb00</run_address>
         <size>0x10</size>
         <input_file_ref idref="fl-22"/>
      </object_component>
      <object_component id="oc-110">
         <name>XintfRegsFile</name>
         <uninitialized>true</uninitialized>
         <run_address>0xb20</run_address>
         <size>0x1e</size>
         <input_file_ref idref="fl-22"/>
      </object_component>
      <object_component id="oc-104">
         <name>CpuTimer0RegsFile</name>
         <uninitialized>true</uninitialized>
         <run_address>0xc00</run_address>
         <size>0x8</size>
         <input_file_ref idref="fl-22"/>
      </object_component>
      <object_component id="oc-105">
         <name>CpuTimer1RegsFile</name>
         <uninitialized>true</uninitialized>
         <run_address>0xc08</run_address>
         <size>0x8</size>
         <input_file_ref idref="fl-22"/>
      </object_component>
      <object_component id="oc-101">
         <name>CpuTimer2RegsFile</name>
         <uninitialized>true</uninitialized>
         <run_address>0xc10</run_address>
         <size>0x8</size>
         <input_file_ref idref="fl-22"/>
      </object_component>
      <object_component id="oc-10e">
         <name>PieCtrlRegsFile</name>
         <uninitialized>true</uninitialized>
         <run_address>0xce0</run_address>
         <size>0x1a</size>
         <input_file_ref idref="fl-22"/>
      </object_component>
      <object_component id="oc-12e">
         <name>DmaRegsFile</name>
         <uninitialized>true</uninitialized>
         <run_address>0x1000</run_address>
         <size>0xe0</size>
         <input_file_ref idref="fl-22"/>
      </object_component>
      <object_component id="oc-121">
         <name>McbspaRegsFile</name>
         <uninitialized>true</uninitialized>
         <run_address>0x5000</run_address>
         <size>0x25</size>
         <input_file_ref idref="fl-22"/>
      </object_component>
      <object_component id="oc-120">
         <name>McbspbRegsFile</name>
         <uninitialized>true</uninitialized>
         <run_address>0x5040</run_address>
         <size>0x25</size>
         <input_file_ref idref="fl-22"/>
      </object_component>
      <object_component id="oc-123">
         <name>ECanaRegsFile</name>
         <uninitialized>true</uninitialized>
         <run_address>0x6000</run_address>
         <size>0x34</size>
         <input_file_ref idref="fl-22"/>
      </object_component>
      <object_component id="oc-127">
         <name>ECanaLAMRegsFile</name>
         <uninitialized>true</uninitialized>
         <run_address>0x6040</run_address>
         <size>0x40</size>
         <input_file_ref idref="fl-22"/>
      </object_component>
      <object_component id="oc-130">
         <name>ECanaMboxesFile</name>
         <uninitialized>true</uninitialized>
         <run_address>0x6100</run_address>
         <size>0x100</size>
         <input_file_ref idref="fl-22"/>
      </object_component>
      <object_component id="oc-128">
         <name>ECanaMOTSRegsFile</name>
         <uninitialized>true</uninitialized>
         <run_address>0x6080</run_address>
         <size>0x40</size>
         <input_file_ref idref="fl-22"/>
      </object_component>
      <object_component id="oc-125">
         <name>ECanaMOTORegsFile</name>
         <uninitialized>true</uninitialized>
         <run_address>0x60c0</run_address>
         <size>0x40</size>
         <input_file_ref idref="fl-22"/>
      </object_component>
      <object_component id="oc-124">
         <name>ECanbRegsFile</name>
         <uninitialized>true</uninitialized>
         <run_address>0x6200</run_address>
         <size>0x34</size>
         <input_file_ref idref="fl-22"/>
      </object_component>
      <object_component id="oc-12c">
         <name>ECanbLAMRegsFile</name>
         <uninitialized>true</uninitialized>
         <run_address>0x6240</run_address>
         <size>0x40</size>
         <input_file_ref idref="fl-22"/>
      </object_component>
      <object_component id="oc-12f">
         <name>ECanbMboxesFile</name>
         <uninitialized>true</uninitialized>
         <run_address>0x6300</run_address>
         <size>0x100</size>
         <input_file_ref idref="fl-22"/>
      </object_component>
      <object_component id="oc-126">
         <name>ECanbMOTSRegsFile</name>
         <uninitialized>true</uninitialized>
         <run_address>0x6280</run_address>
         <size>0x40</size>
         <input_file_ref idref="fl-22"/>
      </object_component>
      <object_component id="oc-129">
         <name>ECanbMOTORegsFile</name>
         <uninitialized>true</uninitialized>
         <run_address>0x62c0</run_address>
         <size>0x40</size>
         <input_file_ref idref="fl-22"/>
      </object_component>
      <object_component id="oc-11e">
         <name>EPwm1RegsFile</name>
         <uninitialized>true</uninitialized>
         <run_address>0x6800</run_address>
         <size>0x22</size>
         <input_file_ref idref="fl-22"/>
      </object_component>
      <object_component id="oc-119">
         <name>EPwm2RegsFile</name>
         <uninitialized>true</uninitialized>
         <run_address>0x6840</run_address>
         <size>0x22</size>
         <input_file_ref idref="fl-22"/>
      </object_component>
      <object_component id="oc-11a">
         <name>EPwm3RegsFile</name>
         <uninitialized>true</uninitialized>
         <run_address>0x6880</run_address>
         <size>0x22</size>
         <input_file_ref idref="fl-22"/>
      </object_component>
      <object_component id="oc-11f">
         <name>EPwm4RegsFile</name>
         <uninitialized>true</uninitialized>
         <run_address>0x68c0</run_address>
         <size>0x22</size>
         <input_file_ref idref="fl-22"/>
      </object_component>
      <object_component id="oc-11c">
         <name>EPwm5RegsFile</name>
         <uninitialized>true</uninitialized>
         <run_address>0x6900</run_address>
         <size>0x22</size>
         <input_file_ref idref="fl-22"/>
      </object_component>
      <object_component id="oc-11d">
         <name>EPwm6RegsFile</name>
         <uninitialized>true</uninitialized>
         <run_address>0x6940</run_address>
         <size>0x22</size>
         <input_file_ref idref="fl-22"/>
      </object_component>
      <object_component id="oc-113">
         <name>ECap1RegsFile</name>
         <uninitialized>true</uninitialized>
         <run_address>0x6a00</run_address>
         <size>0x20</size>
         <input_file_ref idref="fl-22"/>
      </object_component>
      <object_component id="oc-114">
         <name>ECap2RegsFile</name>
         <uninitialized>true</uninitialized>
         <run_address>0x6a20</run_address>
         <size>0x20</size>
         <input_file_ref idref="fl-22"/>
      </object_component>
      <object_component id="oc-111">
         <name>ECap3RegsFile</name>
         <uninitialized>true</uninitialized>
         <run_address>0x6a40</run_address>
         <size>0x20</size>
         <input_file_ref idref="fl-22"/>
      </object_component>
      <object_component id="oc-112">
         <name>ECap4RegsFile</name>
         <uninitialized>true</uninitialized>
         <run_address>0x6a60</run_address>
         <size>0x20</size>
         <input_file_ref idref="fl-22"/>
      </object_component>
      <object_component id="oc-117">
         <name>ECap5RegsFile</name>
         <uninitialized>true</uninitialized>
         <run_address>0x6a80</run_address>
         <size>0x20</size>
         <input_file_ref idref="fl-22"/>
      </object_component>
      <object_component id="oc-118">
         <name>ECap6RegsFile</name>
         <uninitialized>true</uninitialized>
         <run_address>0x6aa0</run_address>
         <size>0x20</size>
         <input_file_ref idref="fl-22"/>
      </object_component>
      <object_component id="oc-12a">
         <name>EQep1RegsFile</name>
         <uninitialized>true</uninitialized>
         <run_address>0x6b00</run_address>
         <size>0x40</size>
         <input_file_ref idref="fl-22"/>
      </object_component>
      <object_component id="oc-12b">
         <name>EQep2RegsFile</name>
         <uninitialized>true</uninitialized>
         <run_address>0x6b40</run_address>
         <size>0x40</size>
         <input_file_ref idref="fl-22"/>
      </object_component>
      <object_component id="oc-122">
         <name>GpioCtrlRegsFile</name>
         <uninitialized>true</uninitialized>
         <run_address>0x6f80</run_address>
         <size>0x2e</size>
         <input_file_ref idref="fl-22"/>
      </object_component>
      <object_component id="oc-115">
         <name>GpioDataRegsFile</name>
         <uninitialized>true</uninitialized>
         <run_address>0x6fc0</run_address>
         <size>0x20</size>
         <input_file_ref idref="fl-22"/>
      </object_component>
      <object_component id="oc-106">
         <name>GpioIntRegsFile</name>
         <uninitialized>true</uninitialized>
         <run_address>0x6fe0</run_address>
         <size>0xa</size>
         <input_file_ref idref="fl-22"/>
      </object_component>
      <object_component id="oc-116">
         <name>SysCtrlRegsFile</name>
         <uninitialized>true</uninitialized>
         <run_address>0x7010</run_address>
         <size>0x20</size>
         <input_file_ref idref="fl-22"/>
      </object_component>
      <object_component id="oc-107">
         <name>SpiaRegsFile</name>
         <uninitialized>true</uninitialized>
         <run_address>0x7040</run_address>
         <size>0x10</size>
         <input_file_ref idref="fl-22"/>
      </object_component>
      <object_component id="oc-10a">
         <name>SciaRegsFile</name>
         <uninitialized>true</uninitialized>
         <run_address>0x7050</run_address>
         <size>0x10</size>
         <input_file_ref idref="fl-22"/>
      </object_component>
      <object_component id="oc-10d">
         <name>XIntruptRegsFile</name>
         <uninitialized>true</uninitialized>
         <run_address>0x7070</run_address>
         <size>0x10</size>
         <input_file_ref idref="fl-22"/>
      </object_component>
      <object_component id="oc-10f">
         <name>AdcRegsFile</name>
         <uninitialized>true</uninitialized>
         <run_address>0x7100</run_address>
         <size>0x1e</size>
         <input_file_ref idref="fl-22"/>
      </object_component>
      <object_component id="oc-108">
         <name>ScibRegsFile</name>
         <uninitialized>true</uninitialized>
         <run_address>0x7750</run_address>
         <size>0x10</size>
         <input_file_ref idref="fl-22"/>
      </object_component>
      <object_component id="oc-109">
         <name>ScicRegsFile</name>
         <uninitialized>true</uninitialized>
         <run_address>0x7770</run_address>
         <size>0x10</size>
         <input_file_ref idref="fl-22"/>
      </object_component>
      <object_component id="oc-11b">
         <name>I2caRegsFile</name>
         <uninitialized>true</uninitialized>
         <run_address>0x7900</run_address>
         <size>0x22</size>
         <input_file_ref idref="fl-22"/>
      </object_component>
      <object_component id="oc-102">
         <name>CsmPwlFile</name>
         <uninitialized>true</uninitialized>
         <run_address>0x33fff8</run_address>
         <size>0x8</size>
         <input_file_ref idref="fl-22"/>
      </object_component>
      <object_component id="oc-100">
         <name>PartIdRegsFile</name>
         <uninitialized>true</uninitialized>
         <run_address>0x380090</run_address>
         <size>0x1</size>
         <input_file_ref idref="fl-22"/>
      </object_component>
      <object_component id="oc-4e">
         <name>.debug_info</name>
         <load_address>0x0</load_address>
         <run_address>0x0</run_address>
         <size>0x194</size>
         <input_file_ref idref="fl-2"/>
      </object_component>
      <object_component id="oc-50">
         <name>.debug_info</name>
         <load_address>0x194</load_address>
         <run_address>0x194</run_address>
         <size>0xb6f</size>
         <input_file_ref idref="fl-3"/>
      </object_component>
      <object_component id="oc-55">
         <name>.debug_info</name>
         <load_address>0xd03</load_address>
         <run_address>0xd03</run_address>
         <size>0x16ed</size>
         <input_file_ref idref="fl-4"/>
      </object_component>
      <object_component id="oc-5a">
         <name>.debug_info</name>
         <load_address>0x23f0</load_address>
         <run_address>0x23f0</run_address>
         <size>0x19b</size>
         <input_file_ref idref="fl-5"/>
      </object_component>
      <object_component id="oc-5c">
         <name>.debug_info</name>
         <load_address>0x258b</load_address>
         <run_address>0x258b</run_address>
         <size>0x79f</size>
         <input_file_ref idref="fl-6"/>
      </object_component>
      <object_component id="oc-61">
         <name>.debug_info</name>
         <load_address>0x2d2a</load_address>
         <run_address>0x2d2a</run_address>
         <size>0xdb3</size>
         <input_file_ref idref="fl-7"/>
      </object_component>
      <object_component id="oc-66">
         <name>.debug_info</name>
         <load_address>0x3add</load_address>
         <run_address>0x3add</run_address>
         <size>0xe08</size>
         <input_file_ref idref="fl-8"/>
      </object_component>
      <object_component id="oc-6b">
         <name>.debug_info</name>
         <load_address>0x48e5</load_address>
         <run_address>0x48e5</run_address>
         <size>0x1cd5</size>
         <input_file_ref idref="fl-9"/>
      </object_component>
      <object_component id="oc-70">
         <name>.debug_info</name>
         <load_address>0x65ba</load_address>
         <run_address>0x65ba</run_address>
         <size>0x776</size>
         <input_file_ref idref="fl-a"/>
      </object_component>
      <object_component id="oc-75">
         <name>.debug_info</name>
         <load_address>0x6d30</load_address>
         <run_address>0x6d30</run_address>
         <size>0xd6a</size>
         <input_file_ref idref="fl-b"/>
      </object_component>
      <object_component id="oc-7a">
         <name>.debug_info</name>
         <load_address>0x7a9a</load_address>
         <run_address>0x7a9a</run_address>
         <size>0x8c9</size>
         <input_file_ref idref="fl-c"/>
      </object_component>
      <object_component id="oc-80">
         <name>.debug_info</name>
         <load_address>0x8363</load_address>
         <run_address>0x8363</run_address>
         <size>0x9b9</size>
         <input_file_ref idref="fl-d"/>
      </object_component>
      <object_component id="oc-85">
         <name>.debug_info</name>
         <load_address>0x8d1c</load_address>
         <run_address>0x8d1c</run_address>
         <size>0x15f0</size>
         <input_file_ref idref="fl-e"/>
      </object_component>
      <object_component id="oc-8c">
         <name>.debug_info</name>
         <load_address>0xa30c</load_address>
         <run_address>0xa30c</run_address>
         <size>0x1d45</size>
         <input_file_ref idref="fl-f"/>
      </object_component>
      <object_component id="oc-93">
         <name>.debug_info</name>
         <load_address>0xc051</load_address>
         <run_address>0xc051</run_address>
         <size>0x4fb</size>
         <input_file_ref idref="fl-10"/>
      </object_component>
      <object_component id="oc-98">
         <name>.debug_info</name>
         <load_address>0xc54c</load_address>
         <run_address>0xc54c</run_address>
         <size>0x12a9</size>
         <input_file_ref idref="fl-11"/>
      </object_component>
      <object_component id="oc-9e">
         <name>.debug_info</name>
         <load_address>0xd7f5</load_address>
         <run_address>0xd7f5</run_address>
         <size>0x1cee</size>
         <input_file_ref idref="fl-12"/>
      </object_component>
      <object_component id="oc-a5">
         <name>.debug_info</name>
         <load_address>0xf4e3</load_address>
         <run_address>0xf4e3</run_address>
         <size>0x2ce7</size>
         <input_file_ref idref="fl-13"/>
      </object_component>
      <object_component id="oc-ac">
         <name>.debug_info</name>
         <load_address>0x121ca</load_address>
         <run_address>0x121ca</run_address>
         <size>0x642</size>
         <input_file_ref idref="fl-14"/>
      </object_component>
      <object_component id="oc-b2">
         <name>.debug_info</name>
         <load_address>0x1280c</load_address>
         <run_address>0x1280c</run_address>
         <size>0x82b</size>
         <input_file_ref idref="fl-15"/>
      </object_component>
      <object_component id="oc-b8">
         <name>.debug_info</name>
         <load_address>0x13037</load_address>
         <run_address>0x13037</run_address>
         <size>0x32eb</size>
         <input_file_ref idref="fl-16"/>
      </object_component>
      <object_component id="oc-c0">
         <name>.debug_info</name>
         <load_address>0x16322</load_address>
         <run_address>0x16322</run_address>
         <size>0x26d7</size>
         <input_file_ref idref="fl-17"/>
      </object_component>
      <object_component id="oc-c6">
         <name>.debug_info</name>
         <load_address>0x189f9</load_address>
         <run_address>0x189f9</run_address>
         <size>0x1ee2</size>
         <input_file_ref idref="fl-18"/>
      </object_component>
      <object_component id="oc-cd">
         <name>.debug_info</name>
         <load_address>0x1a8db</load_address>
         <run_address>0x1a8db</run_address>
         <size>0x13be</size>
         <input_file_ref idref="fl-19"/>
      </object_component>
      <object_component id="oc-d3">
         <name>.debug_info</name>
         <load_address>0x1bc99</load_address>
         <run_address>0x1bc99</run_address>
         <size>0x1d73</size>
         <input_file_ref idref="fl-1a"/>
      </object_component>
      <object_component id="oc-da">
         <name>.debug_info</name>
         <load_address>0x1da0c</load_address>
         <run_address>0x1da0c</run_address>
         <size>0x109</size>
         <input_file_ref idref="fl-1b"/>
      </object_component>
      <object_component id="oc-e0">
         <name>.debug_info</name>
         <load_address>0x1db15</load_address>
         <run_address>0x1db15</run_address>
         <size>0x14d</size>
         <input_file_ref idref="fl-1c"/>
      </object_component>
      <object_component id="oc-e5">
         <name>.debug_info</name>
         <load_address>0x1dc62</load_address>
         <run_address>0x1dc62</run_address>
         <size>0x109</size>
         <input_file_ref idref="fl-1d"/>
      </object_component>
      <object_component id="oc-e9">
         <name>.debug_info</name>
         <load_address>0x1dd6b</load_address>
         <run_address>0x1dd6b</run_address>
         <size>0x1eaf</size>
         <input_file_ref idref="fl-1e"/>
      </object_component>
      <object_component id="oc-ee">
         <name>.debug_info</name>
         <load_address>0x1fc1a</load_address>
         <run_address>0x1fc1a</run_address>
         <size>0x9e5</size>
         <input_file_ref idref="fl-1f"/>
      </object_component>
      <object_component id="oc-f4">
         <name>.debug_info</name>
         <load_address>0x205ff</load_address>
         <run_address>0x205ff</run_address>
         <size>0x2822</size>
         <input_file_ref idref="fl-20"/>
      </object_component>
      <object_component id="oc-fa">
         <name>.debug_info</name>
         <load_address>0x22e21</load_address>
         <run_address>0x22e21</run_address>
         <size>0x5da7</size>
         <input_file_ref idref="fl-21"/>
      </object_component>
      <object_component id="oc-ff">
         <name>.debug_info</name>
         <load_address>0x28bc8</load_address>
         <run_address>0x28bc8</run_address>
         <size>0x133a5</size>
         <input_file_ref idref="fl-22"/>
      </object_component>
      <object_component id="oc-133">
         <name>.debug_info</name>
         <load_address>0x3bf6d</load_address>
         <run_address>0x3bf6d</run_address>
         <size>0x1bb5</size>
         <input_file_ref idref="fl-23"/>
      </object_component>
      <object_component id="oc-138">
         <name>.debug_info</name>
         <load_address>0x3db22</load_address>
         <run_address>0x3db22</run_address>
         <size>0x380</size>
         <input_file_ref idref="fl-24"/>
      </object_component>
      <object_component id="oc-13d">
         <name>.debug_info</name>
         <load_address>0x3dea2</load_address>
         <run_address>0x3dea2</run_address>
         <size>0xb8d</size>
         <input_file_ref idref="fl-25"/>
      </object_component>
      <object_component id="oc-142">
         <name>.debug_info</name>
         <load_address>0x3ea2f</load_address>
         <run_address>0x3ea2f</run_address>
         <size>0x22e5</size>
         <input_file_ref idref="fl-26"/>
      </object_component>
      <object_component id="oc-147">
         <name>.debug_info</name>
         <load_address>0x40d14</load_address>
         <run_address>0x40d14</run_address>
         <size>0x1e23</size>
         <input_file_ref idref="fl-27"/>
      </object_component>
      <object_component id="oc-14c">
         <name>.debug_info</name>
         <load_address>0x42b37</load_address>
         <run_address>0x42b37</run_address>
         <size>0x210e</size>
         <input_file_ref idref="fl-28"/>
      </object_component>
      <object_component id="oc-151">
         <name>.debug_info</name>
         <load_address>0x44c45</load_address>
         <run_address>0x44c45</run_address>
         <size>0x39b</size>
         <input_file_ref idref="fl-29"/>
      </object_component>
      <object_component id="oc-158">
         <name>.debug_info</name>
         <load_address>0x44fe0</load_address>
         <run_address>0x44fe0</run_address>
         <size>0x16c</size>
         <input_file_ref idref="fl-34"/>
      </object_component>
      <object_component id="oc-15c">
         <name>.debug_info</name>
         <load_address>0x4514c</load_address>
         <run_address>0x4514c</run_address>
         <size>0x628</size>
         <input_file_ref idref="fl-35"/>
      </object_component>
      <object_component id="oc-162">
         <name>.debug_info</name>
         <load_address>0x45774</load_address>
         <run_address>0x45774</run_address>
         <size>0x113</size>
         <input_file_ref idref="fl-36"/>
      </object_component>
      <object_component id="oc-166">
         <name>.debug_info</name>
         <load_address>0x45887</load_address>
         <run_address>0x45887</run_address>
         <size>0x5ac</size>
         <input_file_ref idref="fl-37"/>
      </object_component>
      <object_component id="oc-16d">
         <name>.debug_info</name>
         <load_address>0x45e33</load_address>
         <run_address>0x45e33</run_address>
         <size>0x470</size>
         <input_file_ref idref="fl-38"/>
      </object_component>
      <object_component id="oc-172">
         <name>.debug_info</name>
         <load_address>0x462a3</load_address>
         <run_address>0x462a3</run_address>
         <size>0x3e3</size>
         <input_file_ref idref="fl-39"/>
      </object_component>
      <object_component id="oc-177">
         <name>.debug_info</name>
         <load_address>0x46686</load_address>
         <run_address>0x46686</run_address>
         <size>0x3e0</size>
         <input_file_ref idref="fl-3a"/>
      </object_component>
      <object_component id="oc-17c">
         <name>.debug_info</name>
         <load_address>0x46a66</load_address>
         <run_address>0x46a66</run_address>
         <size>0x502</size>
         <input_file_ref idref="fl-3b"/>
      </object_component>
      <object_component id="oc-181">
         <name>.debug_info</name>
         <load_address>0x46f68</load_address>
         <run_address>0x46f68</run_address>
         <size>0x4cf</size>
         <input_file_ref idref="fl-3c"/>
      </object_component>
      <object_component id="oc-208">
         <name>.debug_info</name>
         <load_address>0x47437</load_address>
         <run_address>0x47437</run_address>
         <size>0xa8</size>
      </object_component>
      <object_component id="oc-4f">
         <name>.debug_abbrev</name>
         <load_address>0x0</load_address>
         <run_address>0x0</run_address>
         <size>0x21</size>
         <input_file_ref idref="fl-2"/>
      </object_component>
      <object_component id="oc-53">
         <name>.debug_abbrev</name>
         <load_address>0x21</load_address>
         <run_address>0x21</run_address>
         <size>0x10b</size>
         <input_file_ref idref="fl-3"/>
      </object_component>
      <object_component id="oc-58">
         <name>.debug_abbrev</name>
         <load_address>0x12c</load_address>
         <run_address>0x12c</run_address>
         <size>0x15d</size>
         <input_file_ref idref="fl-4"/>
      </object_component>
      <object_component id="oc-5b">
         <name>.debug_abbrev</name>
         <load_address>0x289</load_address>
         <run_address>0x289</run_address>
         <size>0x21</size>
         <input_file_ref idref="fl-5"/>
      </object_component>
      <object_component id="oc-5f">
         <name>.debug_abbrev</name>
         <load_address>0x2aa</load_address>
         <run_address>0x2aa</run_address>
         <size>0xce</size>
         <input_file_ref idref="fl-6"/>
      </object_component>
      <object_component id="oc-64">
         <name>.debug_abbrev</name>
         <load_address>0x378</load_address>
         <run_address>0x378</run_address>
         <size>0xf7</size>
         <input_file_ref idref="fl-7"/>
      </object_component>
      <object_component id="oc-69">
         <name>.debug_abbrev</name>
         <load_address>0x46f</load_address>
         <run_address>0x46f</run_address>
         <size>0xf7</size>
         <input_file_ref idref="fl-8"/>
      </object_component>
      <object_component id="oc-6e">
         <name>.debug_abbrev</name>
         <load_address>0x566</load_address>
         <run_address>0x566</run_address>
         <size>0x120</size>
         <input_file_ref idref="fl-9"/>
      </object_component>
      <object_component id="oc-73">
         <name>.debug_abbrev</name>
         <load_address>0x686</load_address>
         <run_address>0x686</run_address>
         <size>0xce</size>
         <input_file_ref idref="fl-a"/>
      </object_component>
      <object_component id="oc-78">
         <name>.debug_abbrev</name>
         <load_address>0x754</load_address>
         <run_address>0x754</run_address>
         <size>0xf7</size>
         <input_file_ref idref="fl-b"/>
      </object_component>
      <object_component id="oc-7e">
         <name>.debug_abbrev</name>
         <load_address>0x84b</load_address>
         <run_address>0x84b</run_address>
         <size>0xf2</size>
         <input_file_ref idref="fl-c"/>
      </object_component>
      <object_component id="oc-83">
         <name>.debug_abbrev</name>
         <load_address>0x93d</load_address>
         <run_address>0x93d</run_address>
         <size>0xce</size>
         <input_file_ref idref="fl-d"/>
      </object_component>
      <object_component id="oc-8a">
         <name>.debug_abbrev</name>
         <load_address>0xa0b</load_address>
         <run_address>0xa0b</run_address>
         <size>0x1c5</size>
         <input_file_ref idref="fl-e"/>
      </object_component>
      <object_component id="oc-91">
         <name>.debug_abbrev</name>
         <load_address>0xbd0</load_address>
         <run_address>0xbd0</run_address>
         <size>0x1f5</size>
         <input_file_ref idref="fl-f"/>
      </object_component>
      <object_component id="oc-96">
         <name>.debug_abbrev</name>
         <load_address>0xdc5</load_address>
         <run_address>0xdc5</run_address>
         <size>0xb9</size>
         <input_file_ref idref="fl-10"/>
      </object_component>
      <object_component id="oc-9c">
         <name>.debug_abbrev</name>
         <load_address>0xe7e</load_address>
         <run_address>0xe7e</run_address>
         <size>0x1a0</size>
         <input_file_ref idref="fl-11"/>
      </object_component>
      <object_component id="oc-a3">
         <name>.debug_abbrev</name>
         <load_address>0x101e</load_address>
         <run_address>0x101e</run_address>
         <size>0x1cd</size>
         <input_file_ref idref="fl-12"/>
      </object_component>
      <object_component id="oc-aa">
         <name>.debug_abbrev</name>
         <load_address>0x11eb</load_address>
         <run_address>0x11eb</run_address>
         <size>0x1ca</size>
         <input_file_ref idref="fl-13"/>
      </object_component>
      <object_component id="oc-b0">
         <name>.debug_abbrev</name>
         <load_address>0x13b5</load_address>
         <run_address>0x13b5</run_address>
         <size>0xa7</size>
         <input_file_ref idref="fl-14"/>
      </object_component>
      <object_component id="oc-b6">
         <name>.debug_abbrev</name>
         <load_address>0x145c</load_address>
         <run_address>0x145c</run_address>
         <size>0xb0</size>
         <input_file_ref idref="fl-15"/>
      </object_component>
      <object_component id="oc-be">
         <name>.debug_abbrev</name>
         <load_address>0x150c</load_address>
         <run_address>0x150c</run_address>
         <size>0x1aa</size>
         <input_file_ref idref="fl-16"/>
      </object_component>
      <object_component id="oc-c4">
         <name>.debug_abbrev</name>
         <load_address>0x16b6</load_address>
         <run_address>0x16b6</run_address>
         <size>0x17e</size>
         <input_file_ref idref="fl-17"/>
      </object_component>
      <object_component id="oc-cb">
         <name>.debug_abbrev</name>
         <load_address>0x1834</load_address>
         <run_address>0x1834</run_address>
         <size>0x1af</size>
         <input_file_ref idref="fl-18"/>
      </object_component>
      <object_component id="oc-d1">
         <name>.debug_abbrev</name>
         <load_address>0x19e3</load_address>
         <run_address>0x19e3</run_address>
         <size>0x175</size>
         <input_file_ref idref="fl-19"/>
      </object_component>
      <object_component id="oc-d7">
         <name>.debug_abbrev</name>
         <load_address>0x1b58</load_address>
         <run_address>0x1b58</run_address>
         <size>0x16c</size>
         <input_file_ref idref="fl-1a"/>
      </object_component>
      <object_component id="oc-dc">
         <name>.debug_abbrev</name>
         <load_address>0x1cc4</load_address>
         <run_address>0x1cc4</run_address>
         <size>0x2f</size>
         <input_file_ref idref="fl-1b"/>
      </object_component>
      <object_component id="oc-e2">
         <name>.debug_abbrev</name>
         <load_address>0x1cf3</load_address>
         <run_address>0x1cf3</run_address>
         <size>0x21</size>
         <input_file_ref idref="fl-1c"/>
      </object_component>
      <object_component id="oc-e7">
         <name>.debug_abbrev</name>
         <load_address>0x1d14</load_address>
         <run_address>0x1d14</run_address>
         <size>0x2f</size>
         <input_file_ref idref="fl-1d"/>
      </object_component>
      <object_component id="oc-ec">
         <name>.debug_abbrev</name>
         <load_address>0x1d43</load_address>
         <run_address>0x1d43</run_address>
         <size>0x10f</size>
         <input_file_ref idref="fl-1e"/>
      </object_component>
      <object_component id="oc-f2">
         <name>.debug_abbrev</name>
         <load_address>0x1e52</load_address>
         <run_address>0x1e52</run_address>
         <size>0xfd</size>
         <input_file_ref idref="fl-1f"/>
      </object_component>
      <object_component id="oc-f8">
         <name>.debug_abbrev</name>
         <load_address>0x1f4f</load_address>
         <run_address>0x1f4f</run_address>
         <size>0xa8</size>
         <input_file_ref idref="fl-20"/>
      </object_component>
      <object_component id="oc-fd">
         <name>.debug_abbrev</name>
         <load_address>0x1ff7</load_address>
         <run_address>0x1ff7</run_address>
         <size>0x151</size>
         <input_file_ref idref="fl-21"/>
      </object_component>
      <object_component id="oc-132">
         <name>.debug_abbrev</name>
         <load_address>0x2148</load_address>
         <run_address>0x2148</run_address>
         <size>0xb7</size>
         <input_file_ref idref="fl-22"/>
      </object_component>
      <object_component id="oc-136">
         <name>.debug_abbrev</name>
         <load_address>0x21ff</load_address>
         <run_address>0x21ff</run_address>
         <size>0xdc</size>
         <input_file_ref idref="fl-23"/>
      </object_component>
      <object_component id="oc-13b">
         <name>.debug_abbrev</name>
         <load_address>0x22db</load_address>
         <run_address>0x22db</run_address>
         <size>0x93</size>
         <input_file_ref idref="fl-24"/>
      </object_component>
      <object_component id="oc-140">
         <name>.debug_abbrev</name>
         <load_address>0x236e</load_address>
         <run_address>0x236e</run_address>
         <size>0xc8</size>
         <input_file_ref idref="fl-25"/>
      </object_component>
      <object_component id="oc-145">
         <name>.debug_abbrev</name>
         <load_address>0x2436</load_address>
         <run_address>0x2436</run_address>
         <size>0x116</size>
         <input_file_ref idref="fl-26"/>
      </object_component>
      <object_component id="oc-14a">
         <name>.debug_abbrev</name>
         <load_address>0x254c</load_address>
         <run_address>0x254c</run_address>
         <size>0xea</size>
         <input_file_ref idref="fl-27"/>
      </object_component>
      <object_component id="oc-14f">
         <name>.debug_abbrev</name>
         <load_address>0x2636</load_address>
         <run_address>0x2636</run_address>
         <size>0x17b</size>
         <input_file_ref idref="fl-28"/>
      </object_component>
      <object_component id="oc-154">
         <name>.debug_abbrev</name>
         <load_address>0x27b1</load_address>
         <run_address>0x27b1</run_address>
         <size>0xaf</size>
         <input_file_ref idref="fl-29"/>
      </object_component>
      <object_component id="oc-15a">
         <name>.debug_abbrev</name>
         <load_address>0x2860</load_address>
         <run_address>0x2860</run_address>
         <size>0x46</size>
         <input_file_ref idref="fl-34"/>
      </object_component>
      <object_component id="oc-15f">
         <name>.debug_abbrev</name>
         <load_address>0x28a6</load_address>
         <run_address>0x28a6</run_address>
         <size>0xfa</size>
         <input_file_ref idref="fl-35"/>
      </object_component>
      <object_component id="oc-164">
         <name>.debug_abbrev</name>
         <load_address>0x29a0</load_address>
         <run_address>0x29a0</run_address>
         <size>0x32</size>
         <input_file_ref idref="fl-36"/>
      </object_component>
      <object_component id="oc-16b">
         <name>.debug_abbrev</name>
         <load_address>0x29d2</load_address>
         <run_address>0x29d2</run_address>
         <size>0x142</size>
         <input_file_ref idref="fl-37"/>
      </object_component>
      <object_component id="oc-170">
         <name>.debug_abbrev</name>
         <load_address>0x2b14</load_address>
         <run_address>0x2b14</run_address>
         <size>0xa8</size>
         <input_file_ref idref="fl-38"/>
      </object_component>
      <object_component id="oc-175">
         <name>.debug_abbrev</name>
         <load_address>0x2bbc</load_address>
         <run_address>0x2bbc</run_address>
         <size>0x68</size>
         <input_file_ref idref="fl-39"/>
      </object_component>
      <object_component id="oc-17a">
         <name>.debug_abbrev</name>
         <load_address>0x2c24</load_address>
         <run_address>0x2c24</run_address>
         <size>0x66</size>
         <input_file_ref idref="fl-3a"/>
      </object_component>
      <object_component id="oc-17f">
         <name>.debug_abbrev</name>
         <load_address>0x2c8a</load_address>
         <run_address>0x2c8a</run_address>
         <size>0xb2</size>
         <input_file_ref idref="fl-3b"/>
      </object_component>
      <object_component id="oc-184">
         <name>.debug_abbrev</name>
         <load_address>0x2d3c</load_address>
         <run_address>0x2d3c</run_address>
         <size>0xfe</size>
         <input_file_ref idref="fl-3c"/>
      </object_component>
      <object_component id="oc-209">
         <name>.debug_abbrev</name>
         <load_address>0x2e3a</load_address>
         <run_address>0x2e3a</run_address>
         <size>0xf</size>
      </object_component>
      <object_component id="oc-51">
         <name>.debug_frame</name>
         <load_address>0x0</load_address>
         <run_address>0x0</run_address>
         <size>0xdf</size>
         <input_file_ref idref="fl-3"/>
      </object_component>
      <object_component id="oc-56">
         <name>.debug_frame</name>
         <load_address>0xdf</load_address>
         <run_address>0xdf</run_address>
         <size>0x131</size>
         <input_file_ref idref="fl-4"/>
      </object_component>
      <object_component id="oc-5d">
         <name>.debug_frame</name>
         <load_address>0x210</load_address>
         <run_address>0x210</run_address>
         <size>0xa8</size>
         <input_file_ref idref="fl-6"/>
      </object_component>
      <object_component id="oc-62">
         <name>.debug_frame</name>
         <load_address>0x2b8</load_address>
         <run_address>0x2b8</run_address>
         <size>0xc3</size>
         <input_file_ref idref="fl-7"/>
      </object_component>
      <object_component id="oc-67">
         <name>.debug_frame</name>
         <load_address>0x37b</load_address>
         <run_address>0x37b</run_address>
         <size>0xfa</size>
         <input_file_ref idref="fl-8"/>
      </object_component>
      <object_component id="oc-6c">
         <name>.debug_frame</name>
         <load_address>0x475</load_address>
         <run_address>0x475</run_address>
         <size>0x167</size>
         <input_file_ref idref="fl-9"/>
      </object_component>
      <object_component id="oc-71">
         <name>.debug_frame</name>
         <load_address>0x5dc</load_address>
         <run_address>0x5dc</run_address>
         <size>0xa8</size>
         <input_file_ref idref="fl-a"/>
      </object_component>
      <object_component id="oc-76">
         <name>.debug_frame</name>
         <load_address>0x684</load_address>
         <run_address>0x684</run_address>
         <size>0xc2</size>
         <input_file_ref idref="fl-b"/>
      </object_component>
      <object_component id="oc-7c">
         <name>.debug_frame</name>
         <load_address>0x746</load_address>
         <run_address>0x746</run_address>
         <size>0xc2</size>
         <input_file_ref idref="fl-c"/>
      </object_component>
      <object_component id="oc-81">
         <name>.debug_frame</name>
         <load_address>0x808</load_address>
         <run_address>0x808</run_address>
         <size>0xdd</size>
         <input_file_ref idref="fl-d"/>
      </object_component>
      <object_component id="oc-88">
         <name>.debug_frame</name>
         <load_address>0x8e5</load_address>
         <run_address>0x8e5</run_address>
         <size>0x131</size>
         <input_file_ref idref="fl-e"/>
      </object_component>
      <object_component id="oc-8f">
         <name>.debug_frame</name>
         <load_address>0xa16</load_address>
         <run_address>0xa16</run_address>
         <size>0x1ad</size>
         <input_file_ref idref="fl-f"/>
      </object_component>
      <object_component id="oc-94">
         <name>.debug_frame</name>
         <load_address>0xbc3</load_address>
         <run_address>0xbc3</run_address>
         <size>0xa7</size>
         <input_file_ref idref="fl-10"/>
      </object_component>
      <object_component id="oc-9a">
         <name>.debug_frame</name>
         <load_address>0xc6a</load_address>
         <run_address>0xc6a</run_address>
         <size>0x158</size>
         <input_file_ref idref="fl-11"/>
      </object_component>
      <object_component id="oc-a1">
         <name>.debug_frame</name>
         <load_address>0xdc2</load_address>
         <run_address>0xdc2</run_address>
         <size>0x1f0</size>
         <input_file_ref idref="fl-12"/>
      </object_component>
      <object_component id="oc-a8">
         <name>.debug_frame</name>
         <load_address>0xfb2</load_address>
         <run_address>0xfb2</run_address>
         <size>0x20e</size>
         <input_file_ref idref="fl-13"/>
      </object_component>
      <object_component id="oc-ae">
         <name>.debug_frame</name>
         <load_address>0x11c0</load_address>
         <run_address>0x11c0</run_address>
         <size>0xd7</size>
         <input_file_ref idref="fl-14"/>
      </object_component>
      <object_component id="oc-b4">
         <name>.debug_frame</name>
         <load_address>0x1297</load_address>
         <run_address>0x1297</run_address>
         <size>0xf2</size>
         <input_file_ref idref="fl-15"/>
      </object_component>
      <object_component id="oc-bc">
         <name>.debug_frame</name>
         <load_address>0x1389</load_address>
         <run_address>0x1389</run_address>
         <size>0x1e3</size>
         <input_file_ref idref="fl-16"/>
      </object_component>
      <object_component id="oc-c2">
         <name>.debug_frame</name>
         <load_address>0x156c</load_address>
         <run_address>0x156c</run_address>
         <size>0x1e2</size>
         <input_file_ref idref="fl-17"/>
      </object_component>
      <object_component id="oc-c9">
         <name>.debug_frame</name>
         <load_address>0x174e</load_address>
         <run_address>0x174e</run_address>
         <size>0x15b</size>
         <input_file_ref idref="fl-18"/>
      </object_component>
      <object_component id="oc-cf">
         <name>.debug_frame</name>
         <load_address>0x18a9</load_address>
         <run_address>0x18a9</run_address>
         <size>0x110</size>
         <input_file_ref idref="fl-19"/>
      </object_component>
      <object_component id="oc-d5">
         <name>.debug_frame</name>
         <load_address>0x19b9</load_address>
         <run_address>0x19b9</run_address>
         <size>0xbd</size>
         <input_file_ref idref="fl-1a"/>
      </object_component>
      <object_component id="oc-ea">
         <name>.debug_frame</name>
         <load_address>0x1a76</load_address>
         <run_address>0x1a76</run_address>
         <size>0x8c</size>
         <input_file_ref idref="fl-1e"/>
      </object_component>
      <object_component id="oc-f0">
         <name>.debug_frame</name>
         <load_address>0x1b02</load_address>
         <run_address>0x1b02</run_address>
         <size>0xbc</size>
         <input_file_ref idref="fl-1f"/>
      </object_component>
      <object_component id="oc-f6">
         <name>.debug_frame</name>
         <load_address>0x1bbe</load_address>
         <run_address>0x1bbe</run_address>
         <size>0xbf7</size>
         <input_file_ref idref="fl-20"/>
      </object_component>
      <object_component id="oc-fb">
         <name>.debug_frame</name>
         <load_address>0x27b5</load_address>
         <run_address>0x27b5</run_address>
         <size>0x8c</size>
         <input_file_ref idref="fl-21"/>
      </object_component>
      <object_component id="oc-134">
         <name>.debug_frame</name>
         <load_address>0x2841</load_address>
         <run_address>0x2841</run_address>
         <size>0x8c</size>
         <input_file_ref idref="fl-23"/>
      </object_component>
      <object_component id="oc-139">
         <name>.debug_frame</name>
         <load_address>0x28cd</load_address>
         <run_address>0x28cd</run_address>
         <size>0x8c</size>
         <input_file_ref idref="fl-24"/>
      </object_component>
      <object_component id="oc-13e">
         <name>.debug_frame</name>
         <load_address>0x2959</load_address>
         <run_address>0x2959</run_address>
         <size>0xb6</size>
         <input_file_ref idref="fl-25"/>
      </object_component>
      <object_component id="oc-143">
         <name>.debug_frame</name>
         <load_address>0x2a0f</load_address>
         <run_address>0x2a0f</run_address>
         <size>0xa7</size>
         <input_file_ref idref="fl-26"/>
      </object_component>
      <object_component id="oc-148">
         <name>.debug_frame</name>
         <load_address>0x2ab6</load_address>
         <run_address>0x2ab6</run_address>
         <size>0xf5</size>
         <input_file_ref idref="fl-27"/>
      </object_component>
      <object_component id="oc-14d">
         <name>.debug_frame</name>
         <load_address>0x2bab</load_address>
         <run_address>0x2bab</run_address>
         <size>0x118</size>
         <input_file_ref idref="fl-28"/>
      </object_component>
      <object_component id="oc-152">
         <name>.debug_frame</name>
         <load_address>0x2cc3</load_address>
         <run_address>0x2cc3</run_address>
         <size>0x8c</size>
         <input_file_ref idref="fl-29"/>
      </object_component>
      <object_component id="oc-15d">
         <name>.debug_frame</name>
         <load_address>0x2d4f</load_address>
         <run_address>0x2d4f</run_address>
         <size>0xba</size>
         <input_file_ref idref="fl-35"/>
      </object_component>
      <object_component id="oc-169">
         <name>.debug_frame</name>
         <load_address>0x2e09</load_address>
         <run_address>0x2e09</run_address>
         <size>0xbf</size>
         <input_file_ref idref="fl-37"/>
      </object_component>
      <object_component id="oc-16e">
         <name>.debug_frame</name>
         <load_address>0x2ec8</load_address>
         <run_address>0x2ec8</run_address>
         <size>0xa1</size>
         <input_file_ref idref="fl-38"/>
      </object_component>
      <object_component id="oc-173">
         <name>.debug_frame</name>
         <load_address>0x2f69</load_address>
         <run_address>0x2f69</run_address>
         <size>0xa1</size>
         <input_file_ref idref="fl-39"/>
      </object_component>
      <object_component id="oc-178">
         <name>.debug_frame</name>
         <load_address>0x300a</load_address>
         <run_address>0x300a</run_address>
         <size>0xa1</size>
         <input_file_ref idref="fl-3a"/>
      </object_component>
      <object_component id="oc-17d">
         <name>.debug_frame</name>
         <load_address>0x30ab</load_address>
         <run_address>0x30ab</run_address>
         <size>0xcb</size>
         <input_file_ref idref="fl-3b"/>
      </object_component>
      <object_component id="oc-182">
         <name>.debug_frame</name>
         <load_address>0x3176</load_address>
         <run_address>0x3176</run_address>
         <size>0xa1</size>
         <input_file_ref idref="fl-3c"/>
      </object_component>
      <object_component id="oc-52">
         <name>.debug_line</name>
         <load_address>0x0</load_address>
         <run_address>0x0</run_address>
         <size>0x12e</size>
         <input_file_ref idref="fl-3"/>
      </object_component>
[...]
         <value>0x923a</value>
         <object_component_ref idref="oc-f5"/>
      </symbol>
      <symbol id="sm-4ee">
         <name>_USER12_ISR</name>
         <value>0x90b4</value>
         <object_component_ref idref="oc-f5"/>
      </symbol>
      <symbol id="sm-4ef">
         <name>_ADCINT_ISR</name>
         <value>0x90e6</value>
         <object_component_ref idref="oc-f5"/>
      </symbol>
      <symbol id="sm-4f0">
         <name>_USER1_ISR</name>
         <value>0x9046</value>
         <object_component_ref idref="oc-f5"/>
      </symbol>
      <symbol id="sm-4f1">
         <name>_XINT3_ISR</name>
         <value>0x92bc</value>
         <object_component_ref idref="oc-f5"/>
      </symbol>
      <symbol id="sm-4f2">
         <name>_EPWM5_INT_ISR</name>
         <value>0x9168</value>
         <object_component_ref idref="oc-f5"/>
      </symbol>
      <symbol id="sm-4f3">
         <name>_NMI_ISR</name>
         <value>0x9032</value>
         <object_component_ref idref="oc-f5"/>
      </symbol>
      <symbol id="sm-4f4">
         <name>_SCITXINTB_ISR</name>
         <value>0x928a</value>
         <object_component_ref idref="oc-f5"/>
      </symbol>
      <symbol id="sm-4f5">
         <name>_SCIRXINTB_ISR</name>
         <value>0x9280</value>
         <object_component_ref idref="oc-f5"/>
      </symbol>
      <symbol id="sm-4f6">
         <name>_ECAN1INTA_ISR</name>
         <value>0x929e</value>
         <object_component_ref idref="oc-f5"/>
      </symbol>
      <symbol id="sm-4f7">
         <name>_ECAP2_INT_ISR</name>
         <value>0x9186</value>
         <object_component_ref idref="oc-f5"/>
      </symbol>
      <symbol id="sm-4f8">
         <name>_PIE_RESERVED</name>
         <value>0x9302</value>
         <object_component_ref idref="oc-f5"/>
      </symbol>
      <symbol id="sm-4f9">
         <name>_I2CINT1A_ISR</name>
         <value>0x9244</value>
         <object_component_ref idref="oc-f5"/>
      </symbol>
      <symbol id="sm-4fa">
         <name>_XINT2_ISR</name>
         <value>0x90dc</value>
         <object_component_ref idref="oc-f5"/>
      </symbol>
      <symbol id="sm-4fb">
         <name>_I2CINT2A_ISR</name>
         <value>0x924e</value>
         <object_component_ref idref="oc-f5"/>
      </symbol>
      <symbol id="sm-4fc">
         <name>_SCITXINTC_ISR</name>
         <value>0x9262</value>
         <object_component_ref idref="oc-f5"/>
      </symbol>
      <symbol id="sm-4fd">
         <name>_SCIRXINTC_ISR</name>
         <value>0x9258</value>
         <object_component_ref idref="oc-f5"/>
      </symbol>
      <symbol id="sm-4fe">
         <name>_RTOSINT_ISR</name>
         <value>0x901e</value>
         <object_component_ref idref="oc-f5"/>
      </symbol>
      <symbol id="sm-4ff">
         <name>_EPWM3_INT_ISR</name>
         <value>0x9154</value>
         <object_component_ref idref="oc-f5"/>
      </symbol>
      <symbol id="sm-500">
         <name>_ECAN1INTB_ISR</name>
         <value>0x92b2</value>
         <object_component_ref idref="oc-f5"/>
      </symbol>
      <symbol id="sm-501">
         <name>_USER9_ISR</name>
         <value>0x9096</value>
         <object_component_ref idref="oc-f5"/>
      </symbol>
      <symbol id="sm-502">
         <name>_USER3_ISR</name>
         <value>0x905a</value>
         <object_component_ref idref="oc-f5"/>
      </symbol>
      <symbol id="sm-503">
         <name>_EQEP1_INT_ISR</name>
         <value>0x91b8</value>
         <object_component_ref idref="oc-f5"/>
      </symbol>
      <symbol id="sm-504">
         <name>_MRINTB_ISR</name>
         <value>0x91e0</value>
         <object_component_ref idref="oc-f5"/>
      </symbol>
      <symbol id="sm-505">
         <name>_DINTCH1_ISR</name>
         <value>0x9208</value>
         <object_component_ref idref="oc-f5"/>
      </symbol>
      <symbol id="sm-506">
         <name>_USER8_ISR</name>
         <value>0x908c</value>
         <object_component_ref idref="oc-f5"/>
      </symbol>
      <symbol id="sm-507">
         <name>_EPWM1_INT_ISR</name>
         <value>0x9140</value>
         <object_component_ref idref="oc-f5"/>
      </symbol>
      <symbol id="sm-508">
         <name>_SEQ2INT_ISR</name>
         <value>0x90c8</value>
         <object_component_ref idref="oc-f5"/>
      </symbol>
      <symbol id="sm-509">
         <name>_USER2_ISR</name>
         <value>0x9050</value>
         <object_component_ref idref="oc-f5"/>
      </symbol>
      <symbol id="sm-50a">
         <name>_LUF_ISR</name>
         <value>0x92f8</value>
         <object_component_ref idref="oc-f5"/>
      </symbol>
      <symbol id="sm-50b">
         <name>_LVF_ISR</name>
         <value>0x92ee</value>
         <object_component_ref idref="oc-f5"/>
      </symbol>
      <symbol id="sm-50c">
         <name>_SCITXINTA_ISR</name>
         <value>0x9276</value>
         <object_component_ref idref="oc-f5"/>
      </symbol>
      <symbol id="sm-50d">
         <name>_SCIRXINTA_ISR</name>
         <value>0x926c</value>
         <object_component_ref idref="oc-f5"/>
      </symbol>
      <symbol id="sm-50e">
         <name>_rsvd_ISR</name>
         <value>0x930c</value>
         <object_component_ref idref="oc-f5"/>
      </symbol>
      <symbol id="sm-50f">
         <name>_ECAP5_INT_ISR</name>
         <value>0x91a4</value>
         <object_component_ref idref="oc-f5"/>
      </symbol>
      <symbol id="sm-510">
         <name>_DINTCH2_ISR</name>
         <value>0x9212</value>
         <object_component_ref idref="oc-f5"/>
      </symbol>
      <symbol id="sm-511">
         <name>_XINT5_ISR</name>
         <value>0x92d0</value>
         <object_component_ref idref="oc-f5"/>
      </symbol>
      <symbol id="sm-586">
         <name>_GpioCtrlRegs</name>
         <value>0x6f80</value>
         <object_component_ref idref="oc-122"/>
      </symbol>
      <symbol id="sm-587">
         <name>_PieVectTable</name>
         <value>0xd00</value>
         <object_component_ref idref="oc-131"/>
      </symbol>
      <symbol id="sm-588">
         <name>_ECap4Regs</name>
         <value>0x6a60</value>
         <object_component_ref idref="oc-112"/>
      </symbol>
      <symbol id="sm-589">
         <name>_CsmRegs</name>
         <value>0xae0</value>
         <object_component_ref idref="oc-10b"/>
      </symbol>
      <symbol id="sm-58a">
         <name>_ECanaLAMRegs</name>
         <value>0x6040</value>
         <object_component_ref idref="oc-127"/>
      </symbol>
      <symbol id="sm-58b">
         <name>_ECanbMOTORegs</name>
         <value>0x62c0</value>
         <object_component_ref idref="oc-129"/>
      </symbol>
      <symbol id="sm-58c">
         <name>_EPwm4Regs</name>
         <value>0x68c0</value>
         <object_component_ref idref="oc-11f"/>
      </symbol>
      <symbol id="sm-58d">
         <name>_ECap5Regs</name>
         <value>0x6a80</value>
         <object_component_ref idref="oc-117"/>
      </symbol>
      <symbol id="sm-58e">
         <name>_CpuTimer1Regs</name>
         <value>0xc08</value>
         <object_component_ref idref="oc-105"/>
      </symbol>
      <symbol id="sm-58f">
         <name>_SysCtrlRegs</name>
         <value>0x7010</value>
         <object_component_ref idref="oc-116"/>
      </symbol>
      <symbol id="sm-590">
         <name>_EPwm5Regs</name>
         <value>0x6900</value>
         <object_component_ref idref="oc-11c"/>
      </symbol>
      <symbol id="sm-591">
         <name>_SpiaRegs</name>
         <value>0x7040</value>
         <object_component_ref idref="oc-107"/>
      </symbol>
      <symbol id="sm-592">
         <name>_ECanaMOTSRegs</name>
         <value>0x6080</value>
         <object_component_ref idref="oc-128"/>
      </symbol>
      <symbol id="sm-593">
         <name>_ECap6Regs</name>
         <value>0x6aa0</value>
         <object_component_ref idref="oc-118"/>
      </symbol>
      <symbol id="sm-594">
         <name>_DmaRegs</name>
         <value>0x1000</value>
         <object_component_ref idref="oc-12e"/>
      </symbol>
      <symbol id="sm-595">
         <name>_FlashRegs</name>
         <value>0xa80</value>
         <object_component_ref idref="oc-103"/>
      </symbol>
      <symbol id="sm-596">
         <name>_CpuTimer0Regs</name>
         <value>0xc00</value>
         <object_component_ref idref="oc-104"/>
      </symbol>
      <symbol id="sm-597">
         <name>_DevEmuRegs</name>
         <value>0x880</value>
         <object_component_ref idref="oc-12d"/>
      </symbol>
      <symbol id="sm-598">
         <name>_McbspbRegs</name>
         <value>0x5040</value>
         <object_component_ref idref="oc-120"/>
      </symbol>
      <symbol id="sm-599">
         <name>_EPwm6Regs</name>
         <value>0x6940</value>
         <object_component_ref idref="oc-11d"/>
      </symbol>
      <symbol id="sm-59a">
         <name>_SciaRegs</name>
         <value>0x7050</value>
         <object_component_ref idref="oc-10a"/>
      </symbol>
      <symbol id="sm-59b">
         <name>_GpioDataRegs</name>
         <value>0x6fc0</value>
         <object_component_ref idref="oc-115"/>
      </symbol>
      <symbol id="sm-59c">
         <name>_CsmPwl</name>
         <value>0x33fff8</value>
         <object_component_ref idref="oc-102"/>
      </symbol>
      <symbol id="sm-59d">
         <name>_AdcRegs</name>
         <value>0x7100</value>
         <object_component_ref idref="oc-10f"/>
      </symbol>
      <symbol id="sm-59e">
         <name>_XIntruptRegs</name>
         <value>0x7070</value>
         <object_component_ref idref="oc-10d"/>
      </symbol>
      <symbol id="sm-59f">
         <name>_CpuTimer2Regs</name>
         <value>0xc10</value>
         <object_component_ref idref="oc-101"/>
      </symbol>
      <symbol id="sm-5a0">
         <name>_PieCtrlRegs</name>
         <value>0xce0</value>
         <object_component_ref idref="oc-10e"/>
      </symbol>
      <symbol id="sm-5a1">
         <name>_ECanbMOTSRegs</name>
         <value>0x6280</value>
         <object_component_ref idref="oc-126"/>
      </symbol>
      <symbol id="sm-5a2">
         <name>_ECanaRegs</name>
         <value>0x6000</value>
         <object_component_ref idref="oc-123"/>
      </symbol>
      <symbol id="sm-5a3">
         <name>_AdcMirror</name>
         <value>0xb00</value>
         <object_component_ref idref="oc-10c"/>
      </symbol>
      <symbol id="sm-5a4">
         <name>_ECanbMboxes</name>
         <value>0x6300</value>
         <object_component_ref idref="oc-12f"/>
      </symbol>
      <symbol id="sm-5a5">
         <name>_XintfRegs</name>
         <value>0xb20</value>
         <object_component_ref idref="oc-110"/>
      </symbol>
      <symbol id="sm-5a6">
         <name>_ScicRegs</name>
         <value>0x7770</value>
         <object_component_ref idref="oc-109"/>
      </symbol>
      <symbol id="sm-5a7">
         <name>_ECap1Regs</name>
         <value>0x6a00</value>
         <object_component_ref idref="oc-113"/>
      </symbol>
      <symbol id="sm-5a8">
         <name>_EQep1Regs</name>
         <value>0x6b00</value>
         <object_component_ref idref="oc-12a"/>
      </symbol>
      <symbol id="sm-5a9">
         <name>_McbspaRegs</name>
         <value>0x5000</value>
         <object_component_ref idref="oc-121"/>
      </symbol>
      <symbol id="sm-5aa">
         <name>_EPwm1Regs</name>
         <value>0x6800</value>
         <object_component_ref idref="oc-11e"/>
      </symbol>
      <symbol id="sm-5ab">
         <name>_ECanbRegs</name>
         <value>0x6200</value>
         <object_component_ref idref="oc-124"/>
      </symbol>
      <symbol id="sm-5ac">
         <name>_ScibRegs</name>
         <value>0x7750</value>
         <object_component_ref idref="oc-108"/>
      </symbol>
      <symbol id="sm-5ad">
         <name>_ECap2Regs</name>
         <value>0x6a20</value>
         <object_component_ref idref="oc-114"/>
      </symbol>
      <symbol id="sm-5ae">
         <name>_GpioIntRegs</name>
         <value>0x6fe0</value>
         <object_component_ref idref="oc-106"/>
      </symbol>
      <symbol id="sm-5af">
         <name>_EQep2Regs</name>
         <value>0x6b40</value>
         <object_component_ref idref="oc-12b"/>
      </symbol>
      <symbol id="sm-5b0">
         <name>_PartIdRegs</name>
         <value>0x380090</value>
         <object_component_ref idref="oc-100"/>
      </symbol>
      <symbol id="sm-5b1">
         <name>_EPwm2Regs</name>
         <value>0x6840</value>
         <object_component_ref idref="oc-119"/>
      </symbol>
      <symbol id="sm-5b2">
         <name>_ECanaMboxes</name>
         <value>0x6100</value>
         <object_component_ref idref="oc-130"/>
      </symbol>
      <symbol id="sm-5b3">
         <name>_ECap3Regs</name>
         <value>0x6a40</value>
         <object_component_ref idref="oc-111"/>
      </symbol>
      <symbol id="sm-5b4">
         <name>_ECanaMOTORegs</name>
         <value>0x60c0</value>
         <object_component_ref idref="oc-125"/>
      </symbol>
      <symbol id="sm-5b5">
         <name>_EPwm3Regs</name>
         <value>0x6880</value>
         <object_component_ref idref="oc-11a"/>
      </symbol>
      <symbol id="sm-5b6">
         <name>_ECanbLAMRegs</name>
         <value>0x6240</value>
         <object_component_ref idref="oc-12c"/>
      </symbol>
      <symbol id="sm-5b7">
         <name>_I2caRegs</name>
         <value>0x7900</value>
         <object_component_ref idref="oc-11b"/>
      </symbol>
      <symbol id="sm-5d8">
         <name>_InitPieCtrl</name>
         <value>0xa937</value>
         <object_component_ref idref="oc-19f"/>
      </symbol>
      <symbol id="sm-5d9">
         <name>_EnableInterrupts</name>
         <value>0xa956</value>
         <object_component_ref idref="oc-19f"/>
      </symbol>
      <symbol id="sm-5ea">
         <name>_PieVectTableInit</name>
         <value>0xd200</value>
         <object_component_ref idref="oc-1a6"/>
      </symbol>
      <symbol id="sm-5eb">
         <name>_InitPieVectTable</name>
         <value>0xa9a8</value>
         <object_component_ref idref="oc-1a0"/>
      </symbol>
      <symbol id="sm-5f8">
         <name>_InitScicGpio</name>
         <value>0xa6b9</value>
         <object_component_ref idref="oc-1ae"/>
      </symbol>
      <symbol id="sm-5f9">
         <name>_InitScibGpio</name>
         <value>0xa69f</value>
         <object_component_ref idref="oc-1ae"/>
      </symbol>
      <symbol id="sm-5fa">
         <name>_InitSciaGpio</name>
         <value>0xa689</value>
         <object_component_ref idref="oc-1ae"/>
      </symbol>
      <symbol id="sm-5fb">
         <name>_InitSciGpio</name>
         <value>0xa682</value>
         <object_component_ref idref="oc-1ae"/>
      </symbol>
      <symbol id="sm-5fc">
         <name>_InitSci</name>
         <value>0xa681</value>
         <object_component_ref idref="oc-1ae"/>
      </symbol>
      <symbol id="sm-612">
         <name>_InitPll</name>
         <value>0xa08f</value>
         <object_component_ref idref="oc-19e"/>
      </symbol>
      <symbol id="sm-613">
         <name>_DisableDog</name>
         <value>0xa087</value>
         <object_component_ref idref="oc-19e"/>
      </symbol>
      <symbol id="sm-614">
         <name>_InitPeripheralClocks</name>
         <value>0xa0e0</value>
         <object_component_ref idref="oc-19e"/>
      </symbol>
      <symbol id="sm-615">
         <name>_CsmUnlock</name>
         <value>0xa139</value>
         <object_component_ref idref="oc-19e"/>
      </symbol>
      <symbol id="sm-616">
         <name>_ServiceDog</name>
         <value>0xa07d</value>
         <object_component_ref idref="oc-19e"/>
      </symbol>
      <symbol id="sm-617">
         <name>_InitSysCtrl</name>
         <value>0xa074</value>
         <object_component_ref idref="oc-19e"/>
      </symbol>
      <symbol id="sm-63e">
         <name>_c_int00</name>
         <value>0xa62b</value>
         <object_component_ref idref="oc-4d"/>
      </symbol>
      <symbol id="sm-63f">
         <name>__stack</name>
         <value>0x400</value>
         <object_component_ref idref="oc-156"/>
      </symbol>
      <symbol id="sm-655">
         <name>_copy_in</name>
         <value>0xa84d</value>
         <object_component_ref idref="oc-187"/>
      </symbol>
      <symbol id="sm-664">
         <name>_ppcopy</name>
         <value>0xaa04</value>
         <object_component_ref idref="oc-161"/>
      </symbol>
      <symbol id="sm-665">
         <name>_dpcopy</name>
         <value>0xaa04</value>
         <object_component_ref idref="oc-161"/>
      </symbol>
      <symbol id="sm-666">
         <name>_pdcopy</name>
         <value>0xaa04</value>
         <object_component_ref idref="oc-161"/>
      </symbol>
      <symbol id="sm-667">
         <name>_ddcopy</name>
         <value>0xaa04</value>
         <object_component_ref idref="oc-161"/>
      </symbol>
      <symbol id="sm-67c">
         <name>C$$EXIT</name>
         <value>0xa90e</value>
         <object_component_ref idref="oc-18a"/>
      </symbol>
      <symbol id="sm-67d">
         <name>_exit</name>
         <value>0xa910</value>
         <object_component_ref idref="oc-18a"/>
      </symbol>
      <symbol id="sm-67e">
         <name>___TI_cleanup_ptr</name>
         <value>0xc97c</value>
         <object_component_ref idref="oc-168"/>
      </symbol>
      <symbol id="sm-67f">
         <name>___TI_enable_exit_profile_output</name>
         <value>0xc97a</value>
         <object_component_ref idref="oc-168"/>
      </symbol>
      <symbol id="sm-680">
         <name>_abort</name>
         <value>0xa90e</value>
         <object_component_ref idref="oc-18a"/>
      </symbol>
      <symbol id="sm-681">
         <name>___TI_dtors_ptr</name>
         <value>0xc97e</value>
         <object_component_ref idref="oc-168"/>
      </symbol>
      <symbol id="sm-693">
         <name>_memcpy</name>
         <value>0xa9e6</value>
         <object_component_ref idref="oc-198"/>
      </symbol>
      <symbol id="sm-6a0">
         <name>__system_pre_init</name>
         <value>0xaa48</value>
         <object_component_ref idref="oc-186"/>
      </symbol>
      <symbol id="sm-6ad">
         <name>__system_post_cinit</name>
         <value>0xaa4a</value>
         <object_component_ref idref="oc-188"/>
      </symbol>
      <symbol id="sm-6c2">
         <name>__unlock</name>
         <value>0xc996</value>
         <object_component_ref idref="oc-1a7"/>
      </symbol>
      <symbol id="sm-6c3">
         <name>__lock</name>
         <value>0xc994</value>
         <object_component_ref idref="oc-196"/>
      </symbol>
      <symbol id="sm-6c4">
         <name>__register_lock</name>
         <value>0xaa3b</value>
         <object_component_ref idref="oc-1a1"/>
      </symbol>
      <symbol id="sm-6c5">
         <name>__nop</name>
         <value>0xaa3f</value>
         <object_component_ref idref="oc-1a1"/>
      </symbol>
      <symbol id="sm-6c6">
         <name>__register_unlock</name>
         <value>0xaa37</value>
         <object_component_ref idref="oc-1a1"/>
      </symbol>
      <symbol id="sm-6d6">
         <name>__args_main</name>
         <value>0xaa1e</value>
         <object_component_ref idref="oc-189"/>
      </symbol>
   </symbol_table>
   <title>Link successful</title>
</link_info>
