<?xml version="1.0"?>
<link_info>
   <banner>TMS320C2000 Linker PC v15.12.3.LTS</banner>
   <copyright>Copyright (c) 1996-2015 Texas Instruments Incorporated</copyright>
   <link_time>0x59b2274a</link_time>
   <link_errors>0x0</link_errors>
   <output_file>FreeModBus_Slaver.out</output_file>
   <entry_point>
      <name>_c_int00</name>
      <address>0x9c44</address>
   </entry_point>
   <input_file_list>
      <input_file id="fl-2">
         <path>.\FreeModbus\modbus\ascii\</path>
         <kind>object</kind>
         <file>mbascii.obj</file>
         <name>mbascii.obj</name>
      </input_file>
      <input_file id="fl-3">
         <path>.\FreeModbus\modbus\functions\</path>
         <kind>object</kind>
         <file>mb_m.obj</file>
         <name>mb_m.obj</name>
      </input_file>
      <input_file id="fl-4">
         <path>.\FreeModbus\modbus\functions\</path>
         <kind>object</kind>
         <file>mbfunccoils.obj</file>
         <name>mbfunccoils.obj</name>
      </input_file>
      <input_file id="fl-5">
         <path>.\FreeModbus\modbus\functions\</path>
         <kind>object</kind>
         <file>mbfunccoils_m.obj</file>
         <name>mbfunccoils_m.obj</name>
      </input_file>
      <input_file id="fl-6">
         <path>.\FreeModbus\modbus\functions\</path>
         <kind>object</kind>
         <file>mbfuncdiag.obj</file>
         <name>mbfuncdiag.obj</name>
      </input_file>
      <input_file id="fl-7">
         <path>.\FreeModbus\modbus\functions\</path>
         <kind>object</kind>
         <file>mbfuncdisc.obj</file>
         <name>mbfuncdisc.obj</name>
      </input_file>
      <input_file id="fl-8">
         <path>.\FreeModbus\modbus\functions\</path>
         <kind>object</kind>
         <file>mbfuncdisc_m.obj</file>
         <name>mbfuncdisc_m.obj</name>
      </input_file>
      <input_file id="fl-9">
         <path>.\FreeModbus\modbus\functions\</path>
         <kind>object</kind>
         <file>mbfuncholding.obj</file>
         <name>mbfuncholding.obj</name>
      </input_file>
      <input_file id="fl-a">
         <path>.\FreeModbus\modbus\functions\</path>
         <kind>object</kind>
         <file>mbfuncholding_m.obj</file>
         <name>mbfuncholding_m.obj</name>
      </input_file>
      <input_file id="fl-b">
         <path>.\FreeModbus\modbus\functions\</path>
         <kind>object</kind>
         <file>mbfuncinput.obj</file>
         <name>mbfuncinput.obj</name>
      </input_file>
      <input_file id="fl-c">
         <path>.\FreeModbus\modbus\functions\</path>
         <kind>object</kind>
         <file>mbfuncinput_m.obj</file>
         <name>mbfuncinput_m.obj</name>
      </input_file>
      <input_file id="fl-d">
         <path>.\FreeModbus\modbus\functions\</path>
         <kind>object</kind>
         <file>mbfuncother.obj</file>
         <name>mbfuncother.obj</name>
      </input_file>
      <input_file id="fl-e">
         <path>.\FreeModbus\modbus\functions\</path>
         <kind>object</kind>
         <file>mbutils.obj</file>
         <name>mbutils.obj</name>
      </input_file>
      <input_file id="fl-f">
         <path>.\FreeModbus\modbus\</path>
         <kind>object</kind>
         <file>mb.obj</file>
         <name>mb.obj</name>
      </input_file>
      <input_file id="fl-10">
         <path>.\FreeModbus\modbus\rtu\</path>
         <kind>object</kind>
         <file>mbcrc.obj</file>
         <name>mbcrc.obj</name>
      </input_file>
      <input_file id="fl-11">
         <path>.\FreeModbus\modbus\rtu\</path>
         <kind>object</kind>
         <file>mbrtu.obj</file>
         <name>mbrtu.obj</name>
      </input_file>
      <input_file id="fl-12">
         <path>.\FreeModbus\modbus\rtu\</path>
         <kind>object</kind>
         <file>mbrtu_m.obj</file>
         <name>mbrtu_m.obj</name>
      </input_file>
      <input_file id="fl-13">
         <path>.\FreeModbus\port\src\</path>
         <kind>object</kind>
         <file>port.obj</file>
         <name>port.obj</name>
      </input_file>
      <input_file id="fl-14">
         <path>.\FreeModbus\port\src\</path>
         <kind>object</kind>
         <file>portevent.obj</file>
         <name>portevent.obj</name>
      </input_file>
      <input_file id="fl-15">
         <path>.\FreeModbus\port\src\</path>
         <kind>object</kind>
         <file>portevent_m.obj</file>
         <name>portevent_m.obj</name>
      </input_file>
      <input_file id="fl-16">
         <path>.\FreeModbus\port\src\</path>
         <kind>object</kind>
         <file>portserial.obj</file>
         <name>portserial.obj</name>
      </input_file>
      <input_file id="fl-17">
         <path>.\FreeModbus\port\src\</path>
         <kind>object</kind>
         <file>portserial_m.obj</file>
         <name>portserial_m.obj</name>
      </input_file>
      <input_file id="fl-18">
         <path>.\FreeModbus\port\src\</path>
         <kind>object</kind>
         <file>porttimer.obj</file>
         <name>porttimer.obj</name>
      </input_file>
      <input_file id="fl-19">
         <path>.\FreeModbus\port\src\</path>
         <kind>object</kind>
         <file>porttimer_m.obj</file>
         <name>porttimer_m.obj</name>
      </input_file>
      <input_file id="fl-1a">
         <path>.\user\src\</path>
         <kind>object</kind>
         <file>main.obj</file>
         <name>main.obj</name>
      </input_file>
      <input_file id="fl-1b">
         <path>.\user_lib\asm\</path>
         <kind>object</kind>
         <file>DSP2833x_ADC_cal.obj</file>
         <name>DSP2833x_ADC_cal.obj</name>
      </input_file>
      <input_file id="fl-1c">
         <path>.\user_lib\asm\</path>
         <kind>object</kind>
         <file>DSP2833x_CodeStartBranch.obj</file>
         <name>DSP2833x_CodeStartBranch.obj</name>
      </input_file>
      <input_file id="fl-1d">
         <path>.\user_lib\asm\</path>
         <kind>object</kind>
         <file>DSP2833x_usDelay.obj</file>
         <name>DSP2833x_usDelay.obj</name>
      </input_file>
      <input_file id="fl-1e">
         <path>.\user_lib\src\</path>
         <kind>object</kind>
         <file>DSP2833x_Adc.obj</file>
         <name>DSP2833x_Adc.obj</name>
      </input_file>
      <input_file id="fl-1f">
         <path>.\user_lib\src\</path>
         <kind>object</kind>
         <file>DSP2833x_CpuTimers.obj</file>
         <name>DSP2833x_CpuTimers.obj</name>
      </input_file>
      <input_file id="fl-20">
         <path>.\user_lib\src\</path>
         <kind>object</kind>
         <file>DSP2833x_DefaultIsr.obj</file>
         <name>DSP2833x_DefaultIsr.obj</name>
      </input_file>
      <input_file id="fl-21">
         <path>.\user_lib\src\</path>
         <kind>object</kind>
         <file>DSP2833x_ECan.obj</file>
         <name>DSP2833x_ECan.obj</name>
      </input_file>
      <input_file id="fl-22">
         <path>.\user_lib\src\</path>
         <kind>object</kind>
         <file>DSP2833x_GlobalVariableDefs.obj</file>
         <name>DSP2833x_GlobalVariableDefs.obj</name>
      </input_file>
      <input_file id="fl-23">
         <path>.\user_lib\src\</path>
         <kind>object</kind>
         <file>DSP2833x_Gpio.obj</file>
         <name>DSP2833x_Gpio.obj</name>
      </input_file>
      <input_file id="fl-24">
         <path>.\user_lib\src\</path>
         <kind>object</kind>
         <file>DSP2833x_MemCopy.obj</file>
         <name>DSP2833x_MemCopy.obj</name>
      </input_file>
      <input_file id="fl-25">
         <path>.\user_lib\src\</path>
         <kind>object</kind>
         <file>DSP2833x_PieCtrl.obj</file>
         <name>DSP2833x_PieCtrl.obj</name>
      </input_file>
      <input_file id="fl-26">
         <path>.\user_lib\src\</path>
         <kind>object</kind>
         <file>DSP2833x_PieVect.obj</file>
         <name>DSP2833x_PieVect.obj</name>
      </input_file>
      <input_file id="fl-27">
         <path>.\user_lib\src\</path>
         <kind>object</kind>
         <file>DSP2833x_Sci.obj</file>
         <name>DSP2833x_Sci.obj</name>
      </input_file>
      <input_file id="fl-28">
         <path>.\user_lib\src\</path>
         <kind>object</kind>
         <file>DSP2833x_SysCtrl.obj</file>
         <name>DSP2833x_SysCtrl.obj</name>
      </input_file>
      <input_file id="fl-29">
         <path>.\user_lib\src\</path>
         <kind>object</kind>
         <file>delay.obj</file>
         <name>delay.obj</name>
      </input_file>
      <input_file id="fl-34">
         <path>C:\ti\ccsv6\tools\compiler\c2000_15.12.3.LTS\lib\</path>
         <kind>archive</kind>
         <file>rts2800_fpu32.lib</file>
         <name>boot.obj</name>
      </input_file>
      <input_file id="fl-35">
         <path>C:\ti\ccsv6\tools\compiler\c2000_15.12.3.LTS\lib\</path>
         <kind>archive</kind>
         <file>rts2800_fpu32.lib</file>
         <name>cpy_tbl.obj</name>
      </input_file>
      <input_file id="fl-36">
         <path>C:\ti\ccsv6\tools\compiler\c2000_15.12.3.LTS\lib\</path>
         <kind>archive</kind>
         <file>rts2800_fpu32.lib</file>
         <name>cpy_utils.obj</name>
      </input_file>
      <input_file id="fl-37">
         <path>C:\ti\ccsv6\tools\compiler\c2000_15.12.3.LTS\lib\</path>
         <kind>archive</kind>
         <file>rts2800_fpu32.lib</file>
         <name>exit.obj</name>
      </input_file>
      <input_file id="fl-38">
         <path>C:\ti\ccsv6\tools\compiler\c2000_15.12.3.LTS\lib\</path>
         <kind>archive</kind>
         <file>rts2800_fpu32.lib</file>
         <name>memcpy.obj</name>
      </input_file>
      <input_file id="fl-39">
         <path>C:\ti\ccsv6\tools\compiler\c2000_15.12.3.LTS\lib\</path>
         <kind>archive</kind>
         <file>rts2800_fpu32.lib</file>
         <name>pre_init.obj</name>
      </input_file>
      <input_file id="fl-3a">
         <path>C:\ti\ccsv6\tools\compiler\c2000_15.12.3.LTS\lib\</path>
         <kind>archive</kind>
         <file>rts2800_fpu32.lib</file>
         <name>startup.obj</name>
      </input_file>
      <input_file id="fl-3b">
         <path>C:\ti\ccsv6\tools\compiler\c2000_15.12.3.LTS\lib\</path>
         <kind>archive</kind>
         <file>rts2800_fpu32.lib</file>
         <name>_lock.obj</name>
      </input_file>
      <input_file id="fl-3c">
         <path>C:\ti\ccsv6\tools\compiler\c2000_15.12.3.LTS\lib\</path>
         <kind>archive</kind>
         <file>rts2800_fpu32.lib</file>
         <name>args_main.obj</name>
      </input_file>
   </input_file_list>
   <object_component_list>
      <object_component id="oc-bd">
         <name>codestart</name>
         <load_address>0x0</load_address>
         <run_address>0x0</run_address>
         <size>0x2</size>
         <input_file_ref idref="fl-1c"/>
      </object_component>
      <object_component id="oc-c2">
         <name>ramfuncs</name>
         <load_address>0x806d</load_address>
         <run_address>0x806d</run_address>
         <size>0x4</size>
         <input_file_ref idref="fl-1d"/>
      </object_component>
      <object_component id="oc-d3">
         <name>.text:retain</name>
         <load_address>0x9000</load_address>
         <run_address>0x9000</run_address>
         <size>0x316</size>
         <input_file_ref idref="fl-20"/>
      </object_component>
      <object_component id="oc-179">
         <name>.text</name>
         <load_address>0x9316</load_address>
         <run_address>0x9316</run_address>
         <size>0x175</size>
         <input_file_ref idref="fl-f"/>
      </object_component>
      <object_component id="oc-17d">
         <name>.text</name>
         <load_address>0x948b</load_address>
         <run_address>0x948b</run_address>
         <size>0x144</size>
         <input_file_ref idref="fl-11"/>
      </object_component>
      <object_component id="oc-173">
         <name>.text</name>
         <load_address>0x95cf</load_address>
         <run_address>0x95cf</run_address>
         <size>0x11d</size>
         <input_file_ref idref="fl-13"/>
      </object_component>
      <object_component id="oc-16b">
         <name>.text</name>
         <load_address>0x96ec</load_address>
         <run_address>0x96ec</run_address>
         <size>0x10e</size>
         <input_file_ref idref="fl-9"/>
      </object_component>
      <object_component id="oc-176">
         <name>.text</name>
         <load_address>0x97fa</load_address>
         <run_address>0x97fa</run_address>
         <size>0xf6</size>
         <input_file_ref idref="fl-28"/>
      </object_component>
      <object_component id="oc-16c">
         <name>.text</name>
         <load_address>0x98f0</load_address>
         <run_address>0x98f0</run_address>
         <size>0xc7</size>
         <input_file_ref idref="fl-4"/>
      </object_component>
      <object_component id="oc-180">
         <name>.text</name>
         <load_address>0x99b7</load_address>
         <run_address>0x99b7</run_address>
         <size>0xa9</size>
         <input_file_ref idref="fl-16"/>
      </object_component>
      <object_component id="oc-16f">
         <name>.text</name>
         <load_address>0x9a60</load_address>
         <run_address>0x9a60</run_address>
         <size>0x7f</size>
         <input_file_ref idref="fl-1a"/>
      </object_component>
      <object_component id="oc-a1">
         <name>.text:retain</name>
         <load_address>0x9adf</load_address>
         <run_address>0x9adf</run_address>
         <size>0x7e</size>
         <input_file_ref idref="fl-16"/>
      </object_component>
      <object_component id="oc-174">
         <name>.text</name>
         <load_address>0x9b5d</load_address>
         <run_address>0x9b5d</run_address>
         <size>0x74</size>
         <input_file_ref idref="fl-e"/>
      </object_component>
      <object_component id="oc-175">
         <name>.text</name>
         <load_address>0x9bd1</load_address>
         <run_address>0x9bd1</run_address>
         <size>0x73</size>
         <input_file_ref idref="fl-1f"/>
      </object_component>
      <object_component id="oc-4d">
         <name>.text</name>
         <load_address>0x9c44</load_address>
         <run_address>0x9c44</run_address>
         <size>0x56</size>
         <input_file_ref idref="fl-34"/>
      </object_component>
      <object_component id="oc-16d">
         <name>.text</name>
         <load_address>0x9c9a</load_address>
         <run_address>0x9c9a</run_address>
         <size>0x4e</size>
         <input_file_ref idref="fl-7"/>
      </object_component>
      <object_component id="oc-16e">
         <name>.text</name>
         <load_address>0x9ce8</load_address>
         <run_address>0x9ce8</run_address>
         <size>0x4e</size>
         <input_file_ref idref="fl-18"/>
      </object_component>
      <object_component id="oc-182">
         <name>.text</name>
         <load_address>0x9d36</load_address>
         <run_address>0x9d36</run_address>
         <size>0x4c</size>
         <input_file_ref idref="fl-27"/>
      </object_component>
      <object_component id="oc-169">
         <name>.text</name>
         <load_address>0x9d82</load_address>
         <run_address>0x9d82</run_address>
         <size>0x48</size>
         <input_file_ref idref="fl-d"/>
      </object_component>
      <object_component id="oc-165">
         <name>.text</name>
         <load_address>0x9dca</load_address>
         <run_address>0x9dca</run_address>
         <size>0x46</size>
         <input_file_ref idref="fl-35"/>
      </object_component>
      <object_component id="oc-16a">
         <name>.text</name>
         <load_address>0x9e10</load_address>
         <run_address>0x9e10</run_address>
         <size>0x45</size>
         <input_file_ref idref="fl-b"/>
      </object_component>
      <object_component id="oc-aa">
         <name>.text:retain</name>
         <load_address>0x9e55</load_address>
         <run_address>0x9e55</run_address>
         <size>0x35</size>
         <input_file_ref idref="fl-18"/>
      </object_component>
      <object_component id="oc-181">
         <name>.text</name>
         <load_address>0x9e8a</load_address>
         <run_address>0x9e8a</run_address>
         <size>0x2f</size>
         <input_file_ref idref="fl-10"/>
      </object_component>
      <object_component id="oc-168">
         <name>.text</name>
         <load_address>0x9eb9</load_address>
         <run_address>0x9eb9</run_address>
         <size>0x29</size>
         <input_file_ref idref="fl-37"/>
      </object_component>
      <object_component id="oc-177">
         <name>.text</name>
         <load_address>0x9ee2</load_address>
         <run_address>0x9ee2</run_address>
         <size>0x28</size>
         <input_file_ref idref="fl-25"/>
      </object_component>
      <object_component id="oc-178">
         <name>.text</name>
         <load_address>0x9f0a</load_address>
         <run_address>0x9f0a</run_address>
         <size>0x20</size>
         <input_file_ref idref="fl-26"/>
      </object_component>
      <object_component id="oc-17e">
         <name>.text</name>
         <load_address>0x9f2a</load_address>
         <run_address>0x9f2a</run_address>
         <size>0x1e</size>
         <input_file_ref idref="fl-14"/>
      </object_component>
      <object_component id="oc-172">
         <name>.text</name>
         <load_address>0x9f48</load_address>
         <run_address>0x9f48</run_address>
         <size>0x1e</size>
         <input_file_ref idref="fl-38"/>
      </object_component>
      <object_component id="oc-13f">
         <name>.text</name>
         <load_address>0x9f66</load_address>
         <run_address>0x9f66</run_address>
         <size>0x1a</size>
         <input_file_ref idref="fl-36"/>
      </object_component>
      <object_component id="oc-167">
         <name>.text</name>
         <load_address>0x9f80</load_address>
         <run_address>0x9f80</run_address>
         <size>0x19</size>
         <input_file_ref idref="fl-3c"/>
      </object_component>
      <object_component id="oc-17a">
         <name>.text</name>
         <load_address>0x9f99</load_address>
         <run_address>0x9f99</run_address>
         <size>0x9</size>
         <input_file_ref idref="fl-3b"/>
      </object_component>
      <object_component id="oc-bc">
         <name>.text</name>
         <load_address>0x9fa2</load_address>
         <run_address>0x9fa2</run_address>
         <size>0x8</size>
         <input_file_ref idref="fl-1c"/>
      </object_component>
      <object_component id="oc-164">
         <name>.text</name>
         <load_address>0x9faa</load_address>
         <run_address>0x9faa</run_address>
         <size>0x2</size>
         <input_file_ref idref="fl-39"/>
      </object_component>
      <object_component id="oc-166">
         <name>.text</name>
         <load_address>0x9fac</load_address>
         <run_address>0x9fac</run_address>
         <size>0x1</size>
         <input_file_ref idref="fl-3a"/>
      </object_component>
      <object_component id="oc-7c">
         <name>.cinit</name>
         <load_address>0x8000</load_address>
         <run_address>0x8000</run_address>
         <size>0x2f</size>
         <input_file_ref idref="fl-f"/>
      </object_component>
      <object_component id="oc-90">
         <name>.cinit</name>
         <load_address>0x802f</load_address>
         <run_address>0x802f</run_address>
         <size>0x1c</size>
         <input_file_ref idref="fl-13"/>
      </object_component>
      <object_component id="oc-145">
         <name>.cinit</name>
         <load_address>0x804b</load_address>
         <run_address>0x804b</run_address>
         <size>0xe</size>
         <input_file_ref idref="fl-37"/>
      </object_component>
      <object_component id="oc-9f">
         <name>.cinit</name>
         <load_address>0x8059</load_address>
         <run_address>0x8059</run_address>
         <size>0x8</size>
         <input_file_ref idref="fl-16"/>
      </object_component>
      <object_component id="oc-171">
         <name>.cinit:__lock</name>
         <load_address>0x8061</load_address>
         <run_address>0x8061</run_address>
         <size>0x5</size>
         <input_file_ref idref="fl-3b"/>
      </object_component>
      <object_component id="oc-17b">
         <name>.cinit:__unlock</name>
         <load_address>0x8066</load_address>
         <run_address>0x8066</run_address>
         <size>0x5</size>
         <input_file_ref idref="fl-3b"/>
      </object_component>
      <object_component id="oc-134">
         <name>.stack</name>
         <uninitialized>true</uninitialized>
         <run_address>0x400</run_address>
         <size>0x0</size>
         <input_file_ref idref="fl-34"/>
      </object_component>
      <object_component id="oc-1da">
         <name>.stack</name>
         <uninitialized>true</uninitialized>
         <run_address>0x400</run_address>
         <size>0x0</size>
      </object_component>
      <object_component id="oc-71">
         <name>.ebss</name>
         <uninitialized>true</uninitialized>
         <run_address>0xc240</run_address>
         <size>0x21</size>
         <input_file_ref idref="fl-d"/>
      </object_component>
      <object_component id="oc-7d">
         <name>.ebss</name>
         <uninitialized>true</uninitialized>
         <run_address>0xc140</run_address>
         <size>0x80</size>
         <input_file_ref idref="fl-f"/>
      </object_component>
      <object_component id="oc-88">
         <name>.ebss</name>
         <uninitialized>true</uninitialized>
         <run_address>0xc000</run_address>
         <size>0x140</size>
         <input_file_ref idref="fl-11"/>
      </object_component>
      <object_component id="oc-91">
         <name>.ebss</name>
         <uninitialized>true</uninitialized>
         <run_address>0xc1c0</run_address>
         <size>0x68</size>
         <input_file_ref idref="fl-13"/>
      </object_component>
      <object_component id="oc-97">
         <name>.ebss</name>
         <uninitialized>true</uninitialized>
         <run_address>0xc280</run_address>
         <size>0x2</size>
         <input_file_ref idref="fl-14"/>
      </object_component>
      <object_component id="oc-a0">
         <name>.ebss</name>
         <uninitialized>true</uninitialized>
         <run_address>0xc261</run_address>
         <size>0x14</size>
         <input_file_ref idref="fl-16"/>
      </object_component>
      <object_component id="oc-a9">
         <name>.ebss</name>
         <uninitialized>true</uninitialized>
         <run_address>0xc282</run_address>
         <size>0x1</size>
         <input_file_ref idref="fl-18"/>
      </object_component>
      <object_component id="oc-b2">
         <name>.ebss</name>
         <uninitialized>true</uninitialized>
         <run_address>0xc275</run_address>
         <size>0x1</size>
         <input_file_ref idref="fl-1a"/>
      </object_component>
      <object_component id="oc-cd">
         <name>.ebss</name>
         <uninitialized>true</uninitialized>
         <run_address>0xc228</run_address>
         <size>0x18</size>
         <input_file_ref idref="fl-1f"/>
      </object_component>
      <object_component id="oc-146">
         <name>.ebss</name>
         <uninitialized>true</uninitialized>
         <run_address>0xc276</run_address>
         <size>0x6</size>
         <input_file_ref idref="fl-37"/>
      </object_component>
      <object_component id="oc-17f">
         <name>.ebss:__unlock</name>
         <uninitialized>true</uninitialized>
         <run_address>0xc27e</run_address>
         <size>0x2</size>
         <input_file_ref idref="fl-3b"/>
      </object_component>
      <object_component id="oc-170">
         <name>.ebss:__lock</name>
         <uninitialized>true</uninitialized>
         <run_address>0xc27c</run_address>
         <size>0x2</size>
         <input_file_ref idref="fl-3b"/>
      </object_component>
      <object_component id="oc-17c">
         <name>.econst:_PieVectTableInit</name>
         <load_address>0xd000</load_address>
         <run_address>0xd000</run_address>
         <size>0x100</size>
         <input_file_ref idref="fl-26"/>
      </object_component>
      <object_component id="oc-135">
         <name>.reset</name>
         <load_address>0x3fffc0</load_address>
         <run_address>0x3fffc0</run_address>
         <size>0x2</size>
         <input_file_ref idref="fl-34"/>
      </object_component>
      <object_component id="oc-b7">
         <name>.adc_cal</name>
         <load_address>0x380080</load_address>
         <run_address>0x380080</run_address>
         <size>0x7</size>
         <input_file_ref idref="fl-1b"/>
      </object_component>
      <object_component id="oc-10f">
         <name>PieVectTableFile</name>
         <uninitialized>true</uninitialized>
         <run_address>0xd00</run_address>
         <size>0x100</size>
         <input_file_ref idref="fl-22"/>
      </object_component>
      <object_component id="oc-10b">
         <name>DevEmuRegsFile</name>
         <uninitialized>true</uninitialized>
         <run_address>0x880</run_address>
         <size>0xd0</size>
         <input_file_ref idref="fl-22"/>
      </object_component>
      <object_component id="oc-e1">
         <name>FlashRegsFile</name>
         <uninitialized>true</uninitialized>
         <run_address>0xa80</run_address>
         <size>0x8</size>
         <input_file_ref idref="fl-22"/>
      </object_component>
      <object_component id="oc-e9">
         <name>CsmRegsFile</name>
         <uninitialized>true</uninitialized>
         <run_address>0xae0</run_address>
         <size>0x10</size>
         <input_file_ref idref="fl-22"/>
      </object_component>
      <object_component id="oc-ea">
         <name>AdcMirrorFile</name>
         <uninitialized>true</uninitialized>
         <run_address>0xb00</run_address>
         <size>0x10</size>
         <input_file_ref idref="fl-22"/>
      </object_component>
      <object_component id="oc-ee">
         <name>XintfRegsFile</name>
         <uninitialized>true</uninitialized>
         <run_address>0xb20</run_address>
         <size>0x1e</size>
         <input_file_ref idref="fl-22"/>
      </object_component>
      <object_component id="oc-e2">
         <name>CpuTimer0RegsFile</name>
         <uninitialized>true</uninitialized>
         <run_address>0xc00</run_address>
         <size>0x8</size>
         <input_file_ref idref="fl-22"/>
      </object_component>
      <object_component id="oc-e3">
         <name>CpuTimer1RegsFile</name>
         <uninitialized>true</uninitialized>
         <run_address>0xc08</run_address>
         <size>0x8</size>
         <input_file_ref idref="fl-22"/>
      </object_component>
      <object_component id="oc-df">
         <name>CpuTimer2RegsFile</name>
         <uninitialized>true</uninitialized>
         <run_address>0xc10</run_address>
         <size>0x8</size>
         <input_file_ref idref="fl-22"/>
      </object_component>
      <object_component id="oc-ec">
         <name>PieCtrlRegsFile</name>
         <uninitialized>true</uninitialized>
         <run_address>0xce0</run_address>
         <size>0x1a</size>
         <input_file_ref idref="fl-22"/>
      </object_component>
      <object_component id="oc-10c">
         <name>DmaRegsFile</name>
         <uninitialized>true</uninitialized>
         <run_address>0x1000</run_address>
         <size>0xe0</size>
         <input_file_ref idref="fl-22"/>
      </object_component>
      <object_component id="oc-ff">
         <name>McbspaRegsFile</name>
         <uninitialized>true</uninitialized>
         <run_address>0x5000</run_address>
         <size>0x25</size>
         <input_file_ref idref="fl-22"/>
      </object_component>
      <object_component id="oc-fe">
         <name>McbspbRegsFile</name>
         <uninitialized>true</uninitialized>
         <run_address>0x5040</run_address>
         <size>0x25</size>
         <input_file_ref idref="fl-22"/>
      </object_component>
      <object_component id="oc-101">
         <name>ECanaRegsFile</name>
         <uninitialized>true</uninitialized>
         <run_address>0x6000</run_address>
         <size>0x34</size>
         <input_file_ref idref="fl-22"/>
      </object_component>
      <object_component id="oc-105">
         <name>ECanaLAMRegsFile</name>
         <uninitialized>true</uninitialized>
         <run_address>0x6040</run_address>
         <size>0x40</size>
         <input_file_ref idref="fl-22"/>
      </object_component>
      <object_component id="oc-10e">
         <name>ECanaMboxesFile</name>
         <uninitialized>true</uninitialized>
         <run_address>0x6100</run_address>
         <size>0x100</size>
         <input_file_ref idref="fl-22"/>
      </object_component>
      <object_component id="oc-106">
         <name>ECanaMOTSRegsFile</name>
         <uninitialized>true</uninitialized>
         <run_address>0x6080</run_address>
         <size>0x40</size>
         <input_file_ref idref="fl-22"/>
      </object_component>
      <object_component id="oc-103">
         <name>ECanaMOTORegsFile</name>
         <uninitialized>true</uninitialized>
         <run_address>0x60c0</run_address>
         <size>0x40</size>
         <input_file_ref idref="fl-22"/>
      </object_component>
      <object_component id="oc-102">
         <name>ECanbRegsFile</name>
         <uninitialized>true</uninitialized>
         <run_address>0x6200</run_address>
         <size>0x34</size>
         <input_file_ref idref="fl-22"/>
      </object_component>
      <object_component id="oc-10a">
         <name>ECanbLAMRegsFile</name>
         <uninitialized>true</uninitialized>
         <run_address>0x6240</run_address>
         <size>0x40</size>
         <input_file_ref idref="fl-22"/>
      </object_component>
      <object_component id="oc-10d">
         <name>ECanbMboxesFile</name>
         <uninitialized>true</uninitialized>
         <run_address>0x6300</run_address>
         <size>0x100</size>
         <input_file_ref idref="fl-22"/>
      </object_component>
      <object_component id="oc-104">
         <name>ECanbMOTSRegsFile</name>
         <uninitialized>true</uninitialized>
         <run_address>0x6280</run_address>
         <size>0x40</size>
         <input_file_ref idref="fl-22"/>
      </object_component>
      <object_component id="oc-107">
         <name>ECanbMOTORegsFile</name>
         <uninitialized>true</uninitialized>
         <run_address>0x62c0</run_address>
         <size>0x40</size>
         <input_file_ref idref="fl-22"/>
      </object_component>
      <object_component id="oc-fc">
         <name>EPwm1RegsFile</name>
         <uninitialized>true</uninitialized>
         <run_address>0x6800</run_address>
         <size>0x22</size>
         <input_file_ref idref="fl-22"/>
      </object_component>
      <object_component id="oc-f7">
         <name>EPwm2RegsFile</name>
         <uninitialized>true</uninitialized>
         <run_address>0x6840</run_address>
         <size>0x22</size>
         <input_file_ref idref="fl-22"/>
      </object_component>
      <object_component id="oc-f8">
         <name>EPwm3RegsFile</name>
         <uninitialized>true</uninitialized>
         <run_address>0x6880</run_address>
         <size>0x22</size>
         <input_file_ref idref="fl-22"/>
      </object_component>
      <object_component id="oc-fd">
         <name>EPwm4RegsFile</name>
         <uninitialized>true</uninitialized>
         <run_address>0x68c0</run_address>
         <size>0x22</size>
         <input_file_ref idref="fl-22"/>
      </object_component>
      <object_component id="oc-fa">
         <name>EPwm5RegsFile</name>
         <uninitialized>true</uninitialized>
         <run_address>0x6900</run_address>
         <size>0x22</size>
         <input_file_ref idref="fl-22"/>
      </object_component>
      <object_component id="oc-fb">
         <name>EPwm6RegsFile</name>
         <uninitialized>true</uninitialized>
         <run_address>0x6940</run_address>
         <size>0x22</size>
         <input_file_ref idref="fl-22"/>
      </object_component>
      <object_component id="oc-f1">
         <name>ECap1RegsFile</name>
         <uninitialized>true</uninitialized>
         <run_address>0x6a00</run_address>
         <size>0x20</size>
         <input_file_ref idref="fl-22"/>
      </object_component>
      <object_component id="oc-f2">
         <name>ECap2RegsFile</name>
         <uninitialized>true</uninitialized>
         <run_address>0x6a20</run_address>
         <size>0x20</size>
         <input_file_ref idref="fl-22"/>
      </object_component>
      <object_component id="oc-ef">
         <name>ECap3RegsFile</name>
         <uninitialized>true</uninitialized>
         <run_address>0x6a40</run_address>
         <size>0x20</size>
         <input_file_ref idref="fl-22"/>
      </object_component>
      <object_component id="oc-f0">
         <name>ECap4RegsFile</name>
         <uninitialized>true</uninitialized>
         <run_address>0x6a60</run_address>
         <size>0x20</size>
         <input_file_ref idref="fl-22"/>
      </object_component>
      <object_component id="oc-f5">
         <name>ECap5RegsFile</name>
         <uninitialized>true</uninitialized>
         <run_address>0x6a80</run_address>
         <size>0x20</size>
         <input_file_ref idref="fl-22"/>
      </object_component>
      <object_component id="oc-f6">
         <name>ECap6RegsFile</name>
         <uninitialized>true</uninitialized>
         <run_address>0x6aa0</run_address>
         <size>0x20</size>
         <input_file_ref idref="fl-22"/>
      </object_component>
      <object_component id="oc-108">
         <name>EQep1RegsFile</name>
         <uninitialized>true</uninitialized>
         <run_address>0x6b00</run_address>
         <size>0x40</size>
         <input_file_ref idref="fl-22"/>
      </object_component>
      <object_component id="oc-109">
         <name>EQep2RegsFile</name>
         <uninitialized>true</uninitialized>
         <run_address>0x6b40</run_address>
         <size>0x40</size>
         <input_file_ref idref="fl-22"/>
      </object_component>
      <object_component id="oc-100">
         <name>GpioCtrlRegsFile</name>
         <uninitialized>true</uninitialized>
         <run_address>0x6f80</run_address>
         <size>0x2e</size>
         <input_file_ref idref="fl-22"/>
      </object_component>
      <object_component id="oc-f3">
         <name>GpioDataRegsFile</name>
         <uninitialized>true</uninitialized>
         <run_address>0x6fc0</run_address>
         <size>0x20</size>
         <input_file_ref idref="fl-22"/>
      </object_component>
      <object_component id="oc-e4">
         <name>GpioIntRegsFile</name>
         <uninitialized>true</uninitialized>
         <run_address>0x6fe0</run_address>
         <size>0xa</size>
         <input_file_ref idref="fl-22"/>
      </object_component>
      <object_component id="oc-f4">
         <name>SysCtrlRegsFile</name>
         <uninitialized>true</uninitialized>
         <run_address>0x7010</run_address>
         <size>0x20</size>
         <input_file_ref idref="fl-22"/>
      </object_component>
      <object_component id="oc-e5">
         <name>SpiaRegsFile</name>
         <uninitialized>true</uninitialized>
         <run_address>0x7040</run_address>
         <size>0x10</size>
         <input_file_ref idref="fl-22"/>
      </object_component>
      <object_component id="oc-e8">
         <name>SciaRegsFile</name>
         <uninitialized>true</uninitialized>
         <run_address>0x7050</run_address>
         <size>0x10</size>
         <input_file_ref idref="fl-22"/>
      </object_component>
      <object_component id="oc-eb">
         <name>XIntruptRegsFile</name>
         <uninitialized>true</uninitialized>
         <run_address>0x7070</run_address>
         <size>0x10</size>
         <input_file_ref idref="fl-22"/>
      </object_component>
      <object_component id="oc-ed">
         <name>AdcRegsFile</name>
         <uninitialized>true</uninitialized>
         <run_address>0x7100</run_address>
         <size>0x1e</size>
         <input_file_ref idref="fl-22"/>
      </object_component>
      <object_component id="oc-e6">
         <name>ScibRegsFile</name>
         <uninitialized>true</uninitialized>
         <run_address>0x7750</run_address>
         <size>0x10</size>
         <input_file_ref idref="fl-22"/>
      </object_component>
      <object_component id="oc-e7">
         <name>ScicRegsFile</name>
         <uninitialized>true</uninitialized>
         <run_address>0x7770</run_address>
         <size>0x10</size>
         <input_file_ref idref="fl-22"/>
      </object_component>
      <object_component id="oc-f9">
         <name>I2caRegsFile</name>
         <uninitialized>true</uninitialized>
         <run_address>0x7900</run_address>
         <size>0x22</size>
         <input_file_ref idref="fl-22"/>
      </object_component>
      <object_component id="oc-e0">
         <name>CsmPwlFile</name>
         <uninitialized>true</uninitialized>
         <run_address>0x33fff8</run_address>
         <size>0x8</size>
         <input_file_ref idref="fl-22"/>
      </object_component>
      <object_component id="oc-de">
         <name>PartIdRegsFile</name>
         <uninitialized>true</uninitialized>
         <run_address>0x380090</run_address>
         <size>0x1</size>
         <input_file_ref idref="fl-22"/>
      </object_component>
      <object_component id="oc-4e">
         <name>.debug_info</name>
         <load_address>0x0</load_address>
         <run_address>0x0</run_address>
         <size>0x18d</size>
         <input_file_ref idref="fl-2"/>
      </object_component>
      <object_component id="oc-50">
         <name>.debug_info</name>
         <load_address>0x18d</load_address>
         <run_address>0x18d</run_address>
         <size>0x18e</size>
         <input_file_ref idref="fl-3"/>
      </object_component>
      <object_component id="oc-52">
         <name>.debug_info</name>
         <load_address>0x31b</load_address>
         <run_address>0x31b</run_address>
         <size>0xb68</size>
         <input_file_ref idref="fl-4"/>
      </object_component>
      <object_component id="oc-57">
         <name>.debug_info</name>
         <load_address>0xe83</load_address>
         <run_address>0xe83</run_address>
         <size>0x197</size>
         <input_file_ref idref="fl-5"/>
      </object_component>
      <object_component id="oc-59">
         <name>.debug_info</name>
         <load_address>0x101a</load_address>
         <run_address>0x101a</run_address>
         <size>0x194</size>
         <input_file_ref idref="fl-6"/>
      </object_component>
      <object_component id="oc-5b">
         <name>.debug_info</name>
         <load_address>0x11ae</load_address>
         <run_address>0x11ae</run_address>
         <size>0x798</size>
         <input_file_ref idref="fl-7"/>
      </object_component>
      <object_component id="oc-60">
         <name>.debug_info</name>
         <load_address>0x1946</load_address>
         <run_address>0x1946</run_address>
         <size>0x196</size>
         <input_file_ref idref="fl-8"/>
      </object_component>
      <object_component id="oc-62">
         <name>.debug_info</name>
         <load_address>0x1adc</load_address>
         <run_address>0x1adc</run_address>
         <size>0xe01</size>
         <input_file_ref idref="fl-9"/>
      </object_component>
      <object_component id="oc-67">
         <name>.debug_info</name>
         <load_address>0x28dd</load_address>
         <run_address>0x28dd</run_address>
         <size>0x199</size>
         <input_file_ref idref="fl-a"/>
      </object_component>
      <object_component id="oc-69">
         <name>.debug_info</name>
         <load_address>0x2a76</load_address>
         <run_address>0x2a76</run_address>
         <size>0x76f</size>
         <input_file_ref idref="fl-b"/>
      </object_component>
      <object_component id="oc-6e">
         <name>.debug_info</name>
         <load_address>0x31e5</load_address>
         <run_address>0x31e5</run_address>
         <size>0x197</size>
         <input_file_ref idref="fl-c"/>
      </object_component>
      <object_component id="oc-70">
         <name>.debug_info</name>
         <load_address>0x337c</load_address>
         <run_address>0x337c</run_address>
         <size>0x8c2</size>
         <input_file_ref idref="fl-d"/>
      </object_component>
      <object_component id="oc-76">
         <name>.debug_info</name>
         <load_address>0x3c3e</load_address>
         <run_address>0x3c3e</run_address>
         <size>0x9b2</size>
         <input_file_ref idref="fl-e"/>
      </object_component>
      <object_component id="oc-7b">
         <name>.debug_info</name>
         <load_address>0x45f0</load_address>
         <run_address>0x45f0</run_address>
         <size>0x15e9</size>
         <input_file_ref idref="fl-f"/>
      </object_component>
      <object_component id="oc-82">
         <name>.debug_info</name>
         <load_address>0x5bd9</load_address>
         <run_address>0x5bd9</run_address>
         <size>0x495</size>
         <input_file_ref idref="fl-10"/>
      </object_component>
      <object_component id="oc-87">
         <name>.debug_info</name>
         <load_address>0x606e</load_address>
         <run_address>0x606e</run_address>
         <size>0x12a2</size>
         <input_file_ref idref="fl-11"/>
      </object_component>
      <object_component id="oc-8d">
         <name>.debug_info</name>
         <load_address>0x7310</load_address>
         <run_address>0x7310</run_address>
         <size>0x18b</size>
         <input_file_ref idref="fl-12"/>
      </object_component>
      <object_component id="oc-8f">
         <name>.debug_info</name>
         <load_address>0x749b</load_address>
         <run_address>0x749b</run_address>
         <size>0xf56</size>
         <input_file_ref idref="fl-13"/>
      </object_component>
      <object_component id="oc-96">
         <name>.debug_info</name>
         <load_address>0x83f1</load_address>
         <run_address>0x83f1</run_address>
         <size>0x63b</size>
         <input_file_ref idref="fl-14"/>
      </object_component>
      <object_component id="oc-9c">
         <name>.debug_info</name>
         <load_address>0x8a2c</load_address>
         <run_address>0x8a2c</run_address>
         <size>0x18d</size>
         <input_file_ref idref="fl-15"/>
      </object_component>
      <object_component id="oc-9e">
         <name>.debug_info</name>
         <load_address>0x8bb9</load_address>
         <run_address>0x8bb9</run_address>
         <size>0x32e4</size>
         <input_file_ref idref="fl-16"/>
      </object_component>
      <object_component id="oc-a6">
         <name>.debug_info</name>
         <load_address>0xbe9d</load_address>
         <run_address>0xbe9d</run_address>
         <size>0x18e</size>
         <input_file_ref idref="fl-17"/>
      </object_component>
      <object_component id="oc-a8">
         <name>.debug_info</name>
         <load_address>0xc02b</load_address>
         <run_address>0xc02b</run_address>
         <size>0x1e9d</size>
         <input_file_ref idref="fl-18"/>
      </object_component>
      <object_component id="oc-af">
         <name>.debug_info</name>
         <load_address>0xdec8</load_address>
         <run_address>0xdec8</run_address>
         <size>0x18d</size>
         <input_file_ref idref="fl-19"/>
      </object_component>
      <object_component id="oc-b1">
         <name>.debug_info</name>
         <load_address>0xe055</load_address>
         <run_address>0xe055</run_address>
         <size>0x1d5d</size>
         <input_file_ref idref="fl-1a"/>
      </object_component>
      <object_component id="oc-b8">
         <name>.debug_info</name>
         <load_address>0xfdb2</load_address>
         <run_address>0xfdb2</run_address>
         <size>0x102</size>
         <input_file_ref idref="fl-1b"/>
      </object_component>
      <object_component id="oc-be">
         <name>.debug_info</name>
         <load_address>0xfeb4</load_address>
         <run_address>0xfeb4</run_address>
         <size>0x146</size>
         <input_file_ref idref="fl-1c"/>
      </object_component>
      <object_component id="oc-c3">
         <name>.debug_info</name>
         <load_address>0xfffa</load_address>
         <run_address>0xfffa</run_address>
         <size>0x102</size>
         <input_file_ref idref="fl-1d"/>
      </object_component>
      <object_component id="oc-c7">
         <name>.debug_info</name>
         <load_address>0x100fc</load_address>
         <run_address>0x100fc</run_address>
         <size>0x1ea8</size>
         <input_file_ref idref="fl-1e"/>
      </object_component>
      <object_component id="oc-cc">
         <name>.debug_info</name>
         <load_address>0x11fa4</load_address>
         <run_address>0x11fa4</run_address>
         <size>0x9de</size>
         <input_file_ref idref="fl-1f"/>
      </object_component>
      <object_component id="oc-d2">
         <name>.debug_info</name>
         <load_address>0x12982</load_address>
         <run_address>0x12982</run_address>
         <size>0x281b</size>
         <input_file_ref idref="fl-20"/>
      </object_component>
      <object_component id="oc-d8">
         <name>.debug_info</name>
         <load_address>0x1519d</load_address>
         <run_address>0x1519d</run_address>
         <size>0x5da0</size>
         <input_file_ref idref="fl-21"/>
      </object_component>
      <object_component id="oc-dd">
         <name>.debug_info</name>
         <load_address>0x1af3d</load_address>
         <run_address>0x1af3d</run_address>
         <size>0x1339e</size>
         <input_file_ref idref="fl-22"/>
      </object_component>
      <object_component id="oc-111">
         <name>.debug_info</name>
         <load_address>0x2e2db</load_address>
         <run_address>0x2e2db</run_address>
         <size>0x1bae</size>
         <input_file_ref idref="fl-23"/>
      </object_component>
      <object_component id="oc-116">
         <name>.debug_info</name>
         <load_address>0x2fe89</load_address>
         <run_address>0x2fe89</run_address>
         <size>0x379</size>
         <input_file_ref idref="fl-24"/>
      </object_component>
      <object_component id="oc-11b">
         <name>.debug_info</name>
         <load_address>0x30202</load_address>
         <run_address>0x30202</run_address>
         <size>0xb86</size>
         <input_file_ref idref="fl-25"/>
      </object_component>
      <object_component id="oc-120">
         <name>.debug_info</name>
         <load_address>0x30d88</load_address>
         <run_address>0x30d88</run_address>
         <size>0x22de</size>
         <input_file_ref idref="fl-26"/>
      </object_component>
      <object_component id="oc-125">
         <name>.debug_info</name>
         <load_address>0x33066</load_address>
         <run_address>0x33066</run_address>
         <size>0x1e1c</size>
         <input_file_ref idref="fl-27"/>
      </object_component>
      <object_component id="oc-12a">
         <name>.debug_info</name>
         <load_address>0x34e82</load_address>
         <run_address>0x34e82</run_address>
         <size>0x2107</size>
         <input_file_ref idref="fl-28"/>
      </object_component>
      <object_component id="oc-12f">
         <name>.debug_info</name>
         <load_address>0x36f89</load_address>
         <run_address>0x36f89</run_address>
         <size>0x394</size>
         <input_file_ref idref="fl-29"/>
      </object_component>
      <object_component id="oc-136">
         <name>.debug_info</name>
         <load_address>0x3731d</load_address>
         <run_address>0x3731d</run_address>
         <size>0x16c</size>
         <input_file_ref idref="fl-34"/>
      </object_component>
      <object_component id="oc-13a">
         <name>.debug_info</name>
         <load_address>0x37489</load_address>
         <run_address>0x37489</run_address>
         <size>0x628</size>
         <input_file_ref idref="fl-35"/>
      </object_component>
      <object_component id="oc-140">
         <name>.debug_info</name>
         <load_address>0x37ab1</load_address>
         <run_address>0x37ab1</run_address>
         <size>0x113</size>
         <input_file_ref idref="fl-36"/>
      </object_component>
      <object_component id="oc-144">
         <name>.debug_info</name>
         <load_address>0x37bc4</load_address>
         <run_address>0x37bc4</run_address>
         <size>0x5ac</size>
         <input_file_ref idref="fl-37"/>
      </object_component>
      <object_component id="oc-14b">
         <name>.debug_info</name>
         <load_address>0x38170</load_address>
         <run_address>0x38170</run_address>
         <size>0x470</size>
         <input_file_ref idref="fl-38"/>
      </object_component>
      <object_component id="oc-150">
         <name>.debug_info</name>
         <load_address>0x385e0</load_address>
         <run_address>0x385e0</run_address>
         <size>0x3e3</size>
         <input_file_ref idref="fl-39"/>
      </object_component>
      <object_component id="oc-155">
         <name>.debug_info</name>
         <load_address>0x389c3</load_address>
         <run_address>0x389c3</run_address>
         <size>0x3e0</size>
         <input_file_ref idref="fl-3a"/>
      </object_component>
      <object_component id="oc-15a">
         <name>.debug_info</name>
         <load_address>0x38da3</load_address>
         <run_address>0x38da3</run_address>
         <size>0x502</size>
         <input_file_ref idref="fl-3b"/>
      </object_component>
      <object_component id="oc-15f">
         <name>.debug_info</name>
         <load_address>0x392a5</load_address>
         <run_address>0x392a5</run_address>
         <size>0x4cf</size>
         <input_file_ref idref="fl-3c"/>
      </object_component>
      <object_component id="oc-1db">
         <name>.debug_info</name>
         <load_address>0x39774</load_address>
         <run_address>0x39774</run_address>
         <size>0xa1</size>
      </object_component>
      <object_component id="oc-4f">
         <name>.debug_abbrev</name>
         <load_address>0x0</load_address>
         <run_address>0x0</run_address>
         <size>0x21</size>
         <input_file_ref idref="fl-2"/>
      </object_component>
      <object_component id="oc-51">
         <name>.debug_abbrev</name>
         <load_address>0x21</load_address>
         <run_address>0x21</run_address>
         <size>0x21</size>
         <input_file_ref idref="fl-3"/>
      </object_component>
      <object_component id="oc-55">
         <name>.debug_abbrev</name>
         <load_address>0x42</load_address>
         <run_address>0x42</run_address>
         <size>0x10b</size>
         <input_file_ref idref="fl-4"/>
      </object_component>
      <object_component id="oc-58">
         <name>.debug_abbrev</name>
         <load_address>0x14d</load_address>
         <run_address>0x14d</run_address>
         <size>0x21</size>
         <input_file_ref idref="fl-5"/>
      </object_component>
      <object_component id="oc-5a">
         <name>.debug_abbrev</name>
         <load_address>0x16e</load_address>
         <run_address>0x16e</run_address>
         <size>0x21</size>
         <input_file_ref idref="fl-6"/>
      </object_component>
      <object_component id="oc-5e">
         <name>.debug_abbrev</name>
         <load_address>0x18f</load_address>
         <run_address>0x18f</run_address>
         <size>0xce</size>
         <input_file_ref idref="fl-7"/>
      </object_component>
      <object_component id="oc-61">
         <name>.debug_abbrev</name>
         <load_address>0x25d</load_address>
         <run_address>0x25d</run_address>
         <size>0x21</size>
         <input_file_ref idref="fl-8"/>
      </object_component>
      <object_component id="oc-65">
         <name>.debug_abbrev</name>
         <load_address>0x27e</load_address>
         <run_address>0x27e</run_address>
         <size>0xf7</size>
         <input_file_ref idref="fl-9"/>
      </object_component>
      <object_component id="oc-68">
         <name>.debug_abbrev</name>
         <load_address>0x375</load_address>
         <run_address>0x375</run_address>
         <size>0x21</size>
         <input_file_ref idref="fl-a"/>
      </object_component>
      <object_component id="oc-6c">
         <name>.debug_abbrev</name>
         <load_address>0x396</load_address>
         <run_address>0x396</run_address>
         <size>0xce</size>
         <input_file_ref idref="fl-b"/>
      </object_component>
      <object_component id="oc-6f">
         <name>.debug_abbrev</name>
         <load_address>0x464</load_address>
         <run_address>0x464</run_address>
         <size>0x21</size>
         <input_file_ref idref="fl-c"/>
      </object_component>
      <object_component id="oc-74">
         <name>.debug_abbrev</name>
         <load_address>0x485</load_address>
         <run_address>0x485</run_address>
         <size>0xf2</size>
         <input_file_ref idref="fl-d"/>
      </object_component>
      <object_component id="oc-79">
         <name>.debug_abbrev</name>
         <load_address>0x577</load_address>
         <run_address>0x577</run_address>
         <size>0xce</size>
         <input_file_ref idref="fl-e"/>
      </object_component>
      <object_component id="oc-80">
         <name>.debug_abbrev</name>
         <load_address>0x645</load_address>
         <run_address>0x645</run_address>
         <size>0x1c5</size>
         <input_file_ref idref="fl-f"/>
      </object_component>
      <object_component id="oc-85">
         <name>.debug_abbrev</name>
         <load_address>0x80a</load_address>
         <run_address>0x80a</run_address>
         <size>0x95</size>
         <input_file_ref idref="fl-10"/>
      </object_component>
      <object_component id="oc-8b">
         <name>.debug_abbrev</name>
         <load_address>0x89f</load_address>
         <run_address>0x89f</run_address>
         <size>0x1a0</size>
         <input_file_ref idref="fl-11"/>
      </object_component>
      <object_component id="oc-8e">
         <name>.debug_abbrev</name>
         <load_address>0xa3f</load_address>
         <run_address>0xa3f</run_address>
         <size>0x21</size>
         <input_file_ref idref="fl-12"/>
      </object_component>
      <object_component id="oc-94">
         <name>.debug_abbrev</name>
         <load_address>0xa60</load_address>
         <run_address>0xa60</run_address>
         <size>0x139</size>
         <input_file_ref idref="fl-13"/>
      </object_component>
      <object_component id="oc-9a">
         <name>.debug_abbrev</name>
         <load_address>0xb99</load_address>
         <run_address>0xb99</run_address>
         <size>0xa7</size>
         <input_file_ref idref="fl-14"/>
      </object_component>
      <object_component id="oc-9d">
         <name>.debug_abbrev</name>
         <load_address>0xc40</load_address>
         <run_address>0xc40</run_address>
         <size>0x21</size>
         <input_file_ref idref="fl-15"/>
      </object_component>
      <object_component id="oc-a4">
         <name>.debug_abbrev</name>
         <load_address>0xc61</load_address>
         <run_address>0xc61</run_address>
         <size>0x1aa</size>
         <input_file_ref idref="fl-16"/>
      </object_component>
      <object_component id="oc-a7">
         <name>.debug_abbrev</name>
         <load_address>0xe0b</load_address>
         <run_address>0xe0b</run_address>
         <size>0x21</size>
         <input_file_ref idref="fl-17"/>
      </object_component>
      <object_component id="oc-ad">
         <name>.debug_abbrev</name>
         <load_address>0xe2c</load_address>
         <run_address>0xe2c</run_address>
         <size>0x1af</size>
         <input_file_ref idref="fl-18"/>
      </object_component>
      <object_component id="oc-b0">
         <name>.debug_abbrev</name>
         <load_address>0xfdb</load_address>
         <run_address>0xfdb</run_address>
         <size>0x21</size>
         <input_file_ref idref="fl-19"/>
      </object_component>
      <object_component id="oc-b5">
         <name>.debug_abbrev</name>
         <load_address>0xffc</load_address>
         <run_address>0xffc</run_address>
         <size>0x195</size>
         <input_file_ref idref="fl-1a"/>
      </object_component>
      <object_component id="oc-ba">
         <name>.debug_abbrev</name>
         <load_address>0x1191</load_address>
         <run_address>0x1191</run_address>
         <size>0x2f</size>
         <input_file_ref idref="fl-1b"/>
      </object_component>
      <object_component id="oc-c0">
         <name>.debug_abbrev</name>
         <load_address>0x11c0</load_address>
         <run_address>0x11c0</run_address>
         <size>0x21</size>
         <input_file_ref idref="fl-1c"/>
      </object_component>
      <object_component id="oc-c5">
         <name>.debug_abbrev</name>
         <load_address>0x11e1</load_address>
         <run_address>0x11e1</run_address>
         <size>0x2f</size>
         <input_file_ref idref="fl-1d"/>
      </object_component>
      <object_component id="oc-ca">
         <name>.debug_abbrev</name>
         <load_address>0x1210</load_address>
         <run_address>0x1210</run_address>
         <size>0x10f</size>
         <input_file_ref idref="fl-1e"/>
      </object_component>
      <object_component id="oc-d0">
         <name>.debug_abbrev</name>
         <load_address>0x131f</load_address>
         <run_address>0x131f</run_address>
         <size>0xfd</size>
         <input_file_ref idref="fl-1f"/>
      </object_component>
      <object_component id="oc-d6">
         <name>.debug_abbrev</name>
         <load_address>0x141c</load_address>
         <run_address>0x141c</run_address>
         <size>0xa8</size>
         <input_file_ref idref="fl-20"/>
      </object_component>
      <object_component id="oc-db">
         <name>.debug_abbrev</name>
         <load_address>0x14c4</load_address>
         <run_address>0x14c4</run_address>
         <size>0x151</size>
         <input_file_ref idref="fl-21"/>
      </object_component>
      <object_component id="oc-110">
         <name>.debug_abbrev</name>
         <load_address>0x1615</load_address>
         <run_address>0x1615</run_address>
         <size>0xb7</size>
         <input_file_ref idref="fl-22"/>
      </object_component>
      <object_component id="oc-114">
         <name>.debug_abbrev</name>
         <load_address>0x16cc</load_address>
         <run_address>0x16cc</run_address>
         <size>0xdc</size>
         <input_file_ref idref="fl-23"/>
      </object_component>
      <object_component id="oc-119">
         <name>.debug_abbrev</name>
         <load_address>0x17a8</load_address>
         <run_address>0x17a8</run_address>
         <size>0x93</size>
         <input_file_ref idref="fl-24"/>
      </object_component>
      <object_component id="oc-11e">
         <name>.debug_abbrev</name>
         <load_address>0x183b</load_address>
         <run_address>0x183b</run_address>
         <size>0xc8</size>
         <input_file_ref idref="fl-25"/>
      </object_component>
      <object_component id="oc-123">
         <name>.debug_abbrev</name>
         <load_address>0x1903</load_address>
         <run_address>0x1903</run_address>
         <size>0x116</size>
         <input_file_ref idref="fl-26"/>
      </object_component>
      <object_component id="oc-128">
         <name>.debug_abbrev</name>
         <load_address>0x1a19</load_address>
         <run_address>0x1a19</run_address>
         <size>0xea</size>
         <input_file_ref idref="fl-27"/>
      </object_component>
      <object_component id="oc-12d">
         <name>.debug_abbrev</name>
         <load_address>0x1b03</load_address>
         <run_address>0x1b03</run_address>
         <size>0x17b</size>
         <input_file_ref idref="fl-28"/>
      </object_component>
      <object_component id="oc-132">
         <name>.debug_abbrev</name>
         <load_address>0x1c7e</load_address>
         <run_address>0x1c7e</run_address>
         <size>0xaf</size>
         <input_file_ref idref="fl-29"/>
      </object_component>
      <object_component id="oc-138">
         <name>.debug_abbrev</name>
         <load_address>0x1d2d</load_address>
         <run_address>0x1d2d</run_address>
         <size>0x46</size>
         <input_file_ref idref="fl-34"/>
      </object_component>
      <object_component id="oc-13d">
         <name>.debug_abbrev</name>
         <load_address>0x1d73</load_address>
         <run_address>0x1d73</run_address>
         <size>0xfa</size>
         <input_file_ref idref="fl-35"/>
      </object_component>
      <object_component id="oc-142">
         <name>.debug_abbrev</name>
         <load_address>0x1e6d</load_address>
         <run_address>0x1e6d</run_address>
         <size>0x32</size>
         <input_file_ref idref="fl-36"/>
      </object_component>
      <object_component id="oc-149">
         <name>.debug_abbrev</name>
         <load_address>0x1e9f</load_address>
         <run_address>0x1e9f</run_address>
         <size>0x142</size>
         <input_file_ref idref="fl-37"/>
      </object_component>
      <object_component id="oc-14e">
         <name>.debug_abbrev</name>
         <load_address>0x1fe1</load_address>
         <run_address>0x1fe1</run_address>
         <size>0xa8</size>
         <input_file_ref idref="fl-38"/>
      </object_component>
      <object_component id="oc-153">
         <name>.debug_abbrev</name>
         <load_address>0x2089</load_address>
         <run_address>0x2089</run_address>
         <size>0x68</size>
         <input_file_ref idref="fl-39"/>
      </object_component>
      <object_component id="oc-158">
         <name>.debug_abbrev</name>
         <load_address>0x20f1</load_address>
         <run_address>0x20f1</run_address>
         <size>0x66</size>
         <input_file_ref idref="fl-3a"/>
      </object_component>
      <object_component id="oc-15d">
         <name>.debug_abbrev</name>
         <load_address>0x2157</load_address>
         <run_address>0x2157</run_address>
         <size>0xb2</size>
         <input_file_ref idref="fl-3b"/>
      </object_component>
      <object_component id="oc-162">
         <name>.debug_abbrev</name>
         <load_address>0x2209</load_address>
         <run_address>0x2209</run_address>
         <size>0xfe</size>
         <input_file_ref idref="fl-3c"/>
      </object_component>
      <object_component id="oc-1dc">
         <name>.debug_abbrev</name>
         <load_address>0x2307</load_address>
         <run_address>0x2307</run_address>
         <size>0xf</size>
      </object_component>
      <object_component id="oc-53">
         <name>.debug_frame</name>
         <load_address>0x0</load_address>
         <run_address>0x0</run_address>
         <size>0xdf</size>
         <input_file_ref idref="fl-4"/>
      </object_component>
      <object_component id="oc-5c">
         <name>.debug_frame</name>
         <load_address>0xdf</load_address>
         <run_address>0xdf</run_address>
         <size>0xa8</size>
         <input_file_ref idref="fl-7"/>
      </object_component>
      <object_component id="oc-63">
         <name>.debug_frame</name>
         <load_address>0x187</load_address>
         <run_address>0x187</run_address>
         <size>0xfa</size>
         <input_file_ref idref="fl-9"/>
      </object_component>
      <object_component id="oc-6a">
         <name>.debug_frame</name>
         <load_address>0x281</load_address>
         <run_address>0x281</run_address>
         <size>0xa8</size>
         <input_file_ref idref="fl-b"/>
      </object_component>
      <object_component id="oc-72">
         <name>.debug_frame</name>
         <load_address>0x329</load_address>
         <run_address>0x329</run_address>
         <size>0xc2</size>
         <input_file_ref idref="fl-d"/>
      </object_component>
      <object_component id="oc-77">
         <name>.debug_frame</name>
         <load_address>0x3eb</load_address>
         <run_address>0x3eb</run_address>
         <size>0xdd</size>
         <input_file_ref idref="fl-e"/>
      </object_component>
      <object_component id="oc-7e">
         <name>.debug_frame</name>
         <load_address>0x4c8</load_address>
         <run_address>0x4c8</run_address>
         <size>0x131</size>
         <input_file_ref idref="fl-f"/>
      </object_component>
      <object_component id="oc-83">
         <name>.debug_frame</name>
         <load_address>0x5f9</load_address>
         <run_address>0x5f9</run_address>
         <size>0xa7</size>
         <input_file_ref idref="fl-10"/>
      </object_component>
      <object_component id="oc-89">
         <name>.debug_frame</name>
         <load_address>0x6a0</load_address>
         <run_address>0x6a0</run_address>
         <size>0x158</size>
         <input_file_ref idref="fl-11"/>
      </object_component>
      <object_component id="oc-92">
         <name>.debug_frame</name>
         <load_address>0x7f8</load_address>
         <run_address>0x7f8</run_address>
         <size>0x169</size>
         <input_file_ref idref="fl-13"/>
      </object_component>
      <object_component id="oc-98">
         <name>.debug_frame</name>
         <load_address>0x961</load_address>
         <run_address>0x961</run_address>
         <size>0xd7</size>
         <input_file_ref idref="fl-14"/>
      </object_component>
      <object_component id="oc-a2">
         <name>.debug_frame</name>
         <load_address>0xa38</load_address>
         <run_address>0xa38</run_address>
         <size>0x1e3</size>
         <input_file_ref idref="fl-16"/>
      </object_component>
      <object_component id="oc-ab">
         <name>.debug_frame</name>
         <load_address>0xc1b</load_address>
         <run_address>0xc1b</run_address>
         <size>0x15b</size>
         <input_file_ref idref="fl-18"/>
      </object_component>
      <object_component id="oc-b3">
         <name>.debug_frame</name>
         <load_address>0xd76</load_address>
         <run_address>0xd76</run_address>
         <size>0xc0</size>
         <input_file_ref idref="fl-1a"/>
      </object_component>
      <object_component id="oc-c8">
         <name>.debug_frame</name>
         <load_address>0xe36</load_address>
         <run_address>0xe36</run_address>
         <size>0x8c</size>
         <input_file_ref idref="fl-1e"/>
      </object_component>
      <object_component id="oc-ce">
         <name>.debug_frame</name>
         <load_address>0xec2</load_address>
         <run_address>0xec2</run_address>
         <size>0xbc</size>
         <input_file_ref idref="fl-1f"/>
      </object_component>
      <object_component id="oc-d4">
         <name>.debug_frame</name>
         <load_address>0xf7e</load_address>
         <run_address>0xf7e</run_address>
         <size>0xbf7</size>
         <input_file_ref idref="fl-20"/>
      </object_component>
      <object_component id="oc-d9">
         <name>.debug_frame</name>
         <load_address>0x1b75</load_address>
         <run_address>0x1b75</run_address>
         <size>0x8c</size>
         <input_file_ref idref="fl-21"/>
      </object_component>
      <object_component id="oc-112">
         <name>.debug_frame</name>
         <load_address>0x1c01</load_address>
         <run_address>0x1c01</run_address>
         <size>0x8c</size>
         <input_file_ref idref="fl-23"/>
      </object_component>
      <object_component id="oc-117">
         <name>.debug_frame</name>
         <load_address>0x1c8d</load_address>
         <run_address>0x1c8d</run_address>
         <size>0x8c</size>
         <input_file_ref idref="fl-24"/>
      </object_component>
      <object_component id="oc-11c">
         <name>.debug_frame</name>
         <load_address>0x1d19</load_address>
         <run_address>0x1d19</run_address>
         <size>0xb6</size>
         <input_file_ref idref="fl-25"/>
      </object_component>
      <object_component id="oc-121">
         <name>.debug_frame</name>
         <load_address>0x1dcf</load_address>
         <run_address>0x1dcf</run_address>
         <size>0xa7</size>
         <input_file_ref idref="fl-26"/>
      </object_component>
      <object_component id="oc-126">
         <name>.debug_frame</name>
         <load_address>0x1e76</load_address>
         <run_address>0x1e76</run_address>
         <size>0xf5</size>
         <input_file_ref idref="fl-27"/>
      </object_component>
      <object_component id="oc-12b">
         <name>.debug_frame</name>
         <load_address>0x1f6b</load_address>
         <run_address>0x1f6b</run_address>
         <size>0x118</size>
         <input_file_ref idref="fl-28"/>
      </object_component>
      <object_component id="oc-130">
         <name>.debug_frame</name>
         <load_address>0x2083</load_address>
         <run_address>0x2083</run_address>
         <size>0x8c</size>
         <input_file_ref idref="fl-29"/>
      </object_component>
      <object_component id="oc-13b">
         <name>.debug_frame</name>
         <load_address>0x210f</load_address>
         <run_address>0x210f</run_address>
         <size>0xba</size>
         <input_file_ref idref="fl-35"/>
      </object_component>
      <object_component id="oc-147">
         <name>.debug_frame</name>
         <load_address>0x21c9</load_address>
         <run_address>0x21c9</run_address>
         <size>0xbf</size>
         <input_file_ref idref="fl-37"/>
      </object_component>
      <object_component id="oc-14c">
         <name>.debug_frame</name>
         <load_address>0x2288</load_address>
         <run_address>0x2288</run_address>
         <size>0xa1</size>
         <input_file_ref idref="fl-38"/>
      </object_component>
      <object_component id="oc-151">
         <name>.debug_frame</name>
         <load_address>0x2329</load_address>
         <run_address>0x2329</run_address>
         <size>0xa1</size>
         <input_file_ref idref="fl-39"/>
      </object_component>
      <object_component id="oc-156">
         <name>.debug_frame</name>
         <load_address>0x23ca</load_address>
         <run_address>0x23ca</run_address>
         <size>0xa1</size>
         <input_file_ref idref="fl-3a"/>
      </object_component>
      <object_component id="oc-15b">
         <name>.debug_frame</name>
         <load_address>0x246b</load_address>
         <run_address>0x246b</run_address>
         <size>0xcb</size>
         <input_file_ref idref="fl-3b"/>
      </object_component>
      <object_component id="oc-160">
         <name>.debug_frame</name>
         <load_address>0x2536</load_address>
         <run_address>0x2536</run_address>
         <size>0xa1</size>
         <input_file_ref idref="fl-3c"/>
      </object_component>
      <object_component id="oc-54">
         <name>.debug_line</name>
         <load_address>0x0</load_address>
         <run_address>0x0</run_address>
         <size>0x12e</size>
         <input_file_ref idref="fl-4"/>
      </object_component>
      <object_component id="oc-5d">
         <name>.debug_line</name>
         <load_address>0x12e</load_address>
         <run_address>0x12e</run_address>
         <size>0x9c</size>
         <input_file_ref idref="fl-7"/>
      </object_component>
      <object_component id="oc-64">
         <name>.debug_line</name>
         <load_address>0x1ca</load_address>
         <run_address>0x1ca</run_address>
         <size>0x14a</size>
         <input_file_ref idref="fl-9"/>
      </object_component>
      <object_component id="oc-6b">
         <name>.debug_line</name>
         <load_address>0x314</load_address>
         <run_address>0x314</run_address>
         <size>0x91</size>
         <input_file_ref idref="fl-b"/>
      </object_component>
      <object_component id="oc-73">
         <name>.debug_line</name>
         <load_address>0x3a5</load_address>
         <run_address>0x3a5</run_address>
         <size>0x96</size>
         <input_file_ref idref="fl-d"/>
      </object_component>
      <object_component id="oc-78">
         <name>.debug_line</name>
         <load_address>0x43b</load_address>
         <run_address>0x43b</run_address>
         <size>0xb8</size>
         <input_file_ref idref="fl-e"/>
      </object_component>
      <object_component id="oc-7f">
         <name>.debug_line</name>
         <load_address>0x4f3</load_address>
         <run_address>0x4f3</run_address>
         <size>0x213</size>
         <input_file_ref idref="fl-f"/>
      </object_component>
      <object_component id="oc-84">
         <name>.debug_line</name>
         <load_address>0x706</load_address>
         <run_address>0x706</run_address>
         <size>0x7f</size>
         <input_file_ref idref="fl-10"/>
      </object_component>
      <object_component id="oc-8a">
         <name>.debug_line</name>
         <load_address>0x785</load_address>
         <run_address>0x785</run_address>
         <size>0x1d9</size>
         <input_file_ref idref="fl-11"/>
      </object_component>
      <object_component id="oc-93">
         <name>.debug_line</name>
         <load_address>0x95e</load_address>
         <run_address>0x95e</run_address>
         <size>0x1d2</size>
         <input_file_ref idref="fl-13"/>
      </object_component>
      <object_component id="oc-99">
         <name>.debug_line</name>
         <load_address>0xb30</load_address>
         <run_address>0xb30</run_address>
         <size>0x93</size>
         <input_file_ref idref="fl-14"/>
      </object_component>
      <object_component id="oc-a3">
         <name>.debug_line</name>
         <load_address>0xbc3</load_address>
         <run_address>0xbc3</run_address>
         <size>0x131</size>
         <input_file_ref idref="fl-16"/>
      </object_component>
      <object_component id="oc-ac">
         <name>.debug_line</name>
         <load_address>0xcf4</load_address>
         <run_address>0xcf4</run_address>
         <size>0xdf</size>
         <input_file_ref idref="fl-18"/>
      </object_component>
      <object_component id="oc-b4">
         <name>.debug_line</name>
         <load_address>0xdd3</load_address>
         <run_address>0xdd3</run_address>
         <size>0xb3</size>
         <input_file_ref idref="fl-1a"/>
      </object_component>
      <object_component id="oc-b9">
         <name>.debug_line</name>
         <load_address>0xe86</load_address>
         <run_address>0xe86</run_address>
         <size>0x56</size>
         <input_file_ref idref="fl-1b"/>
      </object_component>
      <object_component id="oc-bf">
         <name>.debug_line</name>
         <load_address>0xedc</load_address>
         <run_address>0xedc</run_address>
         <size>0x6e</size>
         <input_file_ref idref="fl-1c"/>
      </object_component>
      <object_component id="oc-c4">
         <name>.debug_line</name>
         <load_address>0xf4a</load_address>
         <run_address>0xf4a</run_address>
         <size>0x55</size>
         <input_file_ref idref="fl-1d"/>
      </object_component>
      <object_component id="oc-c9">
         <name>.debug_line</name>
         <load_address>0xf9f</load_address>
         <run_address>0xf9f</run_address>
         <size>0x3f</size>
         <input_file_ref idref="fl-1e"/>
      </object_component>
      <object_component id="oc-cf">
         <name>.debug_line</name>
         <load_address>0xfde</load_address>
         <run_address>0xfde</run_address>
         <size>0x91</size>
         <input_file_ref idref="fl-1f"/>
      </object_component>
      <object_component id="oc-d5">
         <name>.debug_line</name>
         <load_address>0x106f</load_address>
         <run_address>0x106f</run_address>
         <size>0x75b</size>
         <input_file_ref idref="fl-20"/>
      </object_component>
      <object_component id="oc-da">
         <name>.debug_line</name>
         <load_address>0x17ca</load_address>
         <run_address>0x17ca</run_address>
         <size>0x40</size>
         <input_file_ref idref="fl-21"/>
      </object_component>
      <object_component id="oc-113">
         <name>.debug_line</name>
         <load_address>0x180a</load_address>
         <run_address>0x180a</run_address>
         <size>0x40</size>
         <input_file_ref idref="fl-23"/>
      </object_component>
      <object_component id="oc-118">
         <name>.debug_line</name>
         <load_address>0x184a</load_address>
         <run_address>0x184a</run_address>
         <size>0x43</size>
         <input_file_ref idref="fl-24"/>
      </object_component>
      <object_component id="oc-11d">
         <name>.debug_line</name>
         <load_address>0x188d</load_address>
         <run_address>0x188d</run_address>
         <size>0x93</size>
         <input_file_ref idref="fl-25"/>
      </object_component>
      <object_component id="oc-122">
         <name>.debug_line</name>
         <load_address>0x1920</load_address>
         <run_address>0x1920</run_address>
         <size>0x75</size>
         <input_file_ref idref="fl-26"/>
      </object_component>
      <object_component id="oc-127">
         <name>.debug_line</name>
         <load_address>0x1995</load_address>
         <run_address>0x1995</run_address>
         <size>0xda</size>
         <input_file_ref idref="fl-27"/>
      </object_component>
      <object_component id="oc-12c">
         <name>.debug_line</name>
         <load_address>0x1a6f</load_address>
         <run_address>0x1a6f</run_address>
         <size>0x152</size>
         <input_file_ref idref="fl-28"/>
      </object_component>
      <object_component id="oc-131">
         <name>.debug_line</name>
         <load_address>0x1bc1</load_address>
         <run_address>0x1bc1</run_address>
         <size>0x38</size>
         <input_file_ref idref="fl-29"/>
      </object_component>
      <object_component id="oc-137">
         <name>.debug_line</name>
[...]
         <name>_DINTCH6_ISR</name>
         <value>0x923a</value>
         <object_component_ref idref="oc-d3"/>
      </symbol>
      <symbol id="sm-374">
         <name>_USER12_ISR</name>
         <value>0x90b4</value>
         <object_component_ref idref="oc-d3"/>
      </symbol>
      <symbol id="sm-375">
         <name>_ADCINT_ISR</name>
         <value>0x90e6</value>
         <object_component_ref idref="oc-d3"/>
      </symbol>
      <symbol id="sm-376">
         <name>_USER1_ISR</name>
         <value>0x9046</value>
         <object_component_ref idref="oc-d3"/>
      </symbol>
      <symbol id="sm-377">
         <name>_XINT3_ISR</name>
         <value>0x92bc</value>
         <object_component_ref idref="oc-d3"/>
      </symbol>
      <symbol id="sm-378">
         <name>_EPWM5_INT_ISR</name>
         <value>0x9168</value>
         <object_component_ref idref="oc-d3"/>
      </symbol>
      <symbol id="sm-379">
         <name>_NMI_ISR</name>
         <value>0x9032</value>
         <object_component_ref idref="oc-d3"/>
      </symbol>
      <symbol id="sm-37a">
         <name>_SCITXINTB_ISR</name>
         <value>0x928a</value>
         <object_component_ref idref="oc-d3"/>
      </symbol>
      <symbol id="sm-37b">
         <name>_SCIRXINTB_ISR</name>
         <value>0x9280</value>
         <object_component_ref idref="oc-d3"/>
      </symbol>
      <symbol id="sm-37c">
         <name>_ECAN1INTA_ISR</name>
         <value>0x929e</value>
         <object_component_ref idref="oc-d3"/>
      </symbol>
      <symbol id="sm-37d">
         <name>_ECAP2_INT_ISR</name>
         <value>0x9186</value>
         <object_component_ref idref="oc-d3"/>
      </symbol>
      <symbol id="sm-37e">
         <name>_PIE_RESERVED</name>
         <value>0x9302</value>
         <object_component_ref idref="oc-d3"/>
      </symbol>
      <symbol id="sm-37f">
         <name>_I2CINT1A_ISR</name>
         <value>0x9244</value>
         <object_component_ref idref="oc-d3"/>
      </symbol>
      <symbol id="sm-380">
         <name>_XINT2_ISR</name>
         <value>0x90dc</value>
         <object_component_ref idref="oc-d3"/>
      </symbol>
      <symbol id="sm-381">
         <name>_I2CINT2A_ISR</name>
         <value>0x924e</value>
         <object_component_ref idref="oc-d3"/>
      </symbol>
      <symbol id="sm-382">
         <name>_SCITXINTC_ISR</name>
         <value>0x9262</value>
         <object_component_ref idref="oc-d3"/>
      </symbol>
      <symbol id="sm-383">
         <name>_SCIRXINTC_ISR</name>
         <value>0x9258</value>
         <object_component_ref idref="oc-d3"/>
      </symbol>
      <symbol id="sm-384">
         <name>_RTOSINT_ISR</name>
         <value>0x901e</value>
         <object_component_ref idref="oc-d3"/>
      </symbol>
      <symbol id="sm-385">
         <name>_EPWM3_INT_ISR</name>
         <value>0x9154</value>
         <object_component_ref idref="oc-d3"/>
      </symbol>
      <symbol id="sm-386">
         <name>_ECAN1INTB_ISR</name>
         <value>0x92b2</value>
         <object_component_ref idref="oc-d3"/>
      </symbol>
      <symbol id="sm-387">
         <name>_USER9_ISR</name>
         <value>0x9096</value>
         <object_component_ref idref="oc-d3"/>
      </symbol>
      <symbol id="sm-388">
         <name>_USER3_ISR</name>
         <value>0x905a</value>
         <object_component_ref idref="oc-d3"/>
      </symbol>
      <symbol id="sm-389">
         <name>_EQEP1_INT_ISR</name>
         <value>0x91b8</value>
         <object_component_ref idref="oc-d3"/>
      </symbol>
      <symbol id="sm-38a">
         <name>_MRINTB_ISR</name>
         <value>0x91e0</value>
         <object_component_ref idref="oc-d3"/>
      </symbol>
      <symbol id="sm-38b">
         <name>_DINTCH1_ISR</name>
         <value>0x9208</value>
         <object_component_ref idref="oc-d3"/>
      </symbol>
      <symbol id="sm-38c">
         <name>_USER8_ISR</name>
         <value>0x908c</value>
         <object_component_ref idref="oc-d3"/>
      </symbol>
      <symbol id="sm-38d">
         <name>_EPWM1_INT_ISR</name>
         <value>0x9140</value>
         <object_component_ref idref="oc-d3"/>
      </symbol>
      <symbol id="sm-38e">
         <name>_SEQ2INT_ISR</name>
         <value>0x90c8</value>
         <object_component_ref idref="oc-d3"/>
      </symbol>
      <symbol id="sm-38f">
         <name>_USER2_ISR</name>
         <value>0x9050</value>
         <object_component_ref idref="oc-d3"/>
      </symbol>
      <symbol id="sm-390">
         <name>_LUF_ISR</name>
         <value>0x92f8</value>
         <object_component_ref idref="oc-d3"/>
      </symbol>
      <symbol id="sm-391">
         <name>_LVF_ISR</name>
         <value>0x92ee</value>
         <object_component_ref idref="oc-d3"/>
      </symbol>
      <symbol id="sm-392">
         <name>_SCITXINTA_ISR</name>
         <value>0x9276</value>
         <object_component_ref idref="oc-d3"/>
      </symbol>
      <symbol id="sm-393">
         <name>_SCIRXINTA_ISR</name>
         <value>0x926c</value>
         <object_component_ref idref="oc-d3"/>
      </symbol>
      <symbol id="sm-394">
         <name>_rsvd_ISR</name>
         <value>0x930c</value>
         <object_component_ref idref="oc-d3"/>
      </symbol>
      <symbol id="sm-395">
         <name>_ECAP5_INT_ISR</name>
         <value>0x91a4</value>
         <object_component_ref idref="oc-d3"/>
      </symbol>
      <symbol id="sm-396">
         <name>_DINTCH2_ISR</name>
         <value>0x9212</value>
         <object_component_ref idref="oc-d3"/>
      </symbol>
      <symbol id="sm-397">
         <name>_XINT5_ISR</name>
         <value>0x92d0</value>
         <object_component_ref idref="oc-d3"/>
      </symbol>
      <symbol id="sm-40c">
         <name>_GpioCtrlRegs</name>
         <value>0x6f80</value>
         <object_component_ref idref="oc-100"/>
      </symbol>
      <symbol id="sm-40d">
         <name>_PieVectTable</name>
         <value>0xd00</value>
         <object_component_ref idref="oc-10f"/>
      </symbol>
      <symbol id="sm-40e">
         <name>_ECap4Regs</name>
         <value>0x6a60</value>
         <object_component_ref idref="oc-f0"/>
      </symbol>
      <symbol id="sm-40f">
         <name>_CsmRegs</name>
         <value>0xae0</value>
         <object_component_ref idref="oc-e9"/>
      </symbol>
      <symbol id="sm-410">
         <name>_ECanaLAMRegs</name>
         <value>0x6040</value>
         <object_component_ref idref="oc-105"/>
      </symbol>
      <symbol id="sm-411">
         <name>_ECanbMOTORegs</name>
         <value>0x62c0</value>
         <object_component_ref idref="oc-107"/>
      </symbol>
      <symbol id="sm-412">
         <name>_EPwm4Regs</name>
         <value>0x68c0</value>
         <object_component_ref idref="oc-fd"/>
      </symbol>
      <symbol id="sm-413">
         <name>_ECap5Regs</name>
         <value>0x6a80</value>
         <object_component_ref idref="oc-f5"/>
      </symbol>
      <symbol id="sm-414">
         <name>_CpuTimer1Regs</name>
         <value>0xc08</value>
         <object_component_ref idref="oc-e3"/>
      </symbol>
      <symbol id="sm-415">
         <name>_SysCtrlRegs</name>
         <value>0x7010</value>
         <object_component_ref idref="oc-f4"/>
      </symbol>
      <symbol id="sm-416">
         <name>_EPwm5Regs</name>
         <value>0x6900</value>
         <object_component_ref idref="oc-fa"/>
      </symbol>
      <symbol id="sm-417">
         <name>_SpiaRegs</name>
         <value>0x7040</value>
         <object_component_ref idref="oc-e5"/>
      </symbol>
      <symbol id="sm-418">
         <name>_ECanaMOTSRegs</name>
         <value>0x6080</value>
         <object_component_ref idref="oc-106"/>
      </symbol>
      <symbol id="sm-419">
         <name>_ECap6Regs</name>
         <value>0x6aa0</value>
         <object_component_ref idref="oc-f6"/>
      </symbol>
      <symbol id="sm-41a">
         <name>_DmaRegs</name>
         <value>0x1000</value>
         <object_component_ref idref="oc-10c"/>
      </symbol>
      <symbol id="sm-41b">
         <name>_FlashRegs</name>
         <value>0xa80</value>
         <object_component_ref idref="oc-e1"/>
      </symbol>
      <symbol id="sm-41c">
         <name>_CpuTimer0Regs</name>
         <value>0xc00</value>
         <object_component_ref idref="oc-e2"/>
      </symbol>
      <symbol id="sm-41d">
         <name>_DevEmuRegs</name>
         <value>0x880</value>
         <object_component_ref idref="oc-10b"/>
      </symbol>
      <symbol id="sm-41e">
         <name>_McbspbRegs</name>
         <value>0x5040</value>
         <object_component_ref idref="oc-fe"/>
      </symbol>
      <symbol id="sm-41f">
         <name>_EPwm6Regs</name>
         <value>0x6940</value>
         <object_component_ref idref="oc-fb"/>
      </symbol>
      <symbol id="sm-420">
         <name>_SciaRegs</name>
         <value>0x7050</value>
         <object_component_ref idref="oc-e8"/>
      </symbol>
      <symbol id="sm-421">
         <name>_GpioDataRegs</name>
         <value>0x6fc0</value>
         <object_component_ref idref="oc-f3"/>
      </symbol>
      <symbol id="sm-422">
         <name>_CsmPwl</name>
         <value>0x33fff8</value>
         <object_component_ref idref="oc-e0"/>
      </symbol>
      <symbol id="sm-423">
         <name>_AdcRegs</name>
         <value>0x7100</value>
         <object_component_ref idref="oc-ed"/>
      </symbol>
      <symbol id="sm-424">
         <name>_XIntruptRegs</name>
         <value>0x7070</value>
         <object_component_ref idref="oc-eb"/>
      </symbol>
      <symbol id="sm-425">
         <name>_CpuTimer2Regs</name>
         <value>0xc10</value>
         <object_component_ref idref="oc-df"/>
      </symbol>
      <symbol id="sm-426">
         <name>_PieCtrlRegs</name>
         <value>0xce0</value>
         <object_component_ref idref="oc-ec"/>
      </symbol>
      <symbol id="sm-427">
         <name>_ECanbMOTSRegs</name>
         <value>0x6280</value>
         <object_component_ref idref="oc-104"/>
      </symbol>
      <symbol id="sm-428">
         <name>_ECanaRegs</name>
         <value>0x6000</value>
         <object_component_ref idref="oc-101"/>
      </symbol>
      <symbol id="sm-429">
         <name>_AdcMirror</name>
         <value>0xb00</value>
         <object_component_ref idref="oc-ea"/>
      </symbol>
      <symbol id="sm-42a">
         <name>_ECanbMboxes</name>
         <value>0x6300</value>
         <object_component_ref idref="oc-10d"/>
      </symbol>
      <symbol id="sm-42b">
         <name>_XintfRegs</name>
         <value>0xb20</value>
         <object_component_ref idref="oc-ee"/>
      </symbol>
      <symbol id="sm-42c">
         <name>_ScicRegs</name>
         <value>0x7770</value>
         <object_component_ref idref="oc-e7"/>
      </symbol>
      <symbol id="sm-42d">
         <name>_ECap1Regs</name>
         <value>0x6a00</value>
         <object_component_ref idref="oc-f1"/>
      </symbol>
      <symbol id="sm-42e">
         <name>_EQep1Regs</name>
         <value>0x6b00</value>
         <object_component_ref idref="oc-108"/>
      </symbol>
      <symbol id="sm-42f">
         <name>_McbspaRegs</name>
         <value>0x5000</value>
         <object_component_ref idref="oc-ff"/>
      </symbol>
      <symbol id="sm-430">
         <name>_EPwm1Regs</name>
         <value>0x6800</value>
         <object_component_ref idref="oc-fc"/>
      </symbol>
      <symbol id="sm-431">
         <name>_ECanbRegs</name>
         <value>0x6200</value>
         <object_component_ref idref="oc-102"/>
      </symbol>
      <symbol id="sm-432">
         <name>_ScibRegs</name>
         <value>0x7750</value>
         <object_component_ref idref="oc-e6"/>
      </symbol>
      <symbol id="sm-433">
         <name>_ECap2Regs</name>
         <value>0x6a20</value>
         <object_component_ref idref="oc-f2"/>
      </symbol>
      <symbol id="sm-434">
         <name>_GpioIntRegs</name>
         <value>0x6fe0</value>
         <object_component_ref idref="oc-e4"/>
      </symbol>
      <symbol id="sm-435">
         <name>_EQep2Regs</name>
         <value>0x6b40</value>
         <object_component_ref idref="oc-109"/>
      </symbol>
      <symbol id="sm-436">
         <name>_PartIdRegs</name>
         <value>0x380090</value>
         <object_component_ref idref="oc-de"/>
      </symbol>
      <symbol id="sm-437">
         <name>_EPwm2Regs</name>
         <value>0x6840</value>
         <object_component_ref idref="oc-f7"/>
      </symbol>
      <symbol id="sm-438">
         <name>_ECanaMboxes</name>
         <value>0x6100</value>
         <object_component_ref idref="oc-10e"/>
      </symbol>
      <symbol id="sm-439">
         <name>_ECap3Regs</name>
         <value>0x6a40</value>
         <object_component_ref idref="oc-ef"/>
      </symbol>
      <symbol id="sm-43a">
         <name>_ECanaMOTORegs</name>
         <value>0x60c0</value>
         <object_component_ref idref="oc-103"/>
      </symbol>
      <symbol id="sm-43b">
         <name>_EPwm3Regs</name>
         <value>0x6880</value>
         <object_component_ref idref="oc-f8"/>
      </symbol>
      <symbol id="sm-43c">
         <name>_ECanbLAMRegs</name>
         <value>0x6240</value>
         <object_component_ref idref="oc-10a"/>
      </symbol>
      <symbol id="sm-43d">
         <name>_I2caRegs</name>
         <value>0x7900</value>
         <object_component_ref idref="oc-f9"/>
      </symbol>
      <symbol id="sm-45e">
         <name>_InitPieCtrl</name>
         <value>0x9ee2</value>
         <object_component_ref idref="oc-177"/>
      </symbol>
      <symbol id="sm-45f">
         <name>_EnableInterrupts</name>
         <value>0x9f01</value>
         <object_component_ref idref="oc-177"/>
      </symbol>
      <symbol id="sm-470">
         <name>_PieVectTableInit</name>
         <value>0xd000</value>
         <object_component_ref idref="oc-17c"/>
      </symbol>
      <symbol id="sm-471">
         <name>_InitPieVectTable</name>
         <value>0x9f0a</value>
         <object_component_ref idref="oc-178"/>
      </symbol>
      <symbol id="sm-47e">
         <name>_InitScicGpio</name>
         <value>0x9d68</value>
         <object_component_ref idref="oc-182"/>
      </symbol>
      <symbol id="sm-47f">
         <name>_InitScibGpio</name>
         <value>0x9d54</value>
         <object_component_ref idref="oc-182"/>
      </symbol>
      <symbol id="sm-480">
         <name>_InitSciaGpio</name>
         <value>0x9d3e</value>
         <object_component_ref idref="oc-182"/>
      </symbol>
      <symbol id="sm-481">
         <name>_InitSciGpio</name>
         <value>0x9d37</value>
         <object_component_ref idref="oc-182"/>
      </symbol>
      <symbol id="sm-482">
         <name>_InitSci</name>
         <value>0x9d36</value>
         <object_component_ref idref="oc-182"/>
      </symbol>
      <symbol id="sm-498">
         <name>_InitPll</name>
         <value>0x9815</value>
         <object_component_ref idref="oc-176"/>
      </symbol>
      <symbol id="sm-499">
         <name>_DisableDog</name>
         <value>0x980d</value>
         <object_component_ref idref="oc-176"/>
      </symbol>
      <symbol id="sm-49a">
         <name>_InitPeripheralClocks</name>
         <value>0x9866</value>
         <object_component_ref idref="oc-176"/>
      </symbol>
      <symbol id="sm-49b">
         <name>_CsmUnlock</name>
         <value>0x98bf</value>
         <object_component_ref idref="oc-176"/>
      </symbol>
      <symbol id="sm-49c">
         <name>_ServiceDog</name>
         <value>0x9803</value>
         <object_component_ref idref="oc-176"/>
      </symbol>
      <symbol id="sm-49d">
         <name>_InitSysCtrl</name>
         <value>0x97fa</value>
         <object_component_ref idref="oc-176"/>
      </symbol>
      <symbol id="sm-4c4">
         <name>_c_int00</name>
         <value>0x9c44</value>
         <object_component_ref idref="oc-4d"/>
      </symbol>
      <symbol id="sm-4c5">
         <name>__stack</name>
         <value>0x400</value>
         <object_component_ref idref="oc-134"/>
      </symbol>
      <symbol id="sm-4db">
         <name>_copy_in</name>
         <value>0x9dca</value>
         <object_component_ref idref="oc-165"/>
      </symbol>
      <symbol id="sm-4ea">
         <name>_ppcopy</name>
         <value>0x9f66</value>
         <object_component_ref idref="oc-13f"/>
      </symbol>
      <symbol id="sm-4eb">
         <name>_dpcopy</name>
         <value>0x9f66</value>
         <object_component_ref idref="oc-13f"/>
      </symbol>
      <symbol id="sm-4ec">
         <name>_pdcopy</name>
         <value>0x9f66</value>
         <object_component_ref idref="oc-13f"/>
      </symbol>
      <symbol id="sm-4ed">
         <name>_ddcopy</name>
         <value>0x9f66</value>
         <object_component_ref idref="oc-13f"/>
      </symbol>
      <symbol id="sm-502">
         <name>C$$EXIT</name>
         <value>0x9eb9</value>
         <object_component_ref idref="oc-168"/>
      </symbol>
      <symbol id="sm-503">
         <name>_exit</name>
         <value>0x9ebb</value>
         <object_component_ref idref="oc-168"/>
      </symbol>
      <symbol id="sm-504">
         <name>___TI_cleanup_ptr</name>
         <value>0xc278</value>
         <object_component_ref idref="oc-146"/>
      </symbol>
      <symbol id="sm-505">
         <name>___TI_enable_exit_profile_output</name>
         <value>0xc276</value>
         <object_component_ref idref="oc-146"/>
      </symbol>
      <symbol id="sm-506">
         <name>_abort</name>
         <value>0x9eb9</value>
         <object_component_ref idref="oc-168"/>
      </symbol>
      <symbol id="sm-507">
         <name>___TI_dtors_ptr</name>
         <value>0xc27a</value>
         <object_component_ref idref="oc-146"/>
      </symbol>
      <symbol id="sm-519">
         <name>_memcpy</name>
         <value>0x9f48</value>
         <object_component_ref idref="oc-172"/>
      </symbol>
      <symbol id="sm-526">
         <name>__system_pre_init</name>
         <value>0x9faa</value>
         <object_component_ref idref="oc-164"/>
      </symbol>
      <symbol id="sm-533">
         <name>__system_post_cinit</name>
         <value>0x9fac</value>
         <object_component_ref idref="oc-166"/>
      </symbol>
      <symbol id="sm-548">
         <name>__unlock</name>
         <value>0xc27e</value>
         <object_component_ref idref="oc-17f"/>
      </symbol>
      <symbol id="sm-549">
         <name>__lock</name>
         <value>0xc27c</value>
         <object_component_ref idref="oc-170"/>
      </symbol>
      <symbol id="sm-54a">
         <name>__register_lock</name>
         <value>0x9f9d</value>
         <object_component_ref idref="oc-17a"/>
      </symbol>
      <symbol id="sm-54b">
         <name>__nop</name>
         <value>0x9fa1</value>
         <object_component_ref idref="oc-17a"/>
      </symbol>
      <symbol id="sm-54c">
         <name>__register_unlock</name>
         <value>0x9f99</value>
         <object_component_ref idref="oc-17a"/>
      </symbol>
      <symbol id="sm-55c">
         <name>__args_main</name>
         <value>0x9f80</value>
         <object_component_ref idref="oc-167"/>
      </symbol>
   </symbol_table>
   <title>Link successful</title>
</link_info>
